Archive member included to satisfy reference by file (symbol)

C:/ST/STM32CubeCLT_1.16.0/GNU-tools-for-STM32/bin/../lib/gcc/arm-none-eabi/12.3.1/../../../../arm-none-eabi/lib/thumb/v7e-m+dp/hard\libc_nano.a(libc_a-exit.o)
                              C:/ST/STM32CubeCLT_1.16.0/GNU-tools-for-STM32/bin/../lib/gcc/arm-none-eabi/12.3.1/../../../../arm-none-eabi/lib/thumb/v7e-m+dp/hard/crt0.o (exit)
C:/ST/STM32CubeCLT_1.16.0/GNU-tools-for-STM32/bin/../lib/gcc/arm-none-eabi/12.3.1/../../../../arm-none-eabi/lib/thumb/v7e-m+dp/hard\libc_nano.a(libc_a-findfp.o)
                              C:/ST/STM32CubeCLT_1.16.0/GNU-tools-for-STM32/bin/../lib/gcc/arm-none-eabi/12.3.1/../../../../arm-none-eabi/lib/thumb/v7e-m+dp/hard\libc_nano.a(libc_a-exit.o) (__stdio_exit_handler)
C:/ST/STM32CubeCLT_1.16.0/GNU-tools-for-STM32/bin/../lib/gcc/arm-none-eabi/12.3.1/../../../../arm-none-eabi/lib/thumb/v7e-m+dp/hard\libc_nano.a(libc_a-fwalk.o)
                              C:/ST/STM32CubeCLT_1.16.0/GNU-tools-for-STM32/bin/../lib/gcc/arm-none-eabi/12.3.1/../../../../arm-none-eabi/lib/thumb/v7e-m+dp/hard\libc_nano.a(libc_a-findfp.o) (_fwalk_sglue)
C:/ST/STM32CubeCLT_1.16.0/GNU-tools-for-STM32/bin/../lib/gcc/arm-none-eabi/12.3.1/../../../../arm-none-eabi/lib/thumb/v7e-m+dp/hard\libc_nano.a(libc_a-stdio.o)
                              C:/ST/STM32CubeCLT_1.16.0/GNU-tools-for-STM32/bin/../lib/gcc/arm-none-eabi/12.3.1/../../../../arm-none-eabi/lib/thumb/v7e-m+dp/hard\libc_nano.a(libc_a-findfp.o) (__sread)
C:/ST/STM32CubeCLT_1.16.0/GNU-tools-for-STM32/bin/../lib/gcc/arm-none-eabi/12.3.1/../../../../arm-none-eabi/lib/thumb/v7e-m+dp/hard\libc_nano.a(libc_a-memset.o)
                              C:/ST/STM32CubeCLT_1.16.0/GNU-tools-for-STM32/bin/../lib/gcc/arm-none-eabi/12.3.1/../../../../arm-none-eabi/lib/thumb/v7e-m+dp/hard/crt0.o (memset)
C:/ST/STM32CubeCLT_1.16.0/GNU-tools-for-STM32/bin/../lib/gcc/arm-none-eabi/12.3.1/../../../../arm-none-eabi/lib/thumb/v7e-m+dp/hard\libc_nano.a(libc_a-closer.o)
                              C:/ST/STM32CubeCLT_1.16.0/GNU-tools-for-STM32/bin/../lib/gcc/arm-none-eabi/12.3.1/../../../../arm-none-eabi/lib/thumb/v7e-m+dp/hard\libc_nano.a(libc_a-stdio.o) (_close_r)
C:/ST/STM32CubeCLT_1.16.0/GNU-tools-for-STM32/bin/../lib/gcc/arm-none-eabi/12.3.1/../../../../arm-none-eabi/lib/thumb/v7e-m+dp/hard\libc_nano.a(libc_a-reent.o)
                              C:/ST/STM32CubeCLT_1.16.0/GNU-tools-for-STM32/bin/../lib/gcc/arm-none-eabi/12.3.1/../../../../arm-none-eabi/lib/thumb/v7e-m+dp/hard\libc_nano.a(libc_a-closer.o) (errno)
C:/ST/STM32CubeCLT_1.16.0/GNU-tools-for-STM32/bin/../lib/gcc/arm-none-eabi/12.3.1/../../../../arm-none-eabi/lib/thumb/v7e-m+dp/hard\libc_nano.a(libc_a-impure.o)
                              C:/ST/STM32CubeCLT_1.16.0/GNU-tools-for-STM32/bin/../lib/gcc/arm-none-eabi/12.3.1/../../../../arm-none-eabi/lib/thumb/v7e-m+dp/hard\libc_nano.a(libc_a-reent.o) (_impure_ptr)
C:/ST/STM32CubeCLT_1.16.0/GNU-tools-for-STM32/bin/../lib/gcc/arm-none-eabi/12.3.1/../../../../arm-none-eabi/lib/thumb/v7e-m+dp/hard\libc_nano.a(libc_a-lseekr.o)
                              C:/ST/STM32CubeCLT_1.16.0/GNU-tools-for-STM32/bin/../lib/gcc/arm-none-eabi/12.3.1/../../../../arm-none-eabi/lib/thumb/v7e-m+dp/hard\libc_nano.a(libc_a-stdio.o) (_lseek_r)
C:/ST/STM32CubeCLT_1.16.0/GNU-tools-for-STM32/bin/../lib/gcc/arm-none-eabi/12.3.1/../../../../arm-none-eabi/lib/thumb/v7e-m+dp/hard\libc_nano.a(libc_a-readr.o)
                              C:/ST/STM32CubeCLT_1.16.0/GNU-tools-for-STM32/bin/../lib/gcc/arm-none-eabi/12.3.1/../../../../arm-none-eabi/lib/thumb/v7e-m+dp/hard\libc_nano.a(libc_a-stdio.o) (_read_r)
C:/ST/STM32CubeCLT_1.16.0/GNU-tools-for-STM32/bin/../lib/gcc/arm-none-eabi/12.3.1/../../../../arm-none-eabi/lib/thumb/v7e-m+dp/hard\libc_nano.a(libc_a-writer.o)
                              C:/ST/STM32CubeCLT_1.16.0/GNU-tools-for-STM32/bin/../lib/gcc/arm-none-eabi/12.3.1/../../../../arm-none-eabi/lib/thumb/v7e-m+dp/hard\libc_nano.a(libc_a-stdio.o) (_write_r)
C:/ST/STM32CubeCLT_1.16.0/GNU-tools-for-STM32/bin/../lib/gcc/arm-none-eabi/12.3.1/../../../../arm-none-eabi/lib/thumb/v7e-m+dp/hard\libc_nano.a(libc_a-init.o)
                              C:/ST/STM32CubeCLT_1.16.0/GNU-tools-for-STM32/bin/../lib/gcc/arm-none-eabi/12.3.1/../../../../arm-none-eabi/lib/thumb/v7e-m+dp/hard/crt0.o (__libc_init_array)
C:/ST/STM32CubeCLT_1.16.0/GNU-tools-for-STM32/bin/../lib/gcc/arm-none-eabi/12.3.1/../../../../arm-none-eabi/lib/thumb/v7e-m+dp/hard\libc_nano.a(libc_a-lock.o)
                              C:/ST/STM32CubeCLT_1.16.0/GNU-tools-for-STM32/bin/../lib/gcc/arm-none-eabi/12.3.1/../../../../arm-none-eabi/lib/thumb/v7e-m+dp/hard\libc_nano.a(libc_a-findfp.o) (__retarget_lock_init_recursive)
C:/ST/STM32CubeCLT_1.16.0/GNU-tools-for-STM32/bin/../lib/gcc/arm-none-eabi/12.3.1/../../../../arm-none-eabi/lib/thumb/v7e-m+dp/hard\libc_nano.a(libc_a-freer.o)
[...]
Memory Configuration

Name             Origin             Length             Attributes
DTCMRAM          0x20000000         0x00020000         xrw
RAM              0x24000000         0x00080000         xrw
RAM_D2           0x30000000         0x00048000         xrw
RAM_D3           0x38000000         0x00010000         xrw
ITCMRAM          0x00000000         0x00010000         xrw
FLASH            0x08000000         0x00200000         xr
*default*        0x00000000         0xffffffff

Linker script and memory map

LOAD C:/ST/STM32CubeCLT_1.16.0/GNU-tools-for-STM32/bin/../lib/gcc/arm-none-eabi/12.3.1/thumb/v7e-m+dp/hard/crti.o
LOAD C:/ST/STM32CubeCLT_1.16.0/GNU-tools-for-STM32/bin/../lib/gcc/arm-none-eabi/12.3.1/thumb/v7e-m+dp/hard/crtbegin.o
LOAD C:/ST/STM32CubeCLT_1.16.0/GNU-tools-for-STM32/bin/../lib/gcc/arm-none-eabi/12.3.1/../../../../arm-none-eabi/lib/thumb/v7e-m+dp/hard/crt0.o
START GROUP
LOAD C:/ST/STM32CubeCLT_1.16.0/GNU-tools-for-STM32/bin/../lib/gcc/arm-none-eabi/12.3.1/../../../../arm-none-eabi/lib/thumb/v7e-m+dp/hard\libc_nano.a
LOAD C:/ST/STM32CubeCLT_1.16.0/GNU-tools-for-STM32/bin/../lib/gcc/arm-none-eabi/12.3.1/../../../../arm-none-eabi/lib/thumb/v7e-m+dp/hard\libm.a
END GROUP
LOAD CMakeFiles/AML_Micromouse_24_2.dir/Core/Src/main.c.obj
LOAD CMakeFiles/AML_Micromouse_24_2.dir/Core/Src/stm32h7xx_it.c.obj
LOAD CMakeFiles/AML_Micromouse_24_2.dir/Core/Src/stm32h7xx_hal_msp.c.obj
LOAD CMakeFiles/AML_Micromouse_24_2.dir/Drivers/STM32H7xx_HAL_Driver/Src/stm32h7xx_hal_adc.c.obj
LOAD CMakeFiles/AML_Micromouse_24_2.dir/Drivers/STM32H7xx_HAL_Driver/Src/stm32h7xx_hal_adc_ex.c.obj
LOAD CMakeFiles/AML_Micromouse_24_2.dir/Drivers/STM32H7xx_HAL_Driver/Src/stm32h7xx_hal_rcc.c.obj
LOAD CMakeFiles/AML_Micromouse_24_2.dir/Drivers/STM32H7xx_HAL_Driver/Src/stm32h7xx_hal_rcc_ex.c.obj
LOAD CMakeFiles/AML_Micromouse_24_2.dir/Drivers/STM32H7xx_HAL_Driver/Src/stm32h7xx_hal_flash.c.obj
LOAD CMakeFiles/AML_Micromouse_24_2.dir/Drivers/STM32H7xx_HAL_Driver/Src/stm32h7xx_hal_flash_ex.c.obj
LOAD CMakeFiles/AML_Micromouse_24_2.dir/Drivers/STM32H7xx_HAL_Driver/Src/stm32h7xx_hal_gpio.c.obj
LOAD CMakeFiles/AML_Micromouse_24_2.dir/Drivers/STM32H7xx_HAL_Driver/Src/stm32h7xx_hal_hsem.c.obj
LOAD CMakeFiles/AML_Micromouse_24_2.dir/Drivers/STM32H7xx_HAL_Driver/Src/stm32h7xx_hal_dma.c.obj
LOAD CMakeFiles/AML_Micromouse_24_2.dir/Drivers/STM32H7xx_HAL_Driver/Src/stm32h7xx_hal_dma_ex.c.obj
LOAD CMakeFiles/AML_Micromouse_24_2.dir/Drivers/STM32H7xx_HAL_Driver/Src/stm32h7xx_hal_mdma.c.obj
LOAD CMakeFiles/AML_Micromouse_24_2.dir/Drivers/STM32H7xx_HAL_Driver/Src/stm32h7xx_hal_pwr.c.obj
LOAD CMakeFiles/AML_Micromouse_24_2.dir/Drivers/STM32H7xx_HAL_Driver/Src/stm32h7xx_hal_pwr_ex.c.obj
LOAD CMakeFiles/AML_Micromouse_24_2.dir/Drivers/STM32H7xx_HAL_Driver/Src/stm32h7xx_hal_cortex.c.obj
LOAD CMakeFiles/AML_Micromouse_24_2.dir/Drivers/STM32H7xx_HAL_Driver/Src/stm32h7xx_hal.c.obj
LOAD CMakeFiles/AML_Micromouse_24_2.dir/Drivers/STM32H7xx_HAL_Driver/Src/stm32h7xx_hal_i2c.c.obj
LOAD CMakeFiles/AML_Micromouse_24_2.dir/Drivers/STM32H7xx_HAL_Driver/Src/stm32h7xx_hal_i2c_ex.c.obj
LOAD CMakeFiles/AML_Micromouse_24_2.dir/Drivers/STM32H7xx_HAL_Driver/Src/stm32h7xx_hal_exti.c.obj
LOAD CMakeFiles/AML_Micromouse_24_2.dir/Drivers/STM32H7xx_HAL_Driver/Src/stm32h7xx_hal_ramecc.c.obj
LOAD CMakeFiles/AML_Micromouse_24_2.dir/Drivers/STM32H7xx_HAL_Driver/Src/stm32h7xx_hal_tim.c.obj
LOAD CMakeFiles/AML_Micromouse_24_2.dir/Drivers/STM32H7xx_HAL_Driver/Src/stm32h7xx_hal_tim_ex.c.obj
LOAD CMakeFiles/AML_Micromouse_24_2.dir/Drivers/STM32H7xx_HAL_Driver/Src/stm32h7xx_hal_uart.c.obj
LOAD CMakeFiles/AML_Micromouse_24_2.dir/Drivers/STM32H7xx_HAL_Driver/Src/stm32h7xx_hal_uart_ex.c.obj
LOAD CMakeFiles/AML_Micromouse_24_2.dir/Core/Src/system_stm32h7xx.c.obj
LOAD CMakeFiles/AML_Micromouse_24_2.dir/Core/Src/sysmem.c.obj
LOAD CMakeFiles/AML_Micromouse_24_2.dir/Core/Src/syscalls.c.obj
LOAD CMakeFiles/AML_Micromouse_24_2.dir/startup_stm32h743xx.s.obj
START GROUP
LOAD C:/ST/STM32CubeCLT_1.16.0/GNU-tools-for-STM32/bin/../lib/gcc/arm-none-eabi/12.3.1/thumb/v7e-m+dp/hard\libgcc.a
LOAD C:/ST/STM32CubeCLT_1.16.0/GNU-tools-for-STM32/bin/../lib/gcc/arm-none-eabi/12.3.1/../../../../arm-none-eabi/lib/thumb/v7e-m+dp/hard\libg_nano.a
LOAD C:/ST/STM32CubeCLT_1.16.0/GNU-tools-for-STM32/bin/../lib/gcc/arm-none-eabi/12.3.1/../../../../arm-none-eabi/lib/thumb/v7e-m+dp/hard\libc_nano.a
END GROUP
START GROUP
LOAD C:/ST/STM32CubeCLT_1.16.0/GNU-tools-for-STM32/bin/../lib/gcc/arm-none-eabi/12.3.1/thumb/v7e-m+dp/hard\libgcc.a
LOAD C:/ST/STM32CubeCLT_1.16.0/GNU-tools-for-STM32/bin/../lib/gcc/arm-none-eabi/12.3.1/../../../../arm-none-eabi/lib/thumb/v7e-m+dp/hard\libc_nano.a
END GROUP
LOAD C:/ST/STM32CubeCLT_1.16.0/GNU-tools-for-STM32/bin/../lib/gcc/arm-none-eabi/12.3.1/thumb/v7e-m+dp/hard/crtend.o
LOAD C:/ST/STM32CubeCLT_1.16.0/GNU-tools-for-STM32/bin/../lib/gcc/arm-none-eabi/12.3.1/thumb/v7e-m+dp/hard/crtn.o
                0x20020000                        _estack = (ORIGIN (DTCMRAM) + LENGTH (DTCMRAM))
                0x00000200                        _Min_Heap_Size = 0x200
                0x00000400                        _Min_Stack_Size = 0x400

.isr_vector     0x08000000      0x298
                0x08000000                        . = ALIGN (0x4)
 *(.isr_vector)
 .isr_vector    0x08000000      0x298 CMakeFiles/AML_Micromouse_24_2.dir/startup_stm32h743xx.s.obj
                0x08000000                g_pfnVectors
                0x08000298                        . = ALIGN (0x4)

.text           0x08000298     0xc3ac
                0x08000298                        . = ALIGN (0x4)
 *(.text)
 .text          0x08000298       0x40 C:/ST/STM32CubeCLT_1.16.0/GNU-tools-for-STM32/bin/../lib/gcc/arm-none-eabi/12.3.1/thumb/v7e-m+dp/hard/crtbegin.o
 .text          0x080002d8       0x30 C:/ST/STM32CubeCLT_1.16.0/GNU-tools-for-STM32/bin/../lib/gcc/arm-none-eabi/12.3.1/thumb/v7e-m+dp/hard\libgcc.a(_aeabi_uldivmod.o)
                0x080002d8                __aeabi_uldivmod
 .text          0x08000308      0x2bc C:/ST/STM32CubeCLT_1.16.0/GNU-tools-for-STM32/bin/../lib/gcc/arm-none-eabi/12.3.1/thumb/v7e-m+dp/hard\libgcc.a(_udivmoddi4.o)
                0x08000308                __udivmoddi4
 .text          0x080005c4        0x4 C:/ST/STM32CubeCLT_1.16.0/GNU-tools-for-STM32/bin/../lib/gcc/arm-none-eabi/12.3.1/thumb/v7e-m+dp/hard\libgcc.a(_dvmd_tls.o)
                0x080005c4                __aeabi_idiv0
                0x080005c4                __aeabi_ldiv0
 *(.text*)
 .text.memset   0x080005c8       0x10 C:/ST/STM32CubeCLT_1.16.0/GNU-tools-for-STM32/bin/../lib/gcc/arm-none-eabi/12.3.1/../../../../arm-none-eabi/lib/thumb/v7e-m+dp/hard\libc_nano.a(libc_a-memset.o)
                0x080005c8                memset
 .text.__libc_init_array
                0x080005d8       0x48 C:/ST/STM32CubeCLT_1.16.0/GNU-tools-for-STM32/bin/../lib/gcc/arm-none-eabi/12.3.1/../../../../arm-none-eabi/lib/thumb/v7e-m+dp/hard\libc_nano.a(libc_a-init.o)
                0x080005d8                __libc_init_array
 .text.main     0x08000620       0xb8 CMakeFiles/AML_Micromouse_24_2.dir/Core/Src/main.c.obj
                0x08000620                main
 .text.SystemClock_Config
                0x080006d8      0x15c CMakeFiles/AML_Micromouse_24_2.dir/Core/Src/main.c.obj
                0x080006d8                SystemClock_Config
 .text.MX_ADC1_Init
                0x08000834      0x18c CMakeFiles/AML_Micromouse_24_2.dir/Core/Src/main.c.obj
 .text.MX_I2C2_Init
                0x080009c0       0x80 CMakeFiles/AML_Micromouse_24_2.dir/Core/Src/main.c.obj
 .text.MX_RAMECC_Init
                0x08000a40      0x170 CMakeFiles/AML_Micromouse_24_2.dir/Core/Src/main.c.obj
 .text.MX_TIM1_Init
                0x08000bb0      0x170 CMakeFiles/AML_Micromouse_24_2.dir/Core/Src/main.c.obj
 .text.MX_TIM2_Init
                0x08000d20       0xa8 CMakeFiles/AML_Micromouse_24_2.dir/Core/Src/main.c.obj
 .text.MX_TIM4_Init
                0x08000dc8       0xf4 CMakeFiles/AML_Micromouse_24_2.dir/Core/Src/main.c.obj
 .text.MX_TIM5_Init
                0x08000ebc       0xac CMakeFiles/AML_Micromouse_24_2.dir/Core/Src/main.c.obj
 .text.MX_USART3_UART_Init
                0x08000f68       0x98 CMakeFiles/AML_Micromouse_24_2.dir/Core/Src/main.c.obj
 .text.MX_DMA_Init
                0x08001000       0x40 CMakeFiles/AML_Micromouse_24_2.dir/Core/Src/main.c.obj
 .text.MX_GPIO_Init
                0x08001040      0x194 CMakeFiles/AML_Micromouse_24_2.dir/Core/Src/main.c.obj
 .text.MPU_Config
                0x080011d4       0x58 CMakeFiles/AML_Micromouse_24_2.dir/Core/Src/main.c.obj
 .text.Error_Handler
                0x0800122c        0xc CMakeFiles/AML_Micromouse_24_2.dir/Core/Src/main.c.obj
                0x0800122c                Error_Handler
 .text.NMI_Handler
                0x08001238        0x8 CMakeFiles/AML_Micromouse_24_2.dir/Core/Src/stm32h7xx_it.c.obj
                0x08001238                NMI_Handler
 .text.HardFault_Handler
                0x08001240        0x8 CMakeFiles/AML_Micromouse_24_2.dir/Core/Src/stm32h7xx_it.c.obj
                0x08001240                HardFault_Handler
 .text.MemManage_Handler
                0x08001248        0x8 CMakeFiles/AML_Micromouse_24_2.dir/Core/Src/stm32h7xx_it.c.obj
                0x08001248                MemManage_Handler
 .text.BusFault_Handler
                0x08001250        0x8 CMakeFiles/AML_Micromouse_24_2.dir/Core/Src/stm32h7xx_it.c.obj
                0x08001250                BusFault_Handler
 .text.UsageFault_Handler
                0x08001258        0x8 CMakeFiles/AML_Micromouse_24_2.dir/Core/Src/stm32h7xx_it.c.obj
                0x08001258                UsageFault_Handler
 .text.SVC_Handler
                0x08001260        0xe CMakeFiles/AML_Micromouse_24_2.dir/Core/Src/stm32h7xx_it.c.obj
                0x08001260                SVC_Handler
 .text.DebugMon_Handler
                0x0800126e        0xe CMakeFiles/AML_Micromouse_24_2.dir/Core/Src/stm32h7xx_it.c.obj
                0x0800126e                DebugMon_Handler
 .text.PendSV_Handler
                0x0800127c        0xe CMakeFiles/AML_Micromouse_24_2.dir/Core/Src/stm32h7xx_it.c.obj
                0x0800127c                PendSV_Handler
 .text.SysTick_Handler
                0x0800128a        0xc CMakeFiles/AML_Micromouse_24_2.dir/Core/Src/stm32h7xx_it.c.obj
                0x0800128a                SysTick_Handler
 *fill*         0x08001296        0x2 
 .text.DMA1_Stream0_IRQHandler
                0x08001298       0x14 CMakeFiles/AML_Micromouse_24_2.dir/Core/Src/stm32h7xx_it.c.obj
                0x08001298                DMA1_Stream0_IRQHandler
 .text.ADC_IRQHandler
                0x080012ac       0x14 CMakeFiles/AML_Micromouse_24_2.dir/Core/Src/stm32h7xx_it.c.obj
                0x080012ac                ADC_IRQHandler
 .text.USART3_IRQHandler
                0x080012c0       0x14 CMakeFiles/AML_Micromouse_24_2.dir/Core/Src/stm32h7xx_it.c.obj
                0x080012c0                USART3_IRQHandler
 .text.HAL_MspInit
                0x080012d4       0x34 CMakeFiles/AML_Micromouse_24_2.dir/Core/Src/stm32h7xx_hal_msp.c.obj
                0x080012d4                HAL_MspInit
 .text.HAL_ADC_MspInit
                0x08001308      0x178 CMakeFiles/AML_Micromouse_24_2.dir/Core/Src/stm32h7xx_hal_msp.c.obj
                0x08001308                HAL_ADC_MspInit
 .text.HAL_I2C_MspInit
                0x08001480       0xd4 CMakeFiles/AML_Micromouse_24_2.dir/Core/Src/stm32h7xx_hal_msp.c.obj
                0x08001480                HAL_I2C_MspInit
 .text.HAL_TIM_Base_MspInit
                0x08001554       0x74 CMakeFiles/AML_Micromouse_24_2.dir/Core/Src/stm32h7xx_hal_msp.c.obj
                0x08001554                HAL_TIM_Base_MspInit
 .text.HAL_TIM_Encoder_MspInit
                0x080015c8      0x140 CMakeFiles/AML_Micromouse_24_2.dir/Core/Src/stm32h7xx_hal_msp.c.obj
                0x080015c8                HAL_TIM_Encoder_MspInit
 .text.HAL_TIM_MspPostInit
                0x08001708       0xcc CMakeFiles/AML_Micromouse_24_2.dir/Core/Src/stm32h7xx_hal_msp.c.obj
                0x08001708                HAL_TIM_MspPostInit
 .text.HAL_UART_MspInit
                0x080017d4      0x148 CMakeFiles/AML_Micromouse_24_2.dir/Core/Src/stm32h7xx_hal_msp.c.obj
                0x080017d4                HAL_UART_MspInit
 .text.LL_ADC_SetCommonClock
                0x0800191c       0x26 CMakeFiles/AML_Micromouse_24_2.dir/Drivers/STM32H7xx_HAL_Driver/Src/stm32h7xx_hal_adc.c.obj
 .text.LL_ADC_SetCommonPathInternalCh
                0x08001942       0x26 CMakeFiles/AML_Micromouse_24_2.dir/Drivers/STM32H7xx_HAL_Driver/Src/stm32h7xx_hal_adc.c.obj
 .text.LL_ADC_GetCommonPathInternalCh
                0x08001968       0x1c CMakeFiles/AML_Micromouse_24_2.dir/Drivers/STM32H7xx_HAL_Driver/Src/stm32h7xx_hal_adc.c.obj
 .text.LL_ADC_SetOffset
                0x08001984       0x40 CMakeFiles/AML_Micromouse_24_2.dir/Drivers/STM32H7xx_HAL_Driver/Src/stm32h7xx_hal_adc.c.obj
 .text.LL_ADC_SetDataRightShift
                0x080019c4       0x32 CMakeFiles/AML_Micromouse_24_2.dir/Drivers/STM32H7xx_HAL_Driver/Src/stm32h7xx_hal_adc.c.obj
 .text.LL_ADC_SetOffsetSignedSaturation
                0x080019f6       0x36 CMakeFiles/AML_Micromouse_24_2.dir/Drivers/STM32H7xx_HAL_Driver/Src/stm32h7xx_hal_adc.c.obj
 .text.LL_ADC_REG_IsTriggerSourceSWStart
                0x08001a2c       0x26 CMakeFiles/AML_Micromouse_24_2.dir/Drivers/STM32H7xx_HAL_Driver/Src/stm32h7xx_hal_adc.c.obj
 .text.LL_ADC_REG_SetSequencerRanks
                0x08001a52       0x58 CMakeFiles/AML_Micromouse_24_2.dir/Drivers/STM32H7xx_HAL_Driver/Src/stm32h7xx_hal_adc.c.obj
 .text.LL_ADC_INJ_IsTriggerSourceSWStart
                0x08001aaa       0x26 CMakeFiles/AML_Micromouse_24_2.dir/Drivers/STM32H7xx_HAL_Driver/Src/stm32h7xx_hal_adc.c.obj
 .text.LL_ADC_SetChannelSamplingTime
                0x08001ad0       0x56 CMakeFiles/AML_Micromouse_24_2.dir/Drivers/STM32H7xx_HAL_Driver/Src/stm32h7xx_hal_adc.c.obj
 *fill*         0x08001b26        0x2 
 .text.LL_ADC_SetChannelSingleDiff
                0x08001b28       0x48 CMakeFiles/AML_Micromouse_24_2.dir/Drivers/STM32H7xx_HAL_Driver/Src/stm32h7xx_hal_adc.c.obj
 .text.LL_ADC_GetMultimode
                0x08001b70       0x1c CMakeFiles/AML_Micromouse_24_2.dir/Drivers/STM32H7xx_HAL_Driver/Src/stm32h7xx_hal_adc.c.obj
 .text.LL_ADC_GetMultiDMATransfer
                0x08001b8c       0x1c CMakeFiles/AML_Micromouse_24_2.dir/Drivers/STM32H7xx_HAL_Driver/Src/stm32h7xx_hal_adc.c.obj
 .text.LL_ADC_DisableDeepPowerDown
                0x08001ba8       0x24 CMakeFiles/AML_Micromouse_24_2.dir/Drivers/STM32H7xx_HAL_Driver/Src/stm32h7xx_hal_adc.c.obj
 .text.LL_ADC_IsDeepPowerDownEnabled
                0x08001bcc       0x28 CMakeFiles/AML_Micromouse_24_2.dir/Drivers/STM32H7xx_HAL_Driver/Src/stm32h7xx_hal_adc.c.obj
 .text.LL_ADC_EnableInternalRegulator
                0x08001bf4       0x28 CMakeFiles/AML_Micromouse_24_2.dir/Drivers/STM32H7xx_HAL_Driver/Src/stm32h7xx_hal_adc.c.obj
 .text.LL_ADC_IsInternalRegulatorEnabled
                0x08001c1c       0x28 CMakeFiles/AML_Micromouse_24_2.dir/Drivers/STM32H7xx_HAL_Driver/Src/stm32h7xx_hal_adc.c.obj
 .text.LL_ADC_IsEnabled
                0x08001c44       0x26 CMakeFiles/AML_Micromouse_24_2.dir/Drivers/STM32H7xx_HAL_Driver/Src/stm32h7xx_hal_adc.c.obj
 .text.LL_ADC_REG_IsConversionOngoing
                0x08001c6a       0x26 CMakeFiles/AML_Micromouse_24_2.dir/Drivers/STM32H7xx_HAL_Driver/Src/stm32h7xx_hal_adc.c.obj
 .text.LL_ADC_INJ_IsConversionOngoing
                0x08001c90       0x26 CMakeFiles/AML_Micromouse_24_2.dir/Drivers/STM32H7xx_HAL_Driver/Src/stm32h7xx_hal_adc.c.obj
 *fill*         0x08001cb6        0x2 
 .text.HAL_ADC_Init
                0x08001cb8      0x344 CMakeFiles/AML_Micromouse_24_2.dir/Drivers/STM32H7xx_HAL_Driver/Src/stm32h7xx_hal_adc.c.obj
                0x08001cb8                HAL_ADC_Init
 .text.HAL_ADC_IRQHandler
                0x08001ffc      0x474 CMakeFiles/AML_Micromouse_24_2.dir/Drivers/STM32H7xx_HAL_Driver/Src/stm32h7xx_hal_adc.c.obj
                0x08001ffc                HAL_ADC_IRQHandler
 .text.HAL_ADC_ConvCpltCallback
                0x08002470       0x14 CMakeFiles/AML_Micromouse_24_2.dir/Drivers/STM32H7xx_HAL_Driver/Src/stm32h7xx_hal_adc.c.obj
                0x08002470                HAL_ADC_ConvCpltCallback
 .text.HAL_ADC_LevelOutOfWindowCallback
                0x08002484       0x14 CMakeFiles/AML_Micromouse_24_2.dir/Drivers/STM32H7xx_HAL_Driver/Src/stm32h7xx_hal_adc.c.obj
                0x08002484                HAL_ADC_LevelOutOfWindowCallback
 .text.HAL_ADC_ErrorCallback
                0x08002498       0x14 CMakeFiles/AML_Micromouse_24_2.dir/Drivers/STM32H7xx_HAL_Driver/Src/stm32h7xx_hal_adc.c.obj
                0x08002498                HAL_ADC_ErrorCallback
 .text.HAL_ADC_ConfigChannel
                0x080024ac      0x6b8 CMakeFiles/AML_Micromouse_24_2.dir/Drivers/STM32H7xx_HAL_Driver/Src/stm32h7xx_hal_adc.c.obj
                0x080024ac                HAL_ADC_ConfigChannel
 .text.ADC_ConfigureBoostMode
                0x08002b64      0x218 CMakeFiles/AML_Micromouse_24_2.dir/Drivers/STM32H7xx_HAL_Driver/Src/stm32h7xx_hal_adc.c.obj
                0x08002b64                ADC_ConfigureBoostMode
 .text.LL_ADC_IsEnabled
                0x08002d7c       0x26 CMakeFiles/AML_Micromouse_24_2.dir/Drivers/STM32H7xx_HAL_Driver/Src/stm32h7xx_hal_adc_ex.c.obj
 .text.LL_ADC_REG_IsConversionOngoing
                0x08002da2       0x26 CMakeFiles/AML_Micromouse_24_2.dir/Drivers/STM32H7xx_HAL_Driver/Src/stm32h7xx_hal_adc_ex.c.obj
 .text.HAL_ADCEx_InjectedConvCpltCallback
                0x08002dc8       0x14 CMakeFiles/AML_Micromouse_24_2.dir/Drivers/STM32H7xx_HAL_Driver/Src/stm32h7xx_hal_adc_ex.c.obj
                0x08002dc8                HAL_ADCEx_InjectedConvCpltCallback
 .text.HAL_ADCEx_InjectedQueueOverflowCallback
                0x08002ddc       0x14 CMakeFiles/AML_Micromouse_24_2.dir/Drivers/STM32H7xx_HAL_Driver/Src/stm32h7xx_hal_adc_ex.c.obj
                0x08002ddc                HAL_ADCEx_InjectedQueueOverflowCallback
 .text.HAL_ADCEx_LevelOutOfWindow2Callback
                0x08002df0       0x14 CMakeFiles/AML_Micromouse_24_2.dir/Drivers/STM32H7xx_HAL_Driver/Src/stm32h7xx_hal_adc_ex.c.obj
                0x08002df0                HAL_ADCEx_LevelOutOfWindow2Callback
 .text.HAL_ADCEx_LevelOutOfWindow3Callback
                0x08002e04       0x14 CMakeFiles/AML_Micromouse_24_2.dir/Drivers/STM32H7xx_HAL_Driver/Src/stm32h7xx_hal_adc_ex.c.obj
                0x08002e04                HAL_ADCEx_LevelOutOfWindow3Callback
 .text.HAL_ADCEx_EndOfSamplingCallback
                0x08002e18       0x14 CMakeFiles/AML_Micromouse_24_2.dir/Drivers/STM32H7xx_HAL_Driver/Src/stm32h7xx_hal_adc_ex.c.obj
                0x08002e18                HAL_ADCEx_EndOfSamplingCallback
 .text.HAL_ADCEx_MultiModeConfigChannel
                0x08002e2c      0x1bc CMakeFiles/AML_Micromouse_24_2.dir/Drivers/STM32H7xx_HAL_Driver/Src/stm32h7xx_hal_adc_ex.c.obj
                0x08002e2c                HAL_ADCEx_MultiModeConfigChannel
 .text.HAL_RCC_OscConfig
                0x08002fe8      0x8b4 CMakeFiles/AML_Micromouse_24_2.dir/Drivers/STM32H7xx_HAL_Driver/Src/stm32h7xx_hal_rcc.c.obj
                0x08002fe8                HAL_RCC_OscConfig
 .text.HAL_RCC_ClockConfig
                0x0800389c      0x36c CMakeFiles/AML_Micromouse_24_2.dir/Drivers/STM32H7xx_HAL_Driver/Src/stm32h7xx_hal_rcc.c.obj
                0x0800389c                HAL_RCC_ClockConfig
 .text.HAL_RCC_GetSysClockFreq
                0x08003c08      0x2f4 CMakeFiles/AML_Micromouse_24_2.dir/Drivers/STM32H7xx_HAL_Driver/Src/stm32h7xx_hal_rcc.c.obj
                0x08003c08                HAL_RCC_GetSysClockFreq
 .text.HAL_RCC_GetHCLKFreq
                0x08003efc       0x60 CMakeFiles/AML_Micromouse_24_2.dir/Drivers/STM32H7xx_HAL_Driver/Src/stm32h7xx_hal_rcc.c.obj
                0x08003efc                HAL_RCC_GetHCLKFreq
 .text.HAL_RCC_GetPCLK1Freq
                0x08003f5c       0x2c CMakeFiles/AML_Micromouse_24_2.dir/Drivers/STM32H7xx_HAL_Driver/Src/stm32h7xx_hal_rcc.c.obj
                0x08003f5c                HAL_RCC_GetPCLK1Freq
 .text.HAL_RCC_GetPCLK2Freq
                0x08003f88       0x2c CMakeFiles/AML_Micromouse_24_2.dir/Drivers/STM32H7xx_HAL_Driver/Src/stm32h7xx_hal_rcc.c.obj
                0x08003f88                HAL_RCC_GetPCLK2Freq
 .text.HAL_RCCEx_PeriphCLKConfig
                0x08003fb4     0x1414 CMakeFiles/AML_Micromouse_24_2.dir/Drivers/STM32H7xx_HAL_Driver/Src/stm32h7xx_hal_rcc_ex.c.obj
                0x08003fb4                HAL_RCCEx_PeriphCLKConfig
 .text.HAL_RCCEx_GetPeriphCLKFreq
                0x080053c8      0xb00 CMakeFiles/AML_Micromouse_24_2.dir/Drivers/STM32H7xx_HAL_Driver/Src/stm32h7xx_hal_rcc_ex.c.obj
                0x080053c8                HAL_RCCEx_GetPeriphCLKFreq
 .text.HAL_RCCEx_GetD3PCLK1Freq
                0x08005ec8       0x2c CMakeFiles/AML_Micromouse_24_2.dir/Drivers/STM32H7xx_HAL_Driver/Src/stm32h7xx_hal_rcc_ex.c.obj
                0x08005ec8                HAL_RCCEx_GetD3PCLK1Freq
 .text.HAL_RCCEx_GetPLL2ClockFreq
                0x08005ef4      0x2a8 CMakeFiles/AML_Micromouse_24_2.dir/Drivers/STM32H7xx_HAL_Driver/Src/stm32h7xx_hal_rcc_ex.c.obj
                0x08005ef4                HAL_RCCEx_GetPLL2ClockFreq
 .text.HAL_RCCEx_GetPLL3ClockFreq
                0x0800619c      0x2a8 CMakeFiles/AML_Micromouse_24_2.dir/Drivers/STM32H7xx_HAL_Driver/Src/stm32h7xx_hal_rcc_ex.c.obj
                0x0800619c                HAL_RCCEx_GetPLL3ClockFreq
 .text.HAL_RCCEx_GetPLL1ClockFreq
                0x08006444      0x2a4 CMakeFiles/AML_Micromouse_24_2.dir/Drivers/STM32H7xx_HAL_Driver/Src/stm32h7xx_hal_rcc_ex.c.obj
                0x08006444                HAL_RCCEx_GetPLL1ClockFreq
 .text.RCCEx_PLL2_Config
                0x080066e8      0x164 CMakeFiles/AML_Micromouse_24_2.dir/Drivers/STM32H7xx_HAL_Driver/Src/stm32h7xx_hal_rcc_ex.c.obj
 .text.RCCEx_PLL3_Config
                0x0800684c      0x164 CMakeFiles/AML_Micromouse_24_2.dir/Drivers/STM32H7xx_HAL_Driver/Src/stm32h7xx_hal_rcc_ex.c.obj
 .text.HAL_GPIO_Init
                0x080069b0      0x360 CMakeFiles/AML_Micromouse_24_2.dir/Drivers/STM32H7xx_HAL_Driver/Src/stm32h7xx_hal_gpio.c.obj
                0x080069b0                HAL_GPIO_Init
 .text.HAL_GPIO_WritePin
                0x08006d10       0x32 CMakeFiles/AML_Micromouse_24_2.dir/Drivers/STM32H7xx_HAL_Driver/Src/stm32h7xx_hal_gpio.c.obj
                0x08006d10                HAL_GPIO_WritePin
 *fill*         0x08006d42        0x2 
 .text.HAL_DMA_Init
                0x08006d44      0x6b8 CMakeFiles/AML_Micromouse_24_2.dir/Drivers/STM32H7xx_HAL_Driver/Src/stm32h7xx_hal_dma.c.obj
                0x08006d44                HAL_DMA_Init
 .text.HAL_DMA_Abort
                0x080073fc      0x63c CMakeFiles/AML_Micromouse_24_2.dir/Drivers/STM32H7xx_HAL_Driver/Src/stm32h7xx_hal_dma.c.obj
                0x080073fc                HAL_DMA_Abort
 .text.HAL_DMA_Abort_IT
                0x08007a38      0x48c CMakeFiles/AML_Micromouse_24_2.dir/Drivers/STM32H7xx_HAL_Driver/Src/stm32h7xx_hal_dma.c.obj
                0x08007a38                HAL_DMA_Abort_IT
 .text.HAL_DMA_IRQHandler
                0x08007ec4      0xe54 CMakeFiles/AML_Micromouse_24_2.dir/Drivers/STM32H7xx_HAL_Driver/Src/stm32h7xx_hal_dma.c.obj
                0x08007ec4                HAL_DMA_IRQHandler
 .text.DMA_CalcBaseAndBitshift
                0x08008d18      0x164 CMakeFiles/AML_Micromouse_24_2.dir/Drivers/STM32H7xx_HAL_Driver/Src/stm32h7xx_hal_dma.c.obj
 .text.DMA_CheckFifoParam
                0x08008e7c       0xf8 CMakeFiles/AML_Micromouse_24_2.dir/Drivers/STM32H7xx_HAL_Driver/Src/stm32h7xx_hal_dma.c.obj
 .text.DMA_CalcDMAMUXChannelBaseAndMask
                0x08008f74      0x134 CMakeFiles/AML_Micromouse_24_2.dir/Drivers/STM32H7xx_HAL_Driver/Src/stm32h7xx_hal_dma.c.obj
 .text.DMA_CalcDMAMUXRequestGenBaseAndMask
                0x080090a8       0xe8 CMakeFiles/AML_Micromouse_24_2.dir/Drivers/STM32H7xx_HAL_Driver/Src/stm32h7xx_hal_dma.c.obj
 .text.HAL_PWREx_ConfigSupply
                0x08009190       0x74 CMakeFiles/AML_Micromouse_24_2.dir/Drivers/STM32H7xx_HAL_Driver/Src/stm32h7xx_hal_pwr_ex.c.obj
                0x08009190                HAL_PWREx_ConfigSupply
 .text.__NVIC_SetPriorityGrouping
                0x08009204       0x48 CMakeFiles/AML_Micromouse_24_2.dir/Drivers/STM32H7xx_HAL_Driver/Src/stm32h7xx_hal_cortex.c.obj
 .text.__NVIC_GetPriorityGrouping
                0x0800924c       0x1c CMakeFiles/AML_Micromouse_24_2.dir/Drivers/STM32H7xx_HAL_Driver/Src/stm32h7xx_hal_cortex.c.obj
 .text.__NVIC_EnableIRQ
                0x08009268       0x3c CMakeFiles/AML_Micromouse_24_2.dir/Drivers/STM32H7xx_HAL_Driver/Src/stm32h7xx_hal_cortex.c.obj
 .text.__NVIC_SetPriority
                0x080092a4       0x54 CMakeFiles/AML_Micromouse_24_2.dir/Drivers/STM32H7xx_HAL_Driver/Src/stm32h7xx_hal_cortex.c.obj
 .text.NVIC_EncodePriority
                0x080092f8       0x66 CMakeFiles/AML_Micromouse_24_2.dir/Drivers/STM32H7xx_HAL_Driver/Src/stm32h7xx_hal_cortex.c.obj
 *fill*         0x0800935e        0x2 
 .text.SysTick_Config
                0x08009360       0x44 CMakeFiles/AML_Micromouse_24_2.dir/Drivers/STM32H7xx_HAL_Driver/Src/stm32h7xx_hal_cortex.c.obj
 .text.HAL_NVIC_SetPriorityGrouping
                0x080093a4       0x16 CMakeFiles/AML_Micromouse_24_2.dir/Drivers/STM32H7xx_HAL_Driver/Src/stm32h7xx_hal_cortex.c.obj
                0x080093a4                HAL_NVIC_SetPriorityGrouping
 .text.HAL_NVIC_SetPriority
                0x080093ba       0x34 CMakeFiles/AML_Micromouse_24_2.dir/Drivers/STM32H7xx_HAL_Driver/Src/stm32h7xx_hal_cortex.c.obj
                0x080093ba                HAL_NVIC_SetPriority
 .text.HAL_NVIC_EnableIRQ
                0x080093ee       0x1c CMakeFiles/AML_Micromouse_24_2.dir/Drivers/STM32H7xx_HAL_Driver/Src/stm32h7xx_hal_cortex.c.obj
                0x080093ee                HAL_NVIC_EnableIRQ
 .text.HAL_SYSTICK_Config
                0x0800940a       0x18 CMakeFiles/AML_Micromouse_24_2.dir/Drivers/STM32H7xx_HAL_Driver/Src/stm32h7xx_hal_cortex.c.obj
                0x0800940a                HAL_SYSTICK_Config
 *fill*         0x08009422        0x2 
 .text.HAL_MPU_Disable
                0x08009424       0x30 CMakeFiles/AML_Micromouse_24_2.dir/Drivers/STM32H7xx_HAL_Driver/Src/stm32h7xx_hal_cortex.c.obj
                0x08009424                HAL_MPU_Disable
 .text.HAL_MPU_Enable
                0x08009454       0x40 CMakeFiles/AML_Micromouse_24_2.dir/Drivers/STM32H7xx_HAL_Driver/Src/stm32h7xx_hal_cortex.c.obj
                0x08009454                HAL_MPU_Enable
 .text.HAL_MPU_ConfigRegion
                0x08009494       0x80 CMakeFiles/AML_Micromouse_24_2.dir/Drivers/STM32H7xx_HAL_Driver/Src/stm32h7xx_hal_cortex.c.obj
                0x08009494                HAL_MPU_ConfigRegion
 .text.HAL_Init
                0x08009514       0x78 CMakeFiles/AML_Micromouse_24_2.dir/Drivers/STM32H7xx_HAL_Driver/Src/stm32h7xx_hal.c.obj
                0x08009514                HAL_Init
 .text.HAL_InitTick
                0x0800958c       0x6c CMakeFiles/AML_Micromouse_24_2.dir/Drivers/STM32H7xx_HAL_Driver/Src/stm32h7xx_hal.c.obj
                0x0800958c                HAL_InitTick
 .text.HAL_IncTick
                0x080095f8       0x28 CMakeFiles/AML_Micromouse_24_2.dir/Drivers/STM32H7xx_HAL_Driver/Src/stm32h7xx_hal.c.obj
                0x080095f8                HAL_IncTick
 .text.HAL_GetTick
                0x08009620       0x18 CMakeFiles/AML_Micromouse_24_2.dir/Drivers/STM32H7xx_HAL_Driver/Src/stm32h7xx_hal.c.obj
                0x08009620                HAL_GetTick
 .text.HAL_Delay
                0x08009638       0x48 CMakeFiles/AML_Micromouse_24_2.dir/Drivers/STM32H7xx_HAL_Driver/Src/stm32h7xx_hal.c.obj
                0x08009638                HAL_Delay
 .text.HAL_GetREVID
                0x08009680       0x18 CMakeFiles/AML_Micromouse_24_2.dir/Drivers/STM32H7xx_HAL_Driver/Src/stm32h7xx_hal.c.obj
                0x08009680                HAL_GetREVID
 .text.HAL_I2C_Init
                0x08009698      0x138 CMakeFiles/AML_Micromouse_24_2.dir/Drivers/STM32H7xx_HAL_Driver/Src/stm32h7xx_hal_i2c.c.obj
                0x08009698                HAL_I2C_Init
 .text.HAL_I2CEx_ConfigAnalogFilter
                0x080097d0       0x96 CMakeFiles/AML_Micromouse_24_2.dir/Drivers/STM32H7xx_HAL_Driver/Src/stm32h7xx_hal_i2c_ex.c.obj
                0x080097d0                HAL_I2CEx_ConfigAnalogFilter
 .text.HAL_I2CEx_ConfigDigitalFilter
                0x08009866       0x98 CMakeFiles/AML_Micromouse_24_2.dir/Drivers/STM32H7xx_HAL_Driver/Src/stm32h7xx_hal_i2c_ex.c.obj
                0x08009866                HAL_I2CEx_ConfigDigitalFilter
 .text.HAL_RAMECC_Init
                0x080098fe       0x80 CMakeFiles/AML_Micromouse_24_2.dir/Drivers/STM32H7xx_HAL_Driver/Src/stm32h7xx_hal_ramecc.c.obj
                0x080098fe                HAL_RAMECC_Init
 .text.HAL_TIM_Base_Init
                0x0800997e       0xae CMakeFiles/AML_Micromouse_24_2.dir/Drivers/STM32H7xx_HAL_Driver/Src/stm32h7xx_hal_tim.c.obj
                0x0800997e                HAL_TIM_Base_Init
 .text.HAL_TIM_PWM_Init
                0x08009a2c       0xae CMakeFiles/AML_Micromouse_24_2.dir/Drivers/STM32H7xx_HAL_Driver/Src/stm32h7xx_hal_tim.c.obj
                0x08009a2c                HAL_TIM_PWM_Init
 .text.HAL_TIM_PWM_MspInit
                0x08009ada       0x14 CMakeFiles/AML_Micromouse_24_2.dir/Drivers/STM32H7xx_HAL_Driver/Src/stm32h7xx_hal_tim.c.obj
                0x08009ada                HAL_TIM_PWM_MspInit
 *fill*         0x08009aee        0x2 
 .text.HAL_TIM_Encoder_Init
                0x08009af0      0x14c CMakeFiles/AML_Micromouse_24_2.dir/Drivers/STM32H7xx_HAL_Driver/Src/stm32h7xx_hal_tim.c.obj
                0x08009af0                HAL_TIM_Encoder_Init
 .text.HAL_TIM_PWM_ConfigChannel
                0x08009c3c      0x228 CMakeFiles/AML_Micromouse_24_2.dir/Drivers/STM32H7xx_HAL_Driver/Src/stm32h7xx_hal_tim.c.obj
                0x08009c3c                HAL_TIM_PWM_ConfigChannel
 .text.HAL_TIM_ConfigClockSource
                0x08009e64      0x1f0 CMakeFiles/AML_Micromouse_24_2.dir/Drivers/STM32H7xx_HAL_Driver/Src/stm32h7xx_hal_tim.c.obj
                0x08009e64                HAL_TIM_ConfigClockSource
 .text.TIM_Base_SetConfig
                0x0800a054      0x14c CMakeFiles/AML_Micromouse_24_2.dir/Drivers/STM32H7xx_HAL_Driver/Src/stm32h7xx_hal_tim.c.obj
                0x0800a054                TIM_Base_SetConfig
 .text.TIM_OC1_SetConfig
                0x0800a1a0      0x120 CMakeFiles/AML_Micromouse_24_2.dir/Drivers/STM32H7xx_HAL_Driver/Src/stm32h7xx_hal_tim.c.obj
 .text.TIM_OC2_SetConfig
                0x0800a2c0      0x114 CMakeFiles/AML_Micromouse_24_2.dir/Drivers/STM32H7xx_HAL_Driver/Src/stm32h7xx_hal_tim.c.obj
                0x0800a2c0                TIM_OC2_SetConfig
 .text.TIM_OC3_SetConfig
                0x0800a3d4      0x110 CMakeFiles/AML_Micromouse_24_2.dir/Drivers/STM32H7xx_HAL_Driver/Src/stm32h7xx_hal_tim.c.obj
 .text.TIM_OC4_SetConfig
                0x0800a4e4       0xd4 CMakeFiles/AML_Micromouse_24_2.dir/Drivers/STM32H7xx_HAL_Driver/Src/stm32h7xx_hal_tim.c.obj
 .text.TIM_OC5_SetConfig
                0x0800a5b8       0xc8 CMakeFiles/AML_Micromouse_24_2.dir/Drivers/STM32H7xx_HAL_Driver/Src/stm32h7xx_hal_tim.c.obj
 .text.TIM_OC6_SetConfig
                0x0800a680       0xcc CMakeFiles/AML_Micromouse_24_2.dir/Drivers/STM32H7xx_HAL_Driver/Src/stm32h7xx_hal_tim.c.obj
 .text.TIM_TI1_ConfigInputStage
                0x0800a74c       0x5e CMakeFiles/AML_Micromouse_24_2.dir/Drivers/STM32H7xx_HAL_Driver/Src/stm32h7xx_hal_tim.c.obj
 .text.TIM_TI2_ConfigInputStage
                0x0800a7aa       0x60 CMakeFiles/AML_Micromouse_24_2.dir/Drivers/STM32H7xx_HAL_Driver/Src/stm32h7xx_hal_tim.c.obj
 *fill*         0x0800a80a        0x2 
 .text.TIM_ITRx_SetConfig
                0x0800a80c       0x3c CMakeFiles/AML_Micromouse_24_2.dir/Drivers/STM32H7xx_HAL_Driver/Src/stm32h7xx_hal_tim.c.obj
 .text.TIM_ETR_SetConfig
                0x0800a848       0x40 CMakeFiles/AML_Micromouse_24_2.dir/Drivers/STM32H7xx_HAL_Driver/Src/stm32h7xx_hal_tim.c.obj
                0x0800a848                TIM_ETR_SetConfig
 .text.HAL_TIMEx_MasterConfigSynchronization
                0x0800a888      0x11c CMakeFiles/AML_Micromouse_24_2.dir/Drivers/STM32H7xx_HAL_Driver/Src/stm32h7xx_hal_tim_ex.c.obj
                0x0800a888                HAL_TIMEx_MasterConfigSynchronization
 .text.HAL_TIMEx_ConfigBreakDeadTime
                0x0800a9a4       0xfc CMakeFiles/AML_Micromouse_24_2.dir/Drivers/STM32H7xx_HAL_Driver/Src/stm32h7xx_hal_tim_ex.c.obj
                0x0800a9a4                HAL_TIMEx_ConfigBreakDeadTime
 .text.HAL_UART_Init
                0x0800aaa0       0xa0 CMakeFiles/AML_Micromouse_24_2.dir/Drivers/STM32H7xx_HAL_Driver/Src/stm32h7xx_hal_uart.c.obj
                0x0800aaa0                HAL_UART_Init
 .text.HAL_UART_IRQHandler
                0x0800ab40      0x774 CMakeFiles/AML_Micromouse_24_2.dir/Drivers/STM32H7xx_HAL_Driver/Src/stm32h7xx_hal_uart.c.obj
                0x0800ab40                HAL_UART_IRQHandler
 .text.HAL_UART_TxCpltCallback
                0x0800b2b4       0x14 CMakeFiles/AML_Micromouse_24_2.dir/Drivers/STM32H7xx_HAL_Driver/Src/stm32h7xx_hal_uart.c.obj
                0x0800b2b4                HAL_UART_TxCpltCallback
 .text.HAL_UART_ErrorCallback
                0x0800b2c8       0x14 CMakeFiles/AML_Micromouse_24_2.dir/Drivers/STM32H7xx_HAL_Driver/Src/stm32h7xx_hal_uart.c.obj
                0x0800b2c8                HAL_UART_ErrorCallback
 .text.HAL_UARTEx_RxEventCallback
                0x0800b2dc       0x18 CMakeFiles/AML_Micromouse_24_2.dir/Drivers/STM32H7xx_HAL_Driver/Src/stm32h7xx_hal_uart.c.obj
                0x0800b2dc                HAL_UARTEx_RxEventCallback
 .text.UART_SetConfig
                0x0800b2f4      0xad0 CMakeFiles/AML_Micromouse_24_2.dir/Drivers/STM32H7xx_HAL_Driver/Src/stm32h7xx_hal_uart.c.obj
                0x0800b2f4                UART_SetConfig
 .text.UART_AdvFeatureConfig
                0x0800bdc4      0x144 CMakeFiles/AML_Micromouse_24_2.dir/Drivers/STM32H7xx_HAL_Driver/Src/stm32h7xx_hal_uart.c.obj
                0x0800bdc4                UART_AdvFeatureConfig
 .text.UART_CheckIdleState
                0x0800bf08      0x154 CMakeFiles/AML_Micromouse_24_2.dir/Drivers/STM32H7xx_HAL_Driver/Src/stm32h7xx_hal_uart.c.obj
                0x0800bf08                UART_CheckIdleState
 .text.UART_WaitOnFlagUntilTimeout
                0x0800c05c       0xda CMakeFiles/AML_Micromouse_24_2.dir/Drivers/STM32H7xx_HAL_Driver/Src/stm32h7xx_hal_uart.c.obj
                0x0800c05c                UART_WaitOnFlagUntilTimeout
 *fill*         0x0800c136        0x2 
 .text.UART_EndRxTransfer
                0x0800c138       0xcc CMakeFiles/AML_Micromouse_24_2.dir/Drivers/STM32H7xx_HAL_Driver/Src/stm32h7xx_hal_uart.c.obj
 .text.UART_DMAAbortOnError
                0x0800c204       0x2c CMakeFiles/AML_Micromouse_24_2.dir/Drivers/STM32H7xx_HAL_Driver/Src/stm32h7xx_hal_uart.c.obj
 .text.UART_EndTransmit_IT
                0x0800c230       0x56 CMakeFiles/AML_Micromouse_24_2.dir/Drivers/STM32H7xx_HAL_Driver/Src/stm32h7xx_hal_uart.c.obj
 .text.HAL_UARTEx_WakeupCallback
                0x0800c286       0x14 CMakeFiles/AML_Micromouse_24_2.dir/Drivers/STM32H7xx_HAL_Driver/Src/stm32h7xx_hal_uart_ex.c.obj
                0x0800c286                HAL_UARTEx_WakeupCallback
 .text.HAL_UARTEx_RxFifoFullCallback
                0x0800c29a       0x14 CMakeFiles/AML_Micromouse_24_2.dir/Drivers/STM32H7xx_HAL_Driver/Src/stm32h7xx_hal_uart_ex.c.obj
                0x0800c29a                HAL_UARTEx_RxFifoFullCallback
 .text.HAL_UARTEx_TxFifoEmptyCallback
                0x0800c2ae       0x14 CMakeFiles/AML_Micromouse_24_2.dir/Drivers/STM32H7xx_HAL_Driver/Src/stm32h7xx_hal_uart_ex.c.obj
                0x0800c2ae                HAL_UARTEx_TxFifoEmptyCallback
 .text.HAL_UARTEx_DisableFifoMode
                0x0800c2c2       0x72 CMakeFiles/AML_Micromouse_24_2.dir/Drivers/STM32H7xx_HAL_Driver/Src/stm32h7xx_hal_uart_ex.c.obj
                0x0800c2c2                HAL_UARTEx_DisableFifoMode
 .text.HAL_UARTEx_SetTxFifoThreshold
                0x0800c334       0x7c CMakeFiles/AML_Micromouse_24_2.dir/Drivers/STM32H7xx_HAL_Driver/Src/stm32h7xx_hal_uart_ex.c.obj
                0x0800c334                HAL_UARTEx_SetTxFifoThreshold
 .text.HAL_UARTEx_SetRxFifoThreshold
                0x0800c3b0       0x7c CMakeFiles/AML_Micromouse_24_2.dir/Drivers/STM32H7xx_HAL_Driver/Src/stm32h7xx_hal_uart_ex.c.obj
                0x0800c3b0                HAL_UARTEx_SetRxFifoThreshold
 .text.UARTEx_SetNbDataToProcess
                0x0800c42c       0x9c CMakeFiles/AML_Micromouse_24_2.dir/Drivers/STM32H7xx_HAL_Driver/Src/stm32h7xx_hal_uart_ex.c.obj
 .text.SystemInit
                0x0800c4c8      0x110 CMakeFiles/AML_Micromouse_24_2.dir/Core/Src/system_stm32h7xx.c.obj
                0x0800c4c8                SystemInit
 .text.Reset_Handler
                0x0800c5d8       0x50 CMakeFiles/AML_Micromouse_24_2.dir/startup_stm32h743xx.s.obj
                0x0800c5d8                Reset_Handler
 .text.Default_Handler
                0x0800c628        0x2 CMakeFiles/AML_Micromouse_24_2.dir/startup_stm32h743xx.s.obj
                0x0800c628                RTC_Alarm_IRQHandler
                0x0800c628                EXTI2_IRQHandler
                0x0800c628                TIM8_CC_IRQHandler
                0x0800c628                HRTIM1_Master_IRQHandler
                0x0800c628                UART8_IRQHandler
                0x0800c628                SPI4_IRQHandler
                0x0800c628                TIM1_CC_IRQHandler
                0x0800c628                BDMA_Channel6_IRQHandler
                0x0800c628                DMA2_Stream5_IRQHandler
                0x0800c628                HRTIM1_FLT_IRQHandler
                0x0800c628                JPEG_IRQHandler
                0x0800c628                DMA1_Stream5_IRQHandler
                0x0800c628                BDMA_Channel1_IRQHandler
                0x0800c628                HRTIM1_TIMD_IRQHandler
                0x0800c628                TAMP_STAMP_IRQHandler
                0x0800c628                EXTI3_IRQHandler
                0x0800c628                LPTIM4_IRQHandler
                0x0800c628                TIM8_TRG_COM_TIM14_IRQHandler
                0x0800c628                LPTIM2_IRQHandler
                0x0800c628                DFSDM1_FLT1_IRQHandler
                0x0800c628                DMAMUX2_OVR_IRQHandler
                0x0800c628                TIM8_UP_TIM13_IRQHandler
                0x0800c628                I2C3_ER_IRQHandler
                0x0800c628                DFSDM1_FLT2_IRQHandler
                0x0800c628                MDMA_IRQHandler
                0x0800c628                LPTIM3_IRQHandler
                0x0800c628                HSEM1_IRQHandler
                0x0800c628                EXTI0_IRQHandler
                0x0800c628                I2C2_EV_IRQHandler
                0x0800c628                DMA1_Stream2_IRQHandler
                0x0800c628                FPU_IRQHandler
                0x0800c628                OTG_HS_WKUP_IRQHandler
                0x0800c628                FDCAN1_IT1_IRQHandler
                0x0800c628                LTDC_ER_IRQHandler
                0x0800c628                DMA2_Stream2_IRQHandler
                0x0800c628                HRTIM1_TIME_IRQHandler
                0x0800c628                SPI1_IRQHandler
                0x0800c628                TIM6_DAC_IRQHandler
                0x0800c628                DCMI_IRQHandler
                0x0800c628                HRTIM1_TIMC_IRQHandler
                0x0800c628                DMA2_Stream3_IRQHandler
                0x0800c628                SAI2_IRQHandler
                0x0800c628                DFSDM1_FLT3_IRQHandler
                0x0800c628                USART6_IRQHandler
                0x0800c628                TIM17_IRQHandler
                0x0800c628                BDMA_Channel7_IRQHandler
                0x0800c628                LPTIM5_IRQHandler
                0x0800c628                UART5_IRQHandler
                0x0800c628                ADC3_IRQHandler
                0x0800c628                DMA2_Stream0_IRQHandler
                0x0800c628                TIM4_IRQHandler
                0x0800c628                BDMA_Channel2_IRQHandler
                0x0800c628                QUADSPI_IRQHandler
                0x0800c628                I2C1_EV_IRQHandler
                0x0800c628                DMA1_Stream6_IRQHandler
                0x0800c628                DMAMUX1_OVR_IRQHandler
                0x0800c628                DMA1_Stream1_IRQHandler
                0x0800c628                TIM16_IRQHandler
                0x0800c628                UART4_IRQHandler
                0x0800c628                BDMA_Channel5_IRQHandler
                0x0800c628                TIM3_IRQHandler
                0x0800c628                RCC_IRQHandler
                0x0800c628                TIM8_BRK_TIM12_IRQHandler
                0x0800c628                TIM1_TRG_COM_IRQHandler
                0x0800c628                Default_Handler
                0x0800c628                ECC_IRQHandler
                0x0800c628                CEC_IRQHandler
                0x0800c628                EXTI15_10_IRQHandler
                0x0800c628                BDMA_Channel0_IRQHandler
                0x0800c628                DMA1_Stream7_IRQHandler
                0x0800c628                HRTIM1_TIMA_IRQHandler
                0x0800c628                SPI5_IRQHandler
                0x0800c628                TIM7_IRQHandler
                0x0800c628                SDMMC1_IRQHandler
                0x0800c628                TIM5_IRQHandler
                0x0800c628                DMA2_Stream7_IRQHandler
                0x0800c628                TIM15_IRQHandler
                0x0800c628                PVD_AVD_IRQHandler
                0x0800c628                I2C3_EV_IRQHandler
                0x0800c628                EXTI9_5_IRQHandler
                0x0800c628                RTC_WKUP_IRQHandler
                0x0800c628                LTDC_IRQHandler
                0x0800c628                SAI3_IRQHandler
                0x0800c628                ETH_WKUP_IRQHandler
                0x0800c628                SPDIF_RX_IRQHandler
                0x0800c628                SPI2_IRQHandler
                0x0800c628                OTG_HS_EP1_IN_IRQHandler
                0x0800c628                CRS_IRQHandler
                0x0800c628                EXTI4_IRQHandler
                0x0800c628                RNG_IRQHandler
                0x0800c628                HRTIM1_TIMB_IRQHandler
                0x0800c628                FDCAN2_IT1_IRQHandler
                0x0800c628                ETH_IRQHandler
                0x0800c628                TIM1_UP_IRQHandler
                0x0800c628                BDMA_Channel4_IRQHandler
                0x0800c628                OTG_HS_EP1_OUT_IRQHandler
                0x0800c628                WWDG_IRQHandler
                0x0800c628                SPI6_IRQHandler
                0x0800c628                MDIOS_IRQHandler
                0x0800c628                I2C4_EV_IRQHandler
                0x0800c628                FDCAN2_IT0_IRQHandler
                0x0800c628                LPUART1_IRQHandler
                0x0800c628                FDCAN1_IT0_IRQHandler
                0x0800c628                TIM2_IRQHandler
                0x0800c628                OTG_FS_WKUP_IRQHandler
                0x0800c628                OTG_HS_IRQHandler
                0x0800c628                DMA2D_IRQHandler
                0x0800c628                TIM1_BRK_IRQHandler
                0x0800c628                EXTI1_IRQHandler
                0x0800c628                SDMMC2_IRQHandler
                0x0800c628                OTG_FS_EP1_OUT_IRQHandler
                0x0800c628                BDMA_Channel3_IRQHandler
                0x0800c628                UART7_IRQHandler
                0x0800c628                MDIOS_WKUP_IRQHandler
                0x0800c628                USART2_IRQHandler
                0x0800c628                DFSDM1_FLT0_IRQHandler
                0x0800c628                SAI4_IRQHandler
                0x0800c628                I2C2_ER_IRQHandler
                0x0800c628                DMA2_Stream1_IRQHandler
                0x0800c628                FLASH_IRQHandler
                0x0800c628                DMA2_Stream4_IRQHandler
                0x0800c628                USART1_IRQHandler
                0x0800c628                OTG_FS_IRQHandler
                0x0800c628                SPI3_IRQHandler
                0x0800c628                WAKEUP_PIN_IRQHandler
                0x0800c628                DMA1_Stream4_IRQHandler
                0x0800c628                OTG_FS_EP1_IN_IRQHandler
                0x0800c628                I2C1_ER_IRQHandler
                0x0800c628                FMC_IRQHandler
                0x0800c628                FDCAN_CAL_IRQHandler
                0x0800c628                SWPMI1_IRQHandler
                0x0800c628                COMP1_IRQHandler
                0x0800c628                LPTIM1_IRQHandler
                0x0800c628                I2C4_ER_IRQHandler
                0x0800c628                DMA2_Stream6_IRQHandler
                0x0800c628                SAI1_IRQHandler
                0x0800c628                DMA1_Stream3_IRQHandler
 *(.glue_7)
 .glue_7        0x0800c62a        0x0 linker stubs
 *(.glue_7t)
 .glue_7t       0x0800c62a        0x0 linker stubs
 *(.eh_frame)
 *fill*         0x0800c62a        0x2 
 .eh_frame      0x0800c62c        0x0 C:/ST/STM32CubeCLT_1.16.0/GNU-tools-for-STM32/bin/../lib/gcc/arm-none-eabi/12.3.1/thumb/v7e-m+dp/hard/crtbegin.o
 *(.init)
 .init          0x0800c62c        0x4 C:/ST/STM32CubeCLT_1.16.0/GNU-tools-for-STM32/bin/../lib/gcc/arm-none-eabi/12.3.1/thumb/v7e-m+dp/hard/crti.o
                0x0800c62c                _init
 .init          0x0800c630        0x8 C:/ST/STM32CubeCLT_1.16.0/GNU-tools-for-STM32/bin/../lib/gcc/arm-none-eabi/12.3.1/thumb/v7e-m+dp/hard/crtn.o
 *(.fini)
 .fini          0x0800c638        0x4 C:/ST/STM32CubeCLT_1.16.0/GNU-tools-for-STM32/bin/../lib/gcc/arm-none-eabi/12.3.1/thumb/v7e-m+dp/hard/crti.o
                0x0800c638                _fini
 .fini          0x0800c63c        0x8 C:/ST/STM32CubeCLT_1.16.0/GNU-tools-for-STM32/bin/../lib/gcc/arm-none-eabi/12.3.1/thumb/v7e-m+dp/hard/crtn.o
                0x0800c644                        . = ALIGN (0x4)
                0x0800c644                        _etext = .

.vfp11_veneer   0x0800c644        0x0
 .vfp11_veneer  0x0800c644        0x0 linker stubs

.v4_bx          0x0800c644        0x0
 .v4_bx         0x0800c644        0x0 linker stubs

.iplt           0x0800c644        0x0
 .iplt          0x0800c644        0x0 C:/ST/STM32CubeCLT_1.16.0/GNU-tools-for-STM32/bin/../lib/gcc/arm-none-eabi/12.3.1/thumb/v7e-m+dp/hard/crtbegin.o

.rodata         0x0800c644       0x40
                0x0800c644                        . = ALIGN (0x4)
 *(.rodata)
 *(.rodata*)
 .rodata.flagBitshiftOffset.0
                0x0800c644        0x8 CMakeFiles/AML_Micromouse_24_2.dir/Drivers/STM32H7xx_HAL_Driver/Src/stm32h7xx_hal_dma.c.obj
 .rodata.UARTPrescTable
                0x0800c64c       0x18 CMakeFiles/AML_Micromouse_24_2.dir/Drivers/STM32H7xx_HAL_Driver/Src/stm32h7xx_hal_uart.c.obj
                0x0800c64c                UARTPrescTable
 .rodata.numerator.1
                0x0800c664        0x8 CMakeFiles/AML_Micromouse_24_2.dir/Drivers/STM32H7xx_HAL_Driver/Src/stm32h7xx_hal_uart_ex.c.obj
 .rodata.denominator.0
                0x0800c66c        0x8 CMakeFiles/AML_Micromouse_24_2.dir/Drivers/STM32H7xx_HAL_Driver/Src/stm32h7xx_hal_uart_ex.c.obj
 .rodata.D1CorePrescTable
                0x0800c674       0x10 CMakeFiles/AML_Micromouse_24_2.dir/Core/Src/system_stm32h7xx.c.obj
                0x0800c674                D1CorePrescTable
                0x0800c684                        . = ALIGN (0x4)

.ARM.extab
 *(.ARM.extab* .gnu.linkonce.armextab.*)

.ARM            0x0800c684        0x8
                0x0800c684                        __exidx_start = .
 *(.ARM.exidx*)
 .ARM.exidx     0x0800c684        0x8 C:/ST/STM32CubeCLT_1.16.0/GNU-tools-for-STM32/bin/../lib/gcc/arm-none-eabi/12.3.1/thumb/v7e-m+dp/hard\libgcc.a(_udivmoddi4.o)
                0x0800c68c                        __exidx_end = .

.rel.dyn        0x0800c68c        0x0
 .rel.iplt      0x0800c68c        0x0 C:/ST/STM32CubeCLT_1.16.0/GNU-tools-for-STM32/bin/../lib/gcc/arm-none-eabi/12.3.1/thumb/v7e-m+dp/hard/crtbegin.o

.preinit_array  0x0800c68c        0x0
                0x0800c68c                        PROVIDE (__preinit_array_start = .)
 *(.preinit_array*)
                0x0800c68c                        PROVIDE (__preinit_array_end = .)

.init_array     0x0800c68c        0x4
                0x0800c68c                        PROVIDE (__init_array_start = .)
 *(SORT_BY_NAME(.init_array.*))
 *(.init_array*)
 .init_array    0x0800c68c        0x4 C:/ST/STM32CubeCLT_1.16.0/GNU-tools-for-STM32/bin/../lib/gcc/arm-none-eabi/12.3.1/thumb/v7e-m+dp/hard/crtbegin.o
                0x0800c690                        PROVIDE (__init_array_end = .)

.fini_array     0x0800c690        0x4
                [!provide]                        PROVIDE (__fini_array_start = .)
 *(SORT_BY_NAME(.fini_array.*))
 *(.fini_array*)
 .fini_array    0x0800c690        0x4 C:/ST/STM32CubeCLT_1.16.0/GNU-tools-for-STM32/bin/../lib/gcc/arm-none-eabi/12.3.1/thumb/v7e-m+dp/hard/crtbegin.o
                [!provide]                        PROVIDE (__fini_array_end = .)
                0x0800c694                        _sidata = LOADADDR (.data)

.data           0x20000000       0x10 load address 0x0800c694
                0x20000000                        . = ALIGN (0x4)
                0x20000000                        _sdata = .
 *(.data)
 *(.data*)
 .data.uwTickPrio
                0x20000000        0x4 CMakeFiles/AML_Micromouse_24_2.dir/Drivers/STM32H7xx_HAL_Driver/Src/stm32h7xx_hal.c.obj
                0x20000000                uwTickPrio
 .data.uwTickFreq
                0x20000004        0x1 CMakeFiles/AML_Micromouse_24_2.dir/Drivers/STM32H7xx_HAL_Driver/Src/stm32h7xx_hal.c.obj
                0x20000004                uwTickFreq
 *fill*         0x20000005        0x3 
 .data.SystemCoreClock
                0x20000008        0x4 CMakeFiles/AML_Micromouse_24_2.dir/Core/Src/system_stm32h7xx.c.obj
                0x20000008                SystemCoreClock
 .data.SystemD2Clock
                0x2000000c        0x4 CMakeFiles/AML_Micromouse_24_2.dir/Core/Src/system_stm32h7xx.c.obj
                0x2000000c                SystemD2Clock
                0x20000010                        . = ALIGN (0x4)
                0x20000010                        _edata = .

.igot.plt       0x20000010        0x0 load address 0x0800c6a4
 .igot.plt      0x20000010        0x0 C:/ST/STM32CubeCLT_1.16.0/GNU-tools-for-STM32/bin/../lib/gcc/arm-none-eabi/12.3.1/thumb/v7e-m+dp/hard/crtbegin.o
                0x20000010                        . = ALIGN (0x4)

.bss            0x20000010      0x3e4 load address 0x0800c6a4
                0x20000010                        _sbss = .
                0x20000010                        __bss_start__ = _sbss
 *(.bss)
 .bss           0x20000010       0x1c C:/ST/STM32CubeCLT_1.16.0/GNU-tools-for-STM32/bin/../lib/gcc/arm-none-eabi/12.3.1/thumb/v7e-m+dp/hard/crtbegin.o
 *(.bss*)
 .bss.hadc1     0x2000002c       0x64 CMakeFiles/AML_Micromouse_24_2.dir/Core/Src/main.c.obj
                0x2000002c                hadc1
 .bss.hi2c2     0x20000090       0x54 CMakeFiles/AML_Micromouse_24_2.dir/Core/Src/main.c.obj
                0x20000090                hi2c2
 .bss.hramecc1_m1
                0x200000e4       0x10 CMakeFiles/AML_Micromouse_24_2.dir/Core/Src/main.c.obj
                0x200000e4                hramecc1_m1
 .bss.hramecc1_m2
                0x200000f4       0x10 CMakeFiles/AML_Micromouse_24_2.dir/Core/Src/main.c.obj
                0x200000f4                hramecc1_m2
 .bss.hramecc1_m3
                0x20000104       0x10 CMakeFiles/AML_Micromouse_24_2.dir/Core/Src/main.c.obj
                0x20000104                hramecc1_m3
 .bss.hramecc1_m4
                0x20000114       0x10 CMakeFiles/AML_Micromouse_24_2.dir/Core/Src/main.c.obj
                0x20000114                hramecc1_m4
 .bss.hramecc1_m5
                0x20000124       0x10 CMakeFiles/AML_Micromouse_24_2.dir/Core/Src/main.c.obj
                0x20000124                hramecc1_m5
 .bss.hramecc2_m1
                0x20000134       0x10 CMakeFiles/AML_Micromouse_24_2.dir/Core/Src/main.c.obj
                0x20000134                hramecc2_m1
 .bss.hramecc2_m2
                0x20000144       0x10 CMakeFiles/AML_Micromouse_24_2.dir/Core/Src/main.c.obj
                0x20000144                hramecc2_m2
 .bss.hramecc2_m3
                0x20000154       0x10 CMakeFiles/AML_Micromouse_24_2.dir/Core/Src/main.c.obj
                0x20000154                hramecc2_m3
 .bss.hramecc2_m4
                0x20000164       0x10 CMakeFiles/AML_Micromouse_24_2.dir/Core/Src/main.c.obj
                0x20000164                hramecc2_m4
 .bss.hramecc2_m5
                0x20000174       0x10 CMakeFiles/AML_Micromouse_24_2.dir/Core/Src/main.c.obj
                0x20000174                hramecc2_m5
 .bss.hramecc3_m1
                0x20000184       0x10 CMakeFiles/AML_Micromouse_24_2.dir/Core/Src/main.c.obj
                0x20000184                hramecc3_m1
 .bss.hramecc3_m2
                0x20000194       0x10 CMakeFiles/AML_Micromouse_24_2.dir/Core/Src/main.c.obj
                0x20000194                hramecc3_m2
 .bss.htim1     0x200001a4       0x4c CMakeFiles/AML_Micromouse_24_2.dir/Core/Src/main.c.obj
                0x200001a4                htim1
 .bss.htim2     0x200001f0       0x4c CMakeFiles/AML_Micromouse_24_2.dir/Core/Src/main.c.obj
                0x200001f0                htim2
 .bss.htim4     0x2000023c       0x4c CMakeFiles/AML_Micromouse_24_2.dir/Core/Src/main.c.obj
                0x2000023c                htim4
 .bss.htim5     0x20000288       0x4c CMakeFiles/AML_Micromouse_24_2.dir/Core/Src/main.c.obj
                0x20000288                htim5
 .bss.huart3    0x200002d4       0x94 CMakeFiles/AML_Micromouse_24_2.dir/Core/Src/main.c.obj
                0x200002d4                huart3
 .bss.hdma_usart3_rx
                0x20000368       0x78 CMakeFiles/AML_Micromouse_24_2.dir/Core/Src/main.c.obj
                0x20000368                hdma_usart3_rx
 .bss.CurrentAngle
                0x200003e0        0x8 CMakeFiles/AML_Micromouse_24_2.dir/Core/Src/main.c.obj
                0x200003e0                CurrentAngle
 .bss.EncoderGetRightValue
                0x200003e8        0x4 CMakeFiles/AML_Micromouse_24_2.dir/Core/Src/main.c.obj
                0x200003e8                EncoderGetRightValue
 .bss.EncoderGetLeftValue
                0x200003ec        0x4 CMakeFiles/AML_Micromouse_24_2.dir/Core/Src/main.c.obj
                0x200003ec                EncoderGetLeftValue
 .bss.uwTick    0x200003f0        0x4 CMakeFiles/AML_Micromouse_24_2.dir/Drivers/STM32H7xx_HAL_Driver/Src/stm32h7xx_hal.c.obj
                0x200003f0                uwTick
 *(COMMON)
                0x200003f4                        . = ALIGN (0x4)
                0x200003f4                        _ebss = .
                0x200003f4                        __bss_end__ = _ebss

._user_heap_stack
                0x200003f4      0x604 load address 0x0800c6a4
                0x200003f8                        . = ALIGN (0x8)
 *fill*         0x200003f4        0x4 
                [!provide]                        PROVIDE (end = .)
                0x200003f8                        PROVIDE (_end = .)
                0x200005f8                        . = (. + _Min_Heap_Size)
 *fill*         0x200003f8      0x200 
                0x200009f8                        . = (. + _Min_Stack_Size)
 *fill*         0x200005f8      0x400 
                0x200009f8                        . = ALIGN (0x8)

/DISCARD/
 libc.a(*)
 libm.a(*)
 libgcc.a(*)

.ARM.attributes
                0x00000000       0x2e
 *(.ARM.attributes)
 .ARM.attributes
                0x00000000       0x20 C:/ST/STM32CubeCLT_1.16.0/GNU-tools-for-STM32/bin/../lib/gcc/arm-none-eabi/12.3.1/thumb/v7e-m+dp/hard/crti.o
 .ARM.attributes
                0x00000020       0x32 C:/ST/STM32CubeCLT_1.16.0/GNU-tools-for-STM32/bin/../lib/gcc/arm-none-eabi/12.3.1/thumb/v7e-m+dp/hard/crtbegin.o
 .ARM.attributes
                0x00000052       0x32 C:/ST/STM32CubeCLT_1.16.0/GNU-tools-for-STM32/bin/../lib/gcc/arm-none-eabi/12.3.1/../../../../arm-none-eabi/lib/thumb/v7e-m+dp/hard\libc_nano.a(libc_a-memset.o)
 .ARM.attributes
                0x00000084       0x32 C:/ST/STM32CubeCLT_1.16.0/GNU-tools-for-STM32/bin/../lib/gcc/arm-none-eabi/12.3.1/../../../../arm-none-eabi/lib/thumb/v7e-m+dp/hard\libc_nano.a(libc_a-init.o)
 .ARM.attributes
                0x000000b6       0x32 CMakeFiles/AML_Micromouse_24_2.dir/Core/Src/main.c.obj
 .ARM.attributes
                0x000000e8       0x32 CMakeFiles/AML_Micromouse_24_2.dir/Core/Src/stm32h7xx_it.c.obj
 .ARM.attributes
                0x0000011a       0x32 CMakeFiles/AML_Micromouse_24_2.dir/Core/Src/stm32h7xx_hal_msp.c.obj
 .ARM.attributes
                0x0000014c       0x32 CMakeFiles/AML_Micromouse_24_2.dir/Drivers/STM32H7xx_HAL_Driver/Src/stm32h7xx_hal_adc.c.obj
 .ARM.attributes
                0x0000017e       0x32 CMakeFiles/AML_Micromouse_24_2.dir/Drivers/STM32H7xx_HAL_Driver/Src/stm32h7xx_hal_adc_ex.c.obj
 .ARM.attributes
                0x000001b0       0x32 CMakeFiles/AML_Micromouse_24_2.dir/Drivers/STM32H7xx_HAL_Driver/Src/stm32h7xx_hal_rcc.c.obj
 .ARM.attributes
                0x000001e2       0x32 CMakeFiles/AML_Micromouse_24_2.dir/Drivers/STM32H7xx_HAL_Driver/Src/stm32h7xx_hal_rcc_ex.c.obj
 .ARM.attributes
                0x00000214       0x32 CMakeFiles/AML_Micromouse_24_2.dir/Drivers/STM32H7xx_HAL_Driver/Src/stm32h7xx_hal_gpio.c.obj
 .ARM.attributes
                0x00000246       0x32 CMakeFiles/AML_Micromouse_24_2.dir/Drivers/STM32H7xx_HAL_Driver/Src/stm32h7xx_hal_dma.c.obj
 .ARM.attributes
                0x00000278       0x32 CMakeFiles/AML_Micromouse_24_2.dir/Drivers/STM32H7xx_HAL_Driver/Src/stm32h7xx_hal_pwr_ex.c.obj
 .ARM.attributes
                0x000002aa       0x32 CMakeFiles/AML_Micromouse_24_2.dir/Drivers/STM32H7xx_HAL_Driver/Src/stm32h7xx_hal_cortex.c.obj
 .ARM.attributes
                0x000002dc       0x32 CMakeFiles/AML_Micromouse_24_2.dir/Drivers/STM32H7xx_HAL_Driver/Src/stm32h7xx_hal.c.obj
 .ARM.attributes
                0x0000030e       0x32 CMakeFiles/AML_Micromouse_24_2.dir/Drivers/STM32H7xx_HAL_Driver/Src/stm32h7xx_hal_i2c.c.obj
 .ARM.attributes
                0x00000340       0x32 CMakeFiles/AML_Micromouse_24_2.dir/Drivers/STM32H7xx_HAL_Driver/Src/stm32h7xx_hal_i2c_ex.c.obj
 .ARM.attributes
                0x00000372       0x32 CMakeFiles/AML_Micromouse_24_2.dir/Drivers/STM32H7xx_HAL_Driver/Src/stm32h7xx_hal_ramecc.c.obj
 .ARM.attributes
                0x000003a4       0x32 CMakeFiles/AML_Micromouse_24_2.dir/Drivers/STM32H7xx_HAL_Driver/Src/stm32h7xx_hal_tim.c.obj
 .ARM.attributes
                0x000003d6       0x32 CMakeFiles/AML_Micromouse_24_2.dir/Drivers/STM32H7xx_HAL_Driver/Src/stm32h7xx_hal_tim_ex.c.obj
 .ARM.attributes
                0x00000408       0x32 CMakeFiles/AML_Micromouse_24_2.dir/Drivers/STM32H7xx_HAL_Driver/Src/stm32h7xx_hal_uart.c.obj
 .ARM.attributes
                0x0000043a       0x32 CMakeFiles/AML_Micromouse_24_2.dir/Drivers/STM32H7xx_HAL_Driver/Src/stm32h7xx_hal_uart_ex.c.obj
 .ARM.attributes
                0x0000046c       0x32 CMakeFiles/AML_Micromouse_24_2.dir/Core/Src/system_stm32h7xx.c.obj
 .ARM.attributes
                0x0000049e       0x21 CMakeFiles/AML_Micromouse_24_2.dir/startup_stm32h743xx.s.obj
 .ARM.attributes
                0x000004bf       0x20 C:/ST/STM32CubeCLT_1.16.0/GNU-tools-for-STM32/bin/../lib/gcc/arm-none-eabi/12.3.1/thumb/v7e-m+dp/hard\libgcc.a(_aeabi_uldivmod.o)
 .ARM.attributes
                0x000004df       0x32 C:/ST/STM32CubeCLT_1.16.0/GNU-tools-for-STM32/bin/../lib/gcc/arm-none-eabi/12.3.1/thumb/v7e-m+dp/hard\libgcc.a(_udivmoddi4.o)
 .ARM.attributes
                0x00000511       0x20 C:/ST/STM32CubeCLT_1.16.0/GNU-tools-for-STM32/bin/../lib/gcc/arm-none-eabi/12.3.1/thumb/v7e-m+dp/hard\libgcc.a(_dvmd_tls.o)
 .ARM.attributes
                0x00000531       0x20 C:/ST/STM32CubeCLT_1.16.0/GNU-tools-for-STM32/bin/../lib/gcc/arm-none-eabi/12.3.1/thumb/v7e-m+dp/hard/crtn.o
OUTPUT(AML_Micromouse_24_2.elf elf32-littlearm)
LOAD linker stubs
LOAD C:/ST/STM32CubeCLT_1.16.0/GNU-tools-for-STM32/bin/../lib/gcc/arm-none-eabi/12.3.1/../../../../arm-none-eabi/lib/thumb/v7e-m+dp/hard\libc.a
LOAD C:/ST/STM32CubeCLT_1.16.0/GNU-tools-for-STM32/bin/../lib/gcc/arm-none-eabi/12.3.1/../../../../arm-none-eabi/lib/thumb/v7e-m+dp/hard\libm.a
LOAD C:/ST/STM32CubeCLT_1.16.0/GNU-tools-for-STM32/bin/../lib/gcc/arm-none-eabi/12.3.1/thumb/v7e-m+dp/hard\libgcc.a

.debug_frame    0x00000000     0x6a28
 .debug_frame   0x00000000       0x20 C:/ST/STM32CubeCLT_1.16.0/GNU-tools-for-STM32/bin/../lib/gcc/arm-none-eabi/12.3.1/../../../../arm-none-eabi/lib/thumb/v7e-m+dp/hard\libc_nano.a(libc_a-memset.o)
 .debug_frame   0x00000020       0x2c C:/ST/STM32CubeCLT_1.16.0/GNU-tools-for-STM32/bin/../lib/gcc/arm-none-eabi/12.3.1/../../../../arm-none-eabi/lib/thumb/v7e-m+dp/hard\libc_nano.a(libc_a-init.o)
 .debug_frame   0x0000004c      0x1e0 CMakeFiles/AML_Micromouse_24_2.dir/Core/Src/main.c.obj
 .debug_frame   0x0000022c      0x158 CMakeFiles/AML_Micromouse_24_2.dir/Core/Src/stm32h7xx_it.c.obj
 .debug_frame   0x00000384      0x1d8 CMakeFiles/AML_Micromouse_24_2.dir/Core/Src/stm32h7xx_hal_msp.c.obj
 .debug_frame   0x0000055c      0xa28 CMakeFiles/AML_Micromouse_24_2.dir/Drivers/STM32H7xx_HAL_Driver/Src/stm32h7xx_hal_adc.c.obj
 .debug_frame   0x00000f84      0x88c CMakeFiles/AML_Micromouse_24_2.dir/Drivers/STM32H7xx_HAL_Driver/Src/stm32h7xx_hal_adc_ex.c.obj
 .debug_frame   0x00001810      0x1f8 CMakeFiles/AML_Micromouse_24_2.dir/Drivers/STM32H7xx_HAL_Driver/Src/stm32h7xx_hal_rcc.c.obj
 .debug_frame   0x00001a08      0x414 CMakeFiles/AML_Micromouse_24_2.dir/Drivers/STM32H7xx_HAL_Driver/Src/stm32h7xx_hal_rcc_ex.c.obj
 .debug_frame   0x00001e1c      0x14c CMakeFiles/AML_Micromouse_24_2.dir/Drivers/STM32H7xx_HAL_Driver/Src/stm32h7xx_hal_gpio.c.obj
 .debug_frame   0x00001f68      0x2b4 CMakeFiles/AML_Micromouse_24_2.dir/Drivers/STM32H7xx_HAL_Driver/Src/stm32h7xx_hal_dma.c.obj
 .debug_frame   0x0000221c      0x580 CMakeFiles/AML_Micromouse_24_2.dir/Drivers/STM32H7xx_HAL_Driver/Src/stm32h7xx_hal_pwr_ex.c.obj
 .debug_frame   0x0000279c      0x508 CMakeFiles/AML_Micromouse_24_2.dir/Drivers/STM32H7xx_HAL_Driver/Src/stm32h7xx_hal_cortex.c.obj
 .debug_frame   0x00002ca4      0x690 CMakeFiles/AML_Micromouse_24_2.dir/Drivers/STM32H7xx_HAL_Driver/Src/stm32h7xx_hal.c.obj
 .debug_frame   0x00003334      0xc40 CMakeFiles/AML_Micromouse_24_2.dir/Drivers/STM32H7xx_HAL_Driver/Src/stm32h7xx_hal_i2c.c.obj
 .debug_frame   0x00003f74      0x100 CMakeFiles/AML_Micromouse_24_2.dir/Drivers/STM32H7xx_HAL_Driver/Src/stm32h7xx_hal_i2c_ex.c.obj
 .debug_frame   0x00004074      0x2b4 CMakeFiles/AML_Micromouse_24_2.dir/Drivers/STM32H7xx_HAL_Driver/Src/stm32h7xx_hal_ramecc.c.obj
 .debug_frame   0x00004328     0x121c CMakeFiles/AML_Micromouse_24_2.dir/Drivers/STM32H7xx_HAL_Driver/Src/stm32h7xx_hal_tim.c.obj
 .debug_frame   0x00005544      0x6d8 CMakeFiles/AML_Micromouse_24_2.dir/Drivers/STM32H7xx_HAL_Driver/Src/stm32h7xx_hal_tim_ex.c.obj
 .debug_frame   0x00005c1c      0xa94 CMakeFiles/AML_Micromouse_24_2.dir/Drivers/STM32H7xx_HAL_Driver/Src/stm32h7xx_hal_uart.c.obj
 .debug_frame   0x000066b0      0x2c0 CMakeFiles/AML_Micromouse_24_2.dir/Drivers/STM32H7xx_HAL_Driver/Src/stm32h7xx_hal_uart_ex.c.obj
 .debug_frame   0x00006970       0x58 CMakeFiles/AML_Micromouse_24_2.dir/Core/Src/system_stm32h7xx.c.obj
 .debug_frame   0x000069c8       0x2c C:/ST/STM32CubeCLT_1.16.0/GNU-tools-for-STM32/bin/../lib/gcc/arm-none-eabi/12.3.1/thumb/v7e-m+dp/hard\libgcc.a(_aeabi_uldivmod.o)
 .debug_frame   0x000069f4       0x34 C:/ST/STM32CubeCLT_1.16.0/GNU-tools-for-STM32/bin/../lib/gcc/arm-none-eabi/12.3.1/thumb/v7e-m+dp/hard\libgcc.a(_udivmoddi4.o)

.debug_info     0x00000000    0x1eb0d
 .debug_info    0x00000000     0x2d0a CMakeFiles/AML_Micromouse_24_2.dir/Core/Src/main.c.obj
 .debug_info    0x00002d0a      0xcf5 CMakeFiles/AML_Micromouse_24_2.dir/Core/Src/stm32h7xx_it.c.obj
 .debug_info    0x000039ff     0x22ef CMakeFiles/AML_Micromouse_24_2.dir/Core/Src/stm32h7xx_hal_msp.c.obj
 .debug_info    0x00005cee     0x1ed2 CMakeFiles/AML_Micromouse_24_2.dir/Drivers/STM32H7xx_HAL_Driver/Src/stm32h7xx_hal_adc.c.obj
 .debug_info    0x00007bc0     0x1fed CMakeFiles/AML_Micromouse_24_2.dir/Drivers/STM32H7xx_HAL_Driver/Src/stm32h7xx_hal_adc_ex.c.obj
 .debug_info    0x00009bad      0xe5b CMakeFiles/AML_Micromouse_24_2.dir/Drivers/STM32H7xx_HAL_Driver/Src/stm32h7xx_hal_rcc.c.obj
 .debug_info    0x0000aa08     0x1216 CMakeFiles/AML_Micromouse_24_2.dir/Drivers/STM32H7xx_HAL_Driver/Src/stm32h7xx_hal_rcc_ex.c.obj
 .debug_info    0x0000bc1e      0xc4b CMakeFiles/AML_Micromouse_24_2.dir/Drivers/STM32H7xx_HAL_Driver/Src/stm32h7xx_hal_gpio.c.obj
 .debug_info    0x0000c869      0xc27 CMakeFiles/AML_Micromouse_24_2.dir/Drivers/STM32H7xx_HAL_Driver/Src/stm32h7xx_hal_dma.c.obj
 .debug_info    0x0000d490     0x1008 CMakeFiles/AML_Micromouse_24_2.dir/Drivers/STM32H7xx_HAL_Driver/Src/stm32h7xx_hal_pwr_ex.c.obj
 .debug_info    0x0000e498     0x10ac CMakeFiles/AML_Micromouse_24_2.dir/Drivers/STM32H7xx_HAL_Driver/Src/stm32h7xx_hal_cortex.c.obj
 .debug_info    0x0000f544     0x153b CMakeFiles/AML_Micromouse_24_2.dir/Drivers/STM32H7xx_HAL_Driver/Src/stm32h7xx_hal.c.obj
 .debug_info    0x00010a7f     0x22a1 CMakeFiles/AML_Micromouse_24_2.dir/Drivers/STM32H7xx_HAL_Driver/Src/stm32h7xx_hal_i2c.c.obj
 .debug_info    0x00012d20      0xd84 CMakeFiles/AML_Micromouse_24_2.dir/Drivers/STM32H7xx_HAL_Driver/Src/stm32h7xx_hal_i2c_ex.c.obj
 .debug_info    0x00013aa4      0x4df CMakeFiles/AML_Micromouse_24_2.dir/Drivers/STM32H7xx_HAL_Driver/Src/stm32h7xx_hal_ramecc.c.obj
 .debug_info    0x00013f83     0x2bae CMakeFiles/AML_Micromouse_24_2.dir/Drivers/STM32H7xx_HAL_Driver/Src/stm32h7xx_hal_tim.c.obj
 .debug_info    0x00016b31     0x17eb CMakeFiles/AML_Micromouse_24_2.dir/Drivers/STM32H7xx_HAL_Driver/Src/stm32h7xx_hal_tim_ex.c.obj
 .debug_info    0x0001831c     0x4b13 CMakeFiles/AML_Micromouse_24_2.dir/Drivers/STM32H7xx_HAL_Driver/Src/stm32h7xx_hal_uart.c.obj
 .debug_info    0x0001ce2f      0xfbf CMakeFiles/AML_Micromouse_24_2.dir/Drivers/STM32H7xx_HAL_Driver/Src/stm32h7xx_hal_uart_ex.c.obj
 .debug_info    0x0001ddee      0xcef CMakeFiles/AML_Micromouse_24_2.dir/Core/Src/system_stm32h7xx.c.obj
 .debug_info    0x0001eadd       0x30 CMakeFiles/AML_Micromouse_24_2.dir/startup_stm32h743xx.s.obj

.debug_abbrev   0x00000000     0x319c
 .debug_abbrev  0x00000000      0x32f CMakeFiles/AML_Micromouse_24_2.dir/Core/Src/main.c.obj
 .debug_abbrev  0x0000032f      0x195 CMakeFiles/AML_Micromouse_24_2.dir/Core/Src/stm32h7xx_it.c.obj
 .debug_abbrev  0x000004c4      0x29f CMakeFiles/AML_Micromouse_24_2.dir/Core/Src/stm32h7xx_hal_msp.c.obj
 .debug_abbrev  0x00000763      0x2d3 CMakeFiles/AML_Micromouse_24_2.dir/Drivers/STM32H7xx_HAL_Driver/Src/stm32h7xx_hal_adc.c.obj
 .debug_abbrev  0x00000a36      0x31b CMakeFiles/AML_Micromouse_24_2.dir/Drivers/STM32H7xx_HAL_Driver/Src/stm32h7xx_hal_adc_ex.c.obj
 .debug_abbrev  0x00000d51      0x2c8 CMakeFiles/AML_Micromouse_24_2.dir/Drivers/STM32H7xx_HAL_Driver/Src/stm32h7xx_hal_rcc.c.obj
 .debug_abbrev  0x00001019      0x269 CMakeFiles/AML_Micromouse_24_2.dir/Drivers/STM32H7xx_HAL_Driver/Src/stm32h7xx_hal_rcc_ex.c.obj
 .debug_abbrev  0x00001282      0x1fe CMakeFiles/AML_Micromouse_24_2.dir/Drivers/STM32H7xx_HAL_Driver/Src/stm32h7xx_hal_gpio.c.obj
 .debug_abbrev  0x00001480      0x248 CMakeFiles/AML_Micromouse_24_2.dir/Drivers/STM32H7xx_HAL_Driver/Src/stm32h7xx_hal_dma.c.obj
 .debug_abbrev  0x000016c8      0x2a7 CMakeFiles/AML_Micromouse_24_2.dir/Drivers/STM32H7xx_HAL_Driver/Src/stm32h7xx_hal_pwr_ex.c.obj
 .debug_abbrev  0x0000196f      0x339 CMakeFiles/AML_Micromouse_24_2.dir/Drivers/STM32H7xx_HAL_Driver/Src/stm32h7xx_hal_cortex.c.obj
 .debug_abbrev  0x00001ca8      0x295 CMakeFiles/AML_Micromouse_24_2.dir/Drivers/STM32H7xx_HAL_Driver/Src/stm32h7xx_hal.c.obj
 .debug_abbrev  0x00001f3d      0x25d CMakeFiles/AML_Micromouse_24_2.dir/Drivers/STM32H7xx_HAL_Driver/Src/stm32h7xx_hal_i2c.c.obj
 .debug_abbrev  0x0000219a      0x1f5 CMakeFiles/AML_Micromouse_24_2.dir/Drivers/STM32H7xx_HAL_Driver/Src/stm32h7xx_hal_i2c_ex.c.obj
 .debug_abbrev  0x0000238f      0x197 CMakeFiles/AML_Micromouse_24_2.dir/Drivers/STM32H7xx_HAL_Driver/Src/stm32h7xx_hal_ramecc.c.obj
 .debug_abbrev  0x00002526      0x276 CMakeFiles/AML_Micromouse_24_2.dir/Drivers/STM32H7xx_HAL_Driver/Src/stm32h7xx_hal_tim.c.obj
 .debug_abbrev  0x0000279c      0x281 CMakeFiles/AML_Micromouse_24_2.dir/Drivers/STM32H7xx_HAL_Driver/Src/stm32h7xx_hal_tim_ex.c.obj
 .debug_abbrev  0x00002a1d      0x33d CMakeFiles/AML_Micromouse_24_2.dir/Drivers/STM32H7xx_HAL_Driver/Src/stm32h7xx_hal_uart.c.obj
 .debug_abbrev  0x00002d5a      0x2d2 CMakeFiles/AML_Micromouse_24_2.dir/Drivers/STM32H7xx_HAL_Driver/Src/stm32h7xx_hal_uart_ex.c.obj
 .debug_abbrev  0x0000302c      0x14c CMakeFiles/AML_Micromouse_24_2.dir/Core/Src/system_stm32h7xx.c.obj
 .debug_abbrev  0x00003178       0x24 CMakeFiles/AML_Micromouse_24_2.dir/startup_stm32h743xx.s.obj

.debug_aranges  0x00000000     0x1840
 .debug_aranges
                0x00000000       0x88 CMakeFiles/AML_Micromouse_24_2.dir/Core/Src/main.c.obj
 .debug_aranges
                0x00000088       0x78 CMakeFiles/AML_Micromouse_24_2.dir/Core/Src/stm32h7xx_it.c.obj
 .debug_aranges
                0x00000100       0x78 CMakeFiles/AML_Micromouse_24_2.dir/Core/Src/stm32h7xx_hal_msp.c.obj
 .debug_aranges
                0x00000178      0x228 CMakeFiles/AML_Micromouse_24_2.dir/Drivers/STM32H7xx_HAL_Driver/Src/stm32h7xx_hal_adc.c.obj
 .debug_aranges
                0x000003a0      0x1d8 CMakeFiles/AML_Micromouse_24_2.dir/Drivers/STM32H7xx_HAL_Driver/Src/stm32h7xx_hal_adc_ex.c.obj
 .debug_aranges
                0x00000578       0x88 CMakeFiles/AML_Micromouse_24_2.dir/Drivers/STM32H7xx_HAL_Driver/Src/stm32h7xx_hal_rcc.c.obj
 .debug_aranges
                0x00000600       0xf8 CMakeFiles/AML_Micromouse_24_2.dir/Drivers/STM32H7xx_HAL_Driver/Src/stm32h7xx_hal_rcc_ex.c.obj
 .debug_aranges
                0x000006f8       0x58 CMakeFiles/AML_Micromouse_24_2.dir/Drivers/STM32H7xx_HAL_Driver/Src/stm32h7xx_hal_gpio.c.obj
 .debug_aranges
                0x00000750       0xa0 CMakeFiles/AML_Micromouse_24_2.dir/Drivers/STM32H7xx_HAL_Driver/Src/stm32h7xx_hal_dma.c.obj
 .debug_aranges
                0x000007f0      0x158 CMakeFiles/AML_Micromouse_24_2.dir/Drivers/STM32H7xx_HAL_Driver/Src/stm32h7xx_hal_pwr_ex.c.obj
 .debug_aranges
                0x00000948      0x130 CMakeFiles/AML_Micromouse_24_2.dir/Drivers/STM32H7xx_HAL_Driver/Src/stm32h7xx_hal_cortex.c.obj
 .debug_aranges
                0x00000a78      0x198 CMakeFiles/AML_Micromouse_24_2.dir/Drivers/STM32H7xx_HAL_Driver/Src/stm32h7xx_hal.c.obj
 .debug_aranges
                0x00000c10      0x2a0 CMakeFiles/AML_Micromouse_24_2.dir/Drivers/STM32H7xx_HAL_Driver/Src/stm32h7xx_hal_i2c.c.obj
 .debug_aranges
                0x00000eb0       0x48 CMakeFiles/AML_Micromouse_24_2.dir/Drivers/STM32H7xx_HAL_Driver/Src/stm32h7xx_hal_i2c_ex.c.obj
 .debug_aranges
                0x00000ef8       0xa0 CMakeFiles/AML_Micromouse_24_2.dir/Drivers/STM32H7xx_HAL_Driver/Src/stm32h7xx_hal_ramecc.c.obj
 .debug_aranges
                0x00000f98      0x3e0 CMakeFiles/AML_Micromouse_24_2.dir/Drivers/STM32H7xx_HAL_Driver/Src/stm32h7xx_hal_tim.c.obj
 .debug_aranges
                0x00001378      0x188 CMakeFiles/AML_Micromouse_24_2.dir/Drivers/STM32H7xx_HAL_Driver/Src/stm32h7xx_hal_tim_ex.c.obj
 .debug_aranges
                0x00001500      0x248 CMakeFiles/AML_Micromouse_24_2.dir/Drivers/STM32H7xx_HAL_Driver/Src/stm32h7xx_hal_uart.c.obj
 .debug_aranges
                0x00001748       0xa8 CMakeFiles/AML_Micromouse_24_2.dir/Drivers/STM32H7xx_HAL_Driver/Src/stm32h7xx_hal_uart_ex.c.obj
 .debug_aranges
                0x000017f0       0x28 CMakeFiles/AML_Micromouse_24_2.dir/Core/Src/system_stm32h7xx.c.obj
 .debug_aranges
                0x00001818       0x28 CMakeFiles/AML_Micromouse_24_2.dir/startup_stm32h743xx.s.obj

.debug_rnglists
                0x00000000     0x131a
 .debug_rnglists
                0x00000000       0x6c CMakeFiles/AML_Micromouse_24_2.dir/Core/Src/main.c.obj
 .debug_rnglists
                0x0000006c       0x55 CMakeFiles/AML_Micromouse_24_2.dir/Core/Src/stm32h7xx_it.c.obj
 .debug_rnglists
                0x000000c1       0x5a CMakeFiles/AML_Micromouse_24_2.dir/Core/Src/stm32h7xx_hal_msp.c.obj
 .debug_rnglists
                0x0000011b      0x1a9 CMakeFiles/AML_Micromouse_24_2.dir/Drivers/STM32H7xx_HAL_Driver/Src/stm32h7xx_hal_adc.c.obj
 .debug_rnglists
                0x000002c4      0x16f CMakeFiles/AML_Micromouse_24_2.dir/Drivers/STM32H7xx_HAL_Driver/Src/stm32h7xx_hal_adc_ex.c.obj
 .debug_rnglists
                0x00000433       0x68 CMakeFiles/AML_Micromouse_24_2.dir/Drivers/STM32H7xx_HAL_Driver/Src/stm32h7xx_hal_rcc.c.obj
 .debug_rnglists
                0x0000049b       0xc0 CMakeFiles/AML_Micromouse_24_2.dir/Drivers/STM32H7xx_HAL_Driver/Src/stm32h7xx_hal_rcc_ex.c.obj
 .debug_rnglists
                0x0000055b       0x3f CMakeFiles/AML_Micromouse_24_2.dir/Drivers/STM32H7xx_HAL_Driver/Src/stm32h7xx_hal_gpio.c.obj
 .debug_rnglists
                0x0000059a       0x82 CMakeFiles/AML_Micromouse_24_2.dir/Drivers/STM32H7xx_HAL_Driver/Src/stm32h7xx_hal_dma.c.obj
 .debug_rnglists
                0x0000061c      0x103 CMakeFiles/AML_Micromouse_24_2.dir/Drivers/STM32H7xx_HAL_Driver/Src/stm32h7xx_hal_pwr_ex.c.obj
 .debug_rnglists
                0x0000071f       0xe0 CMakeFiles/AML_Micromouse_24_2.dir/Drivers/STM32H7xx_HAL_Driver/Src/stm32h7xx_hal_cortex.c.obj
 .debug_rnglists
                0x000007ff      0x131 CMakeFiles/AML_Micromouse_24_2.dir/Drivers/STM32H7xx_HAL_Driver/Src/stm32h7xx_hal.c.obj
 .debug_rnglists
                0x00000930      0x22a CMakeFiles/AML_Micromouse_24_2.dir/Drivers/STM32H7xx_HAL_Driver/Src/stm32h7xx_hal_i2c.c.obj
 .debug_rnglists
                0x00000b5a       0x35 CMakeFiles/AML_Micromouse_24_2.dir/Drivers/STM32H7xx_HAL_Driver/Src/stm32h7xx_hal_i2c_ex.c.obj
 .debug_rnglists
                0x00000b8f       0x77 CMakeFiles/AML_Micromouse_24_2.dir/Drivers/STM32H7xx_HAL_Driver/Src/stm32h7xx_hal_ramecc.c.obj
 .debug_rnglists
                0x00000c06      0x328 CMakeFiles/AML_Micromouse_24_2.dir/Drivers/STM32H7xx_HAL_Driver/Src/stm32h7xx_hal_tim.c.obj
 .debug_rnglists
                0x00000f2e      0x13f CMakeFiles/AML_Micromouse_24_2.dir/Drivers/STM32H7xx_HAL_Driver/Src/stm32h7xx_hal_tim_ex.c.obj
 .debug_rnglists
                0x0000106d      0x1fa CMakeFiles/AML_Micromouse_24_2.dir/Drivers/STM32H7xx_HAL_Driver/Src/stm32h7xx_hal_uart.c.obj
 .debug_rnglists
                0x00001267       0x7f CMakeFiles/AML_Micromouse_24_2.dir/Drivers/STM32H7xx_HAL_Driver/Src/stm32h7xx_hal_uart_ex.c.obj
 .debug_rnglists
                0x000012e6       0x1b CMakeFiles/AML_Micromouse_24_2.dir/Core/Src/system_stm32h7xx.c.obj
 .debug_rnglists
                0x00001301       0x19 CMakeFiles/AML_Micromouse_24_2.dir/startup_stm32h743xx.s.obj

.debug_macro    0x00000000    0x3994b
 .debug_macro   0x00000000      0x34d CMakeFiles/AML_Micromouse_24_2.dir/Core/Src/main.c.obj
 .debug_macro   0x0000034d      0xacc CMakeFiles/AML_Micromouse_24_2.dir/Core/Src/main.c.obj
 .debug_macro   0x00000e19      0x244 CMakeFiles/AML_Micromouse_24_2.dir/Core/Src/main.c.obj
 .debug_macro   0x0000105d       0x2e CMakeFiles/AML_Micromouse_24_2.dir/Core/Src/main.c.obj
 .debug_macro   0x0000108b       0x3b CMakeFiles/AML_Micromouse_24_2.dir/Core/Src/main.c.obj
 .debug_macro   0x000010c6       0x22 CMakeFiles/AML_Micromouse_24_2.dir/Core/Src/main.c.obj
 .debug_macro   0x000010e8       0x8e CMakeFiles/AML_Micromouse_24_2.dir/Core/Src/main.c.obj
 .debug_macro   0x00001176       0x51 CMakeFiles/AML_Micromouse_24_2.dir/Core/Src/main.c.obj
 .debug_macro   0x000011c7      0x103 CMakeFiles/AML_Micromouse_24_2.dir/Core/Src/main.c.obj
 .debug_macro   0x000012ca       0x6a CMakeFiles/AML_Micromouse_24_2.dir/Core/Src/main.c.obj
 .debug_macro   0x00001334      0x1df CMakeFiles/AML_Micromouse_24_2.dir/Core/Src/main.c.obj
 .debug_macro   0x00001513       0x1c CMakeFiles/AML_Micromouse_24_2.dir/Core/Src/main.c.obj
 .debug_macro   0x0000152f       0x22 CMakeFiles/AML_Micromouse_24_2.dir/Core/Src/main.c.obj
 .debug_macro   0x00001551       0xfb CMakeFiles/AML_Micromouse_24_2.dir/Core/Src/main.c.obj
 .debug_macro   0x0000164c     0x1305 CMakeFiles/AML_Micromouse_24_2.dir/Core/Src/main.c.obj
 .debug_macro   0x00002951      0x11f CMakeFiles/AML_Micromouse_24_2.dir/Core/Src/main.c.obj
 .debug_macro   0x00002a70       0x27 CMakeFiles/AML_Micromouse_24_2.dir/Core/Src/main.c.obj
 .debug_macro   0x00002a97    0x258f9 CMakeFiles/AML_Micromouse_24_2.dir/Core/Src/main.c.obj
 .debug_macro   0x00028390       0x6d CMakeFiles/AML_Micromouse_24_2.dir/Core/Src/main.c.obj
 .debug_macro   0x000283fd     0x3d79 CMakeFiles/AML_Micromouse_24_2.dir/Core/Src/main.c.obj
 .debug_macro   0x0002c176      0x189 CMakeFiles/AML_Micromouse_24_2.dir/Core/Src/main.c.obj
 .debug_macro   0x0002c2ff       0x74 CMakeFiles/AML_Micromouse_24_2.dir/Core/Src/main.c.obj
 .debug_macro   0x0002c373       0x29 CMakeFiles/AML_Micromouse_24_2.dir/Core/Src/main.c.obj
 .debug_macro   0x0002c39c       0x3c CMakeFiles/AML_Micromouse_24_2.dir/Core/Src/main.c.obj
 .debug_macro   0x0002c3d8       0x34 CMakeFiles/AML_Micromouse_24_2.dir/Core/Src/main.c.obj
 .debug_macro   0x0002c40c       0x16 CMakeFiles/AML_Micromouse_24_2.dir/Core/Src/main.c.obj
 .debug_macro   0x0002c422       0x43 CMakeFiles/AML_Micromouse_24_2.dir/Core/Src/main.c.obj
 .debug_macro   0x0002c465       0x34 CMakeFiles/AML_Micromouse_24_2.dir/Core/Src/main.c.obj
 .debug_macro   0x0002c499       0x10 CMakeFiles/AML_Micromouse_24_2.dir/Core/Src/main.c.obj
 .debug_macro   0x0002c4a9       0x58 CMakeFiles/AML_Micromouse_24_2.dir/Core/Src/main.c.obj
 .debug_macro   0x0002c501      0x1de CMakeFiles/AML_Micromouse_24_2.dir/Core/Src/main.c.obj
 .debug_macro   0x0002c6df      0x369 CMakeFiles/AML_Micromouse_24_2.dir/Core/Src/main.c.obj
 .debug_macro   0x0002ca48      0x19b CMakeFiles/AML_Micromouse_24_2.dir/Core/Src/main.c.obj
 .debug_macro   0x0002cbe3       0x5d CMakeFiles/AML_Micromouse_24_2.dir/Core/Src/main.c.obj
 .debug_macro   0x0002cc40     0x2382 CMakeFiles/AML_Micromouse_24_2.dir/Core/Src/main.c.obj
 .debug_macro   0x0002efc2     0x102c CMakeFiles/AML_Micromouse_24_2.dir/Core/Src/main.c.obj
 .debug_macro   0x0002ffee      0x154 CMakeFiles/AML_Micromouse_24_2.dir/Core/Src/main.c.obj
 .debug_macro   0x00030142      0x114 CMakeFiles/AML_Micromouse_24_2.dir/Core/Src/main.c.obj
 .debug_macro   0x00030256      0x3b6 CMakeFiles/AML_Micromouse_24_2.dir/Core/Src/main.c.obj
 .debug_macro   0x0003060c       0xac CMakeFiles/AML_Micromouse_24_2.dir/Core/Src/main.c.obj
 .debug_macro   0x000306b8      0x72d CMakeFiles/AML_Micromouse_24_2.dir/Core/Src/main.c.obj
 .debug_macro   0x00030de5      0x228 CMakeFiles/AML_Micromouse_24_2.dir/Core/Src/main.c.obj
 .debug_macro   0x0003100d       0x66 CMakeFiles/AML_Micromouse_24_2.dir/Core/Src/main.c.obj
 .debug_macro   0x00031073      0x3bb CMakeFiles/AML_Micromouse_24_2.dir/Core/Src/main.c.obj
 .debug_macro   0x0003142e      0x3e4 CMakeFiles/AML_Micromouse_24_2.dir/Core/Src/main.c.obj
 .debug_macro   0x00031812      0x275 CMakeFiles/AML_Micromouse_24_2.dir/Core/Src/main.c.obj
 .debug_macro   0x00031a87     0x1044 CMakeFiles/AML_Micromouse_24_2.dir/Core/Src/main.c.obj
 .debug_macro   0x00032acb      0x6cc CMakeFiles/AML_Micromouse_24_2.dir/Core/Src/main.c.obj
 .debug_macro   0x00033197      0x36e CMakeFiles/AML_Micromouse_24_2.dir/Core/Src/main.c.obj
 .debug_macro   0x00033505      0x3ca CMakeFiles/AML_Micromouse_24_2.dir/Core/Src/main.c.obj
 .debug_macro   0x000338cf      0x408 CMakeFiles/AML_Micromouse_24_2.dir/Core/Src/main.c.obj
 .debug_macro   0x00033cd7       0x51 CMakeFiles/AML_Micromouse_24_2.dir/Core/Src/main.c.obj
 .debug_macro   0x00033d28       0x4a CMakeFiles/AML_Micromouse_24_2.dir/Core/Src/main.c.obj
 .debug_macro   0x00033d72      0x22c CMakeFiles/AML_Micromouse_24_2.dir/Core/Src/main.c.obj
 .debug_macro   0x00033f9e       0x67 CMakeFiles/AML_Micromouse_24_2.dir/Core/Src/main.c.obj
 .debug_macro   0x00034005       0xa5 CMakeFiles/AML_Micromouse_24_2.dir/Core/Src/main.c.obj
 .debug_macro   0x000340aa      0x1c4 CMakeFiles/AML_Micromouse_24_2.dir/Core/Src/main.c.obj
 .debug_macro   0x0003426e      0x25e CMakeFiles/AML_Micromouse_24_2.dir/Core/Src/main.c.obj
 .debug_macro   0x000344cc       0x35 CMakeFiles/AML_Micromouse_24_2.dir/Core/Src/main.c.obj
 .debug_macro   0x00034501       0xf5 CMakeFiles/AML_Micromouse_24_2.dir/Core/Src/main.c.obj
 .debug_macro   0x000345f6      0xafa CMakeFiles/AML_Micromouse_24_2.dir/Core/Src/main.c.obj
 .debug_macro   0x000350f0      0x29f CMakeFiles/AML_Micromouse_24_2.dir/Core/Src/main.c.obj
 .debug_macro   0x0003538f      0x693 CMakeFiles/AML_Micromouse_24_2.dir/Core/Src/main.c.obj
 .debug_macro   0x00035a22       0xa6 CMakeFiles/AML_Micromouse_24_2.dir/Core/Src/main.c.obj
 .debug_macro   0x00035ac8      0x5a0 CMakeFiles/AML_Micromouse_24_2.dir/Core/Src/main.c.obj
 .debug_macro   0x00036068      0x154 CMakeFiles/AML_Micromouse_24_2.dir/Core/Src/main.c.obj
 .debug_macro   0x000361bc       0x94 CMakeFiles/AML_Micromouse_24_2.dir/Core/Src/main.c.obj
 .debug_macro   0x00036250      0x2de CMakeFiles/AML_Micromouse_24_2.dir/Core/Src/stm32h7xx_it.c.obj
 .debug_macro   0x0003652e      0x2d4 CMakeFiles/AML_Micromouse_24_2.dir/Core/Src/stm32h7xx_hal_msp.c.obj
 .debug_macro   0x00036802      0x2e9 CMakeFiles/AML_Micromouse_24_2.dir/Drivers/STM32H7xx_HAL_Driver/Src/stm32h7xx_hal_adc.c.obj
 .debug_macro   0x00036aeb      0x2d1 CMakeFiles/AML_Micromouse_24_2.dir/Drivers/STM32H7xx_HAL_Driver/Src/stm32h7xx_hal_adc_ex.c.obj
 .debug_macro   0x00036dbc      0x2e9 CMakeFiles/AML_Micromouse_24_2.dir/Drivers/STM32H7xx_HAL_Driver/Src/stm32h7xx_hal_rcc.c.obj
 .debug_macro   0x000370a5      0x2e3 CMakeFiles/AML_Micromouse_24_2.dir/Drivers/STM32H7xx_HAL_Driver/Src/stm32h7xx_hal_rcc_ex.c.obj
 .debug_macro   0x00037388      0x2cc CMakeFiles/AML_Micromouse_24_2.dir/Drivers/STM32H7xx_HAL_Driver/Src/stm32h7xx_hal_gpio.c.obj
 .debug_macro   0x00037654      0x319 CMakeFiles/AML_Micromouse_24_2.dir/Drivers/STM32H7xx_HAL_Driver/Src/stm32h7xx_hal_dma.c.obj
 .debug_macro   0x0003796d      0x2fe CMakeFiles/AML_Micromouse_24_2.dir/Drivers/STM32H7xx_HAL_Driver/Src/stm32h7xx_hal_pwr_ex.c.obj
 .debug_macro   0x00037c6b      0x2c5 CMakeFiles/AML_Micromouse_24_2.dir/Drivers/STM32H7xx_HAL_Driver/Src/stm32h7xx_hal_cortex.c.obj
 .debug_macro   0x00037f30      0x2ef CMakeFiles/AML_Micromouse_24_2.dir/Drivers/STM32H7xx_HAL_Driver/Src/stm32h7xx_hal.c.obj
 .debug_macro   0x0003821f      0x391 CMakeFiles/AML_Micromouse_24_2.dir/Drivers/STM32H7xx_HAL_Driver/Src/stm32h7xx_hal_i2c.c.obj
 .debug_macro   0x000385b0      0x2c5 CMakeFiles/AML_Micromouse_24_2.dir/Drivers/STM32H7xx_HAL_Driver/Src/stm32h7xx_hal_i2c_ex.c.obj
 .debug_macro   0x00038875      0x2c5 CMakeFiles/AML_Micromouse_24_2.dir/Drivers/STM32H7xx_HAL_Driver/Src/stm32h7xx_hal_ramecc.c.obj
 .debug_macro   0x00038b3a      0x2c6 CMakeFiles/AML_Micromouse_24_2.dir/Drivers/STM32H7xx_HAL_Driver/Src/stm32h7xx_hal_tim.c.obj
 .debug_macro   0x00038e00      0x2c5 CMakeFiles/AML_Micromouse_24_2.dir/Drivers/STM32H7xx_HAL_Driver/Src/stm32h7xx_hal_tim_ex.c.obj
 .debug_macro   0x000390c5      0x2f0 CMakeFiles/AML_Micromouse_24_2.dir/Drivers/STM32H7xx_HAL_Driver/Src/stm32h7xx_hal_uart.c.obj
 .debug_macro   0x000393b5      0x2d1 CMakeFiles/AML_Micromouse_24_2.dir/Drivers/STM32H7xx_HAL_Driver/Src/stm32h7xx_hal_uart_ex.c.obj
 .debug_macro   0x00039686      0x2c5 CMakeFiles/AML_Micromouse_24_2.dir/Core/Src/system_stm32h7xx.c.obj

.debug_line     0x00000000    0x209df
 .debug_line    0x00000000      0xeee CMakeFiles/AML_Micromouse_24_2.dir/Core/Src/main.c.obj
 .debug_line    0x00000eee      0x9e8 CMakeFiles/AML_Micromouse_24_2.dir/Core/Src/stm32h7xx_it.c.obj
 .debug_line    0x000018d6      0xb88 CMakeFiles/AML_Micromouse_24_2.dir/Core/Src/stm32h7xx_hal_msp.c.obj
 .debug_line    0x0000245e     0x23dd CMakeFiles/AML_Micromouse_24_2.dir/Drivers/STM32H7xx_HAL_Driver/Src/stm32h7xx_hal_adc.c.obj
 .debug_line    0x0000483b     0x1fdb CMakeFiles/AML_Micromouse_24_2.dir/Drivers/STM32H7xx_HAL_Driver/Src/stm32h7xx_hal_adc_ex.c.obj
 .debug_line    0x00006816     0x145e CMakeFiles/AML_Micromouse_24_2.dir/Drivers/STM32H7xx_HAL_Driver/Src/stm32h7xx_hal_rcc.c.obj
 .debug_line    0x00007c74     0x1d76 CMakeFiles/AML_Micromouse_24_2.dir/Drivers/STM32H7xx_HAL_Driver/Src/stm32h7xx_hal_rcc_ex.c.obj
 .debug_line    0x000099ea      0xd66 CMakeFiles/AML_Micromouse_24_2.dir/Drivers/STM32H7xx_HAL_Driver/Src/stm32h7xx_hal_gpio.c.obj
 .debug_line    0x0000a750     0x27f1 CMakeFiles/AML_Micromouse_24_2.dir/Drivers/STM32H7xx_HAL_Driver/Src/stm32h7xx_hal_dma.c.obj
 .debug_line    0x0000cf41      0xfb1 CMakeFiles/AML_Micromouse_24_2.dir/Drivers/STM32H7xx_HAL_Driver/Src/stm32h7xx_hal_pwr_ex.c.obj
 .debug_line    0x0000def2      0xebd CMakeFiles/AML_Micromouse_24_2.dir/Drivers/STM32H7xx_HAL_Driver/Src/stm32h7xx_hal_cortex.c.obj
 .debug_line    0x0000edaf      0xe8e CMakeFiles/AML_Micromouse_24_2.dir/Drivers/STM32H7xx_HAL_Driver/Src/stm32h7xx_hal.c.obj
 .debug_line    0x0000fc3d     0x3efa CMakeFiles/AML_Micromouse_24_2.dir/Drivers/STM32H7xx_HAL_Driver/Src/stm32h7xx_hal_i2c.c.obj
 .debug_line    0x00013b37      0xafb CMakeFiles/AML_Micromouse_24_2.dir/Drivers/STM32H7xx_HAL_Driver/Src/stm32h7xx_hal_i2c_ex.c.obj
 .debug_line    0x00014632      0xc00 CMakeFiles/AML_Micromouse_24_2.dir/Drivers/STM32H7xx_HAL_Driver/Src/stm32h7xx_hal_ramecc.c.obj
 .debug_line    0x00015232     0x4024 CMakeFiles/AML_Micromouse_24_2.dir/Drivers/STM32H7xx_HAL_Driver/Src/stm32h7xx_hal_tim.c.obj
 .debug_line    0x00019256     0x1e2e CMakeFiles/AML_Micromouse_24_2.dir/Drivers/STM32H7xx_HAL_Driver/Src/stm32h7xx_hal_tim_ex.c.obj
 .debug_line    0x0001b084     0x3f1c CMakeFiles/AML_Micromouse_24_2.dir/Drivers/STM32H7xx_HAL_Driver/Src/stm32h7xx_hal_uart.c.obj
 .debug_line    0x0001efa0      0xf2c CMakeFiles/AML_Micromouse_24_2.dir/Drivers/STM32H7xx_HAL_Driver/Src/stm32h7xx_hal_uart_ex.c.obj
 .debug_line    0x0001fecc      0xa99 CMakeFiles/AML_Micromouse_24_2.dir/Core/Src/system_stm32h7xx.c.obj
 .debug_line    0x00020965       0x7a CMakeFiles/AML_Micromouse_24_2.dir/startup_stm32h743xx.s.obj

.debug_str      0x00000000   0x1794f5
 .debug_str     0x00000000   0x172386 CMakeFiles/AML_Micromouse_24_2.dir/Core/Src/main.c.obj
                             0x172d21 (size before relaxing)
 .debug_str     0x00172386      0x16e CMakeFiles/AML_Micromouse_24_2.dir/Core/Src/stm32h7xx_it.c.obj
                             0x170f9d (size before relaxing)
 .debug_str     0x001724f4      0x4d2 CMakeFiles/AML_Micromouse_24_2.dir/Core/Src/stm32h7xx_hal_msp.c.obj
                             0x1723e3 (size before relaxing)
 .debug_str     0x001729c6      0xbc1 CMakeFiles/AML_Micromouse_24_2.dir/Drivers/STM32H7xx_HAL_Driver/Src/stm32h7xx_hal_adc.c.obj
                             0x171410 (size before relaxing)
 .debug_str     0x00173587      0x805 CMakeFiles/AML_Micromouse_24_2.dir/Drivers/STM32H7xx_HAL_Driver/Src/stm32h7xx_hal_adc_ex.c.obj
                             0x17144f (size before relaxing)
 .debug_str     0x00173d8c      0x41b CMakeFiles/AML_Micromouse_24_2.dir/Drivers/STM32H7xx_HAL_Driver/Src/stm32h7xx_hal_rcc.c.obj
                             0x170a0c (size before relaxing)
 .debug_str     0x001741a7      0x71a CMakeFiles/AML_Micromouse_24_2.dir/Drivers/STM32H7xx_HAL_Driver/Src/stm32h7xx_hal_rcc_ex.c.obj
                             0x170eed (size before relaxing)
 .debug_str     0x001748c1      0x13f CMakeFiles/AML_Micromouse_24_2.dir/Drivers/STM32H7xx_HAL_Driver/Src/stm32h7xx_hal_gpio.c.obj
                             0x170628 (size before relaxing)
 .debug_str     0x00174a00      0x86e CMakeFiles/AML_Micromouse_24_2.dir/Drivers/STM32H7xx_HAL_Driver/Src/stm32h7xx_hal_dma.c.obj
                             0x170dab (size before relaxing)
 .debug_str     0x0017526e      0x774 CMakeFiles/AML_Micromouse_24_2.dir/Drivers/STM32H7xx_HAL_Driver/Src/stm32h7xx_hal_pwr_ex.c.obj
                             0x170ae9 (size before relaxing)
 .debug_str     0x001759e2      0x32c CMakeFiles/AML_Micromouse_24_2.dir/Drivers/STM32H7xx_HAL_Driver/Src/stm32h7xx_hal_cortex.c.obj
                             0x170fc2 (size before relaxing)
 .debug_str     0x00175d0e      0x6f1 CMakeFiles/AML_Micromouse_24_2.dir/Drivers/STM32H7xx_HAL_Driver/Src/stm32h7xx_hal.c.obj
                             0x171587 (size before relaxing)
 .debug_str     0x001763ff      0xdf6 CMakeFiles/AML_Micromouse_24_2.dir/Drivers/STM32H7xx_HAL_Driver/Src/stm32h7xx_hal_i2c.c.obj
                             0x1716c0 (size before relaxing)
 .debug_str     0x001771f5       0xf9 CMakeFiles/AML_Micromouse_24_2.dir/Drivers/STM32H7xx_HAL_Driver/Src/stm32h7xx_hal_i2c_ex.c.obj
                             0x170a6d (size before relaxing)
 .debug_str     0x001772ee      0x25d CMakeFiles/AML_Micromouse_24_2.dir/Drivers/STM32H7xx_HAL_Driver/Src/stm32h7xx_hal_ramecc.c.obj
                             0x170426 (size before relaxing)
 .debug_str     0x0017754b      0xd12 CMakeFiles/AML_Micromouse_24_2.dir/Drivers/STM32H7xx_HAL_Driver/Src/stm32h7xx_hal_tim.c.obj
                             0x1717ab (size before relaxing)
 .debug_str     0x0017825d      0x4ee CMakeFiles/AML_Micromouse_24_2.dir/Drivers/STM32H7xx_HAL_Driver/Src/stm32h7xx_hal_tim_ex.c.obj
                             0x1710d3 (size before relaxing)
 .debug_str     0x0017874b      0xa0c CMakeFiles/AML_Micromouse_24_2.dir/Drivers/STM32H7xx_HAL_Driver/Src/stm32h7xx_hal_uart.c.obj
                             0x17154d (size before relaxing)
 .debug_str     0x00179157      0x2a7 CMakeFiles/AML_Micromouse_24_2.dir/Drivers/STM32H7xx_HAL_Driver/Src/stm32h7xx_hal_uart_ex.c.obj
                             0x170b0d (size before relaxing)
 .debug_str     0x001793fe       0x81 CMakeFiles/AML_Micromouse_24_2.dir/Core/Src/system_stm32h7xx.c.obj
                             0x170671 (size before relaxing)
 .debug_str     0x0017947f       0x76 CMakeFiles/AML_Micromouse_24_2.dir/startup_stm32h743xx.s.obj
                                 0xc6 (size before relaxing)

.comment        0x00000000       0x43
 .comment       0x00000000       0x43 CMakeFiles/AML_Micromouse_24_2.dir/Core/Src/main.c.obj
                                 0x44 (size before relaxing)
 .comment       0x00000043       0x44 CMakeFiles/AML_Micromouse_24_2.dir/Core/Src/stm32h7xx_it.c.obj
 .comment       0x00000043       0x44 CMakeFiles/AML_Micromouse_24_2.dir/Core/Src/stm32h7xx_hal_msp.c.obj
 .comment       0x00000043       0x44 CMakeFiles/AML_Micromouse_24_2.dir/Drivers/STM32H7xx_HAL_Driver/Src/stm32h7xx_hal_adc.c.obj
 .comment       0x00000043       0x44 CMakeFiles/AML_Micromouse_24_2.dir/Drivers/STM32H7xx_HAL_Driver/Src/stm32h7xx_hal_adc_ex.c.obj
 .comment       0x00000043       0x44 CMakeFiles/AML_Micromouse_24_2.dir/Drivers/STM32H7xx_HAL_Driver/Src/stm32h7xx_hal_rcc.c.obj
 .comment       0x00000043       0x44 CMakeFiles/AML_Micromouse_24_2.dir/Drivers/STM32H7xx_HAL_Driver/Src/stm32h7xx_hal_rcc_ex.c.obj
 .comment       0x00000043       0x44 CMakeFiles/AML_Micromouse_24_2.dir/Drivers/STM32H7xx_HAL_Driver/Src/stm32h7xx_hal_gpio.c.obj
 .comment       0x00000043       0x44 CMakeFiles/AML_Micromouse_24_2.dir/Drivers/STM32H7xx_HAL_Driver/Src/stm32h7xx_hal_dma.c.obj
 .comment       0x00000043       0x44 CMakeFiles/AML_Micromouse_24_2.dir/Drivers/STM32H7xx_HAL_Driver/Src/stm32h7xx_hal_pwr_ex.c.obj
 .comment       0x00000043       0x44 CMakeFiles/AML_Micromouse_24_2.dir/Drivers/STM32H7xx_HAL_Driver/Src/stm32h7xx_hal_cortex.c.obj
 .comment       0x00000043       0x44 CMakeFiles/AML_Micromouse_24_2.dir/Drivers/STM32H7xx_HAL_Driver/Src/stm32h7xx_hal.c.obj
 .comment       0x00000043       0x44 CMakeFiles/AML_Micromouse_24_2.dir/Drivers/STM32H7xx_HAL_Driver/Src/stm32h7xx_hal_i2c.c.obj
 .comment       0x00000043       0x44 CMakeFiles/AML_Micromouse_24_2.dir/Drivers/STM32H7xx_HAL_Driver/Src/stm32h7xx_hal_i2c_ex.c.obj
 .comment       0x00000043       0x44 CMakeFiles/AML_Micromouse_24_2.dir/Drivers/STM32H7xx_HAL_Driver/Src/stm32h7xx_hal_ramecc.c.obj
 .comment       0x00000043       0x44 CMakeFiles/AML_Micromouse_24_2.dir/Drivers/STM32H7xx_HAL_Driver/Src/stm32h7xx_hal_tim.c.obj
 .comment       0x00000043       0x44 CMakeFiles/AML_Micromouse_24_2.dir/Drivers/STM32H7xx_HAL_Driver/Src/stm32h7xx_hal_tim_ex.c.obj
 .comment       0x00000043       0x44 CMakeFiles/AML_Micromouse_24_2.dir/Drivers/STM32H7xx_HAL_Driver/Src/stm32h7xx_hal_uart.c.obj
 .comment       0x00000043       0x44 CMakeFiles/AML_Micromouse_24_2.dir/Drivers/STM32H7xx_HAL_Driver/Src/stm32h7xx_hal_uart_ex.c.obj
 .comment       0x00000043       0x44 CMakeFiles/AML_Micromouse_24_2.dir/Core/Src/system_stm32h7xx.c.obj

.debug_line_str
                0x00000000       0xaa
 .debug_line_str
                0x00000000       0xaa CMakeFiles/AML_Micromouse_24_2.dir/startup_stm32h743xx.s.obj