Archive member included to satisfy reference by file (symbol)

c:/progra~2/gnu arm embedded toolchain/10 2021.10/bin/../lib/gcc/arm-none-eabi/10.3.1/../../../../arm-none-eabi/lib/thumb/v7e-m+dp/hard\libc_nano.a(lib_a-exit.o)
                              c:/progra~2/gnu arm embedded toolchain/10 2021.10/bin/../lib/gcc/arm-none-eabi/10.3.1/../../../../arm-none-eabi/lib/thumb/v7e-m+dp/hard/crt0.o (exit)
c:/progra~2/gnu arm embedded toolchain/10 2021.10/bin/../lib/gcc/arm-none-eabi/10.3.1/../../../../arm-none-eabi/lib/thumb/v7e-m+dp/hard\libc_nano.a(lib_a-impure.o)
                              c:/progra~2/gnu arm embedded toolchain/10 2021.10/bin/../lib/gcc/arm-none-eabi/10.3.1/../../../../arm-none-eabi/lib/thumb/v7e-m+dp/hard\libc_nano.a(lib_a-exit.o) (_global_impure_ptr)
c:/progra~2/gnu arm embedded toolchain/10 2021.10/bin/../lib/gcc/arm-none-eabi/10.3.1/../../../../arm-none-eabi/lib/thumb/v7e-m+dp/hard\libc_nano.a(lib_a-init.o)
                              c:/progra~2/gnu arm embedded toolchain/10 2021.10/bin/../lib/gcc/arm-none-eabi/10.3.1/../../../../arm-none-eabi/lib/thumb/v7e-m+dp/hard/crt0.o (__libc_init_array)
c:/progra~2/gnu arm embedded toolchain/10 2021.10/bin/../lib/gcc/arm-none-eabi/10.3.1/../../../../arm-none-eabi/lib/thumb/v7e-m+dp/hard\libc_nano.a(lib_a-memset.o)
                              c:/progra~2/gnu arm embedded toolchain/10 2021.10/bin/../lib/gcc/arm-none-eabi/10.3.1/../../../../arm-none-eabi/lib/thumb/v7e-m+dp/hard/crt0.o (memset)
c:/progra~2/gnu arm embedded toolchain/10 2021.10/bin/../lib/gcc/arm-none-eabi/10.3.1/thumb/v7e-m+dp/hard\libgcc.a(_aeabi_uldivmod.o)
                              CMakeFiles/AML_Micromouse_24_2.dir/Drivers/STM32H7xx_HAL_Driver/Src/stm32h7xx_hal_uart.c.obj (__aeabi_uldivmod)
c:/progra~2/gnu arm embedded toolchain/10 2021.10/bin/../lib/gcc/arm-none-eabi/10.3.1/thumb/v7e-m+dp/hard\libgcc.a(_udivmoddi4.o)
                              c:/progra~2/gnu arm embedded toolchain/10 2021.10/bin/../lib/gcc/arm-none-eabi/10.3.1/thumb/v7e-m+dp/hard\libgcc.a(_aeabi_uldivmod.o) (__udivmoddi4)
c:/progra~2/gnu arm embedded toolchain/10 2021.10/bin/../lib/gcc/arm-none-eabi/10.3.1/thumb/v7e-m+dp/hard\libgcc.a(_dvmd_tls.o)
                              c:/progra~2/gnu arm embedded toolchain/10 2021.10/bin/../lib/gcc/arm-none-eabi/10.3.1/thumb/v7e-m+dp/hard\libgcc.a(_aeabi_uldivmod.o) (__aeabi_ldiv0)
c:/progra~2/gnu arm embedded toolchain/10 2021.10/bin/../lib/gcc/arm-none-eabi/10.3.1/../../../../arm-none-eabi/lib/thumb/v7e-m+dp/hard\libg_nano.a(lib_a-errno.o)
                              CMakeFiles/AML_Micromouse_24_2.dir/Core/Src/sysmem.c.obj (__errno)

Discarded input sections

 .text          0x00000000        0x0 c:/progra~2/gnu arm embedded toolchain/10 2021.10/bin/../lib/gcc/arm-none-eabi/10.3.1/thumb/v7e-m+dp/hard/crti.o
 .data          0x00000000        0x0 c:/progra~2/gnu arm embedded toolchain/10 2021.10/bin/../lib/gcc/arm-none-eabi/10.3.1/thumb/v7e-m+dp/hard/crti.o
 .bss           0x00000000        0x0 c:/progra~2/gnu arm embedded toolchain/10 2021.10/bin/../lib/gcc/arm-none-eabi/10.3.1/thumb/v7e-m+dp/hard/crti.o
 .data          0x00000000        0x4 c:/progra~2/gnu arm embedded toolchain/10 2021.10/bin/../lib/gcc/arm-none-eabi/10.3.1/thumb/v7e-m+dp/hard/crtbegin.o
 .rodata        0x00000000       0x24 c:/progra~2/gnu arm embedded toolchain/10 2021.10/bin/../lib/gcc/arm-none-eabi/10.3.1/thumb/v7e-m+dp/hard/crtbegin.o
 .text          0x00000000       0x7c c:/progra~2/gnu arm embedded toolchain/10 2021.10/bin/../lib/gcc/arm-none-eabi/10.3.1/../../../../arm-none-eabi/lib/thumb/v7e-m+dp/hard/crt0.o
 .data          0x00000000        0x0 c:/progra~2/gnu arm embedded toolchain/10 2021.10/bin/../lib/gcc/arm-none-eabi/10.3.1/../../../../arm-none-eabi/lib/thumb/v7e-m+dp/hard/crt0.o
 .bss           0x00000000        0x0 c:/progra~2/gnu arm embedded toolchain/10 2021.10/bin/../lib/gcc/arm-none-eabi/10.3.1/../../../../arm-none-eabi/lib/thumb/v7e-m+dp/hard/crt0.o
 .ARM.extab     0x00000000        0x0 c:/progra~2/gnu arm embedded toolchain/10 2021.10/bin/../lib/gcc/arm-none-eabi/10.3.1/../../../../arm-none-eabi/lib/thumb/v7e-m+dp/hard/crt0.o
 .ARM.exidx     0x00000000       0x10 c:/progra~2/gnu arm embedded toolchain/10 2021.10/bin/../lib/gcc/arm-none-eabi/10.3.1/../../../../arm-none-eabi/lib/thumb/v7e-m+dp/hard/crt0.o
 .ARM.attributes
                0x00000000       0x1c c:/progra~2/gnu arm embedded toolchain/10 2021.10/bin/../lib/gcc/arm-none-eabi/10.3.1/../../../../arm-none-eabi/lib/thumb/v7e-m+dp/hard/crt0.o
 .text          0x00000000        0x0 c:/progra~2/gnu arm embedded toolchain/10 2021.10/bin/../lib/gcc/arm-none-eabi/10.3.1/../../../../arm-none-eabi/lib/thumb/v7e-m+dp/hard\libc_nano.a(lib_a-exit.o)
 .data          0x00000000        0x0 c:/progra~2/gnu arm embedded toolchain/10 2021.10/bin/../lib/gcc/arm-none-eabi/10.3.1/../../../../arm-none-eabi/lib/thumb/v7e-m+dp/hard\libc_nano.a(lib_a-exit.o)
[...]
Memory Configuration

Name             Origin             Length             Attributes
DTCMRAM          0x20000000         0x00020000         xrw
RAM              0x24000000         0x00080000         xrw
RAM_D2           0x30000000         0x00048000         xrw
RAM_D3           0x38000000         0x00010000         xrw
ITCMRAM          0x00000000         0x00010000         xrw
FLASH            0x08000000         0x00200000         xr
*default*        0x00000000         0xffffffff

Linker script and memory map

LOAD c:/progra~2/gnu arm embedded toolchain/10 2021.10/bin/../lib/gcc/arm-none-eabi/10.3.1/thumb/v7e-m+dp/hard/crti.o
LOAD c:/progra~2/gnu arm embedded toolchain/10 2021.10/bin/../lib/gcc/arm-none-eabi/10.3.1/thumb/v7e-m+dp/hard/crtbegin.o
LOAD c:/progra~2/gnu arm embedded toolchain/10 2021.10/bin/../lib/gcc/arm-none-eabi/10.3.1/../../../../arm-none-eabi/lib/thumb/v7e-m+dp/hard/crt0.o
START GROUP
LOAD c:/progra~2/gnu arm embedded toolchain/10 2021.10/bin/../lib/gcc/arm-none-eabi/10.3.1/../../../../arm-none-eabi/lib/thumb/v7e-m+dp/hard\libc_nano.a
LOAD c:/progra~2/gnu arm embedded toolchain/10 2021.10/bin/../lib/gcc/arm-none-eabi/10.3.1/../../../../arm-none-eabi/lib/thumb/v7e-m+dp/hard\libm.a
END GROUP
LOAD CMakeFiles/AML_Micromouse_24_2.dir/Core/Src/main.c.obj
LOAD CMakeFiles/AML_Micromouse_24_2.dir/Core/Src/stm32h7xx_it.c.obj
LOAD CMakeFiles/AML_Micromouse_24_2.dir/Core/Src/stm32h7xx_hal_msp.c.obj
LOAD CMakeFiles/AML_Micromouse_24_2.dir/Drivers/STM32H7xx_HAL_Driver/Src/stm32h7xx_hal_adc.c.obj
LOAD CMakeFiles/AML_Micromouse_24_2.dir/Drivers/STM32H7xx_HAL_Driver/Src/stm32h7xx_hal_adc_ex.c.obj
LOAD CMakeFiles/AML_Micromouse_24_2.dir/Drivers/STM32H7xx_HAL_Driver/Src/stm32h7xx_hal_rcc.c.obj
LOAD CMakeFiles/AML_Micromouse_24_2.dir/Drivers/STM32H7xx_HAL_Driver/Src/stm32h7xx_hal_rcc_ex.c.obj
LOAD CMakeFiles/AML_Micromouse_24_2.dir/Drivers/STM32H7xx_HAL_Driver/Src/stm32h7xx_hal_flash.c.obj
LOAD CMakeFiles/AML_Micromouse_24_2.dir/Drivers/STM32H7xx_HAL_Driver/Src/stm32h7xx_hal_flash_ex.c.obj
LOAD CMakeFiles/AML_Micromouse_24_2.dir/Drivers/STM32H7xx_HAL_Driver/Src/stm32h7xx_hal_gpio.c.obj
LOAD CMakeFiles/AML_Micromouse_24_2.dir/Drivers/STM32H7xx_HAL_Driver/Src/stm32h7xx_hal_hsem.c.obj
LOAD CMakeFiles/AML_Micromouse_24_2.dir/Drivers/STM32H7xx_HAL_Driver/Src/stm32h7xx_hal_dma.c.obj
LOAD CMakeFiles/AML_Micromouse_24_2.dir/Drivers/STM32H7xx_HAL_Driver/Src/stm32h7xx_hal_dma_ex.c.obj
LOAD CMakeFiles/AML_Micromouse_24_2.dir/Drivers/STM32H7xx_HAL_Driver/Src/stm32h7xx_hal_mdma.c.obj
LOAD CMakeFiles/AML_Micromouse_24_2.dir/Drivers/STM32H7xx_HAL_Driver/Src/stm32h7xx_hal_pwr.c.obj
LOAD CMakeFiles/AML_Micromouse_24_2.dir/Drivers/STM32H7xx_HAL_Driver/Src/stm32h7xx_hal_pwr_ex.c.obj
LOAD CMakeFiles/AML_Micromouse_24_2.dir/Drivers/STM32H7xx_HAL_Driver/Src/stm32h7xx_hal_cortex.c.obj
LOAD CMakeFiles/AML_Micromouse_24_2.dir/Drivers/STM32H7xx_HAL_Driver/Src/stm32h7xx_hal.c.obj
LOAD CMakeFiles/AML_Micromouse_24_2.dir/Drivers/STM32H7xx_HAL_Driver/Src/stm32h7xx_hal_i2c.c.obj
LOAD CMakeFiles/AML_Micromouse_24_2.dir/Drivers/STM32H7xx_HAL_Driver/Src/stm32h7xx_hal_i2c_ex.c.obj
LOAD CMakeFiles/AML_Micromouse_24_2.dir/Drivers/STM32H7xx_HAL_Driver/Src/stm32h7xx_hal_exti.c.obj
LOAD CMakeFiles/AML_Micromouse_24_2.dir/Drivers/STM32H7xx_HAL_Driver/Src/stm32h7xx_hal_ramecc.c.obj
LOAD CMakeFiles/AML_Micromouse_24_2.dir/Drivers/STM32H7xx_HAL_Driver/Src/stm32h7xx_hal_tim.c.obj
LOAD CMakeFiles/AML_Micromouse_24_2.dir/Drivers/STM32H7xx_HAL_Driver/Src/stm32h7xx_hal_tim_ex.c.obj
LOAD CMakeFiles/AML_Micromouse_24_2.dir/Drivers/STM32H7xx_HAL_Driver/Src/stm32h7xx_hal_uart.c.obj
LOAD CMakeFiles/AML_Micromouse_24_2.dir/Drivers/STM32H7xx_HAL_Driver/Src/stm32h7xx_hal_uart_ex.c.obj
LOAD CMakeFiles/AML_Micromouse_24_2.dir/Core/Src/system_stm32h7xx.c.obj
LOAD CMakeFiles/AML_Micromouse_24_2.dir/Core/Src/sysmem.c.obj
LOAD CMakeFiles/AML_Micromouse_24_2.dir/Core/Src/syscalls.c.obj
LOAD CMakeFiles/AML_Micromouse_24_2.dir/startup_stm32h743xx.s.obj
START GROUP
LOAD c:/progra~2/gnu arm embedded toolchain/10 2021.10/bin/../lib/gcc/arm-none-eabi/10.3.1/thumb/v7e-m+dp/hard\libgcc.a
LOAD c:/progra~2/gnu arm embedded toolchain/10 2021.10/bin/../lib/gcc/arm-none-eabi/10.3.1/../../../../arm-none-eabi/lib/thumb/v7e-m+dp/hard\libg_nano.a
LOAD c:/progra~2/gnu arm embedded toolchain/10 2021.10/bin/../lib/gcc/arm-none-eabi/10.3.1/../../../../arm-none-eabi/lib/thumb/v7e-m+dp/hard\libc_nano.a
END GROUP
START GROUP
LOAD c:/progra~2/gnu arm embedded toolchain/10 2021.10/bin/../lib/gcc/arm-none-eabi/10.3.1/thumb/v7e-m+dp/hard\libgcc.a
LOAD c:/progra~2/gnu arm embedded toolchain/10 2021.10/bin/../lib/gcc/arm-none-eabi/10.3.1/../../../../arm-none-eabi/lib/thumb/v7e-m+dp/hard\libc_nano.a
END GROUP
LOAD c:/progra~2/gnu arm embedded toolchain/10 2021.10/bin/../lib/gcc/arm-none-eabi/10.3.1/thumb/v7e-m+dp/hard/crtend.o
LOAD c:/progra~2/gnu arm embedded toolchain/10 2021.10/bin/../lib/gcc/arm-none-eabi/10.3.1/thumb/v7e-m+dp/hard/crtn.o
                0x20020000                _estack = (ORIGIN (DTCMRAM) + LENGTH (DTCMRAM))
                0x00000200                _Min_Heap_Size = 0x200
                0x00000400                _Min_Stack_Size = 0x400

.isr_vector     0x08000000      0x298
                0x08000000                . = ALIGN (0x4)
 *(.isr_vector)
 .isr_vector    0x08000000      0x298 CMakeFiles/AML_Micromouse_24_2.dir/startup_stm32h743xx.s.obj
                0x08000000                g_pfnVectors
                0x08000298                . = ALIGN (0x4)

.text           0x08000298     0xc3b4
                0x08000298                . = ALIGN (0x4)
 *(.text)
 .text          0x08000298       0x40 c:/progra~2/gnu arm embedded toolchain/10 2021.10/bin/../lib/gcc/arm-none-eabi/10.3.1/thumb/v7e-m+dp/hard/crtbegin.o
 .text          0x080002d8       0x30 c:/progra~2/gnu arm embedded toolchain/10 2021.10/bin/../lib/gcc/arm-none-eabi/10.3.1/thumb/v7e-m+dp/hard\libgcc.a(_aeabi_uldivmod.o)
                0x080002d8                __aeabi_uldivmod
 .text          0x08000308      0x2d0 c:/progra~2/gnu arm embedded toolchain/10 2021.10/bin/../lib/gcc/arm-none-eabi/10.3.1/thumb/v7e-m+dp/hard\libgcc.a(_udivmoddi4.o)
                0x08000308                __udivmoddi4
 .text          0x080005d8        0x4 c:/progra~2/gnu arm embedded toolchain/10 2021.10/bin/../lib/gcc/arm-none-eabi/10.3.1/thumb/v7e-m+dp/hard\libgcc.a(_dvmd_tls.o)
                0x080005d8                __aeabi_idiv0
                0x080005d8                __aeabi_ldiv0
 *(.text*)
 .text.__libc_init_array
                0x080005dc       0x48 c:/progra~2/gnu arm embedded toolchain/10 2021.10/bin/../lib/gcc/arm-none-eabi/10.3.1/../../../../arm-none-eabi/lib/thumb/v7e-m+dp/hard\libc_nano.a(lib_a-init.o)
                0x080005dc                __libc_init_array
 .text.memset   0x08000624       0x10 c:/progra~2/gnu arm embedded toolchain/10 2021.10/bin/../lib/gcc/arm-none-eabi/10.3.1/../../../../arm-none-eabi/lib/thumb/v7e-m+dp/hard\libc_nano.a(lib_a-memset.o)
                0x08000624                memset
 .text.main     0x08000634       0xb8 CMakeFiles/AML_Micromouse_24_2.dir/Core/Src/main.c.obj
                0x08000634                main
 .text.SystemClock_Config
                0x080006ec      0x15c CMakeFiles/AML_Micromouse_24_2.dir/Core/Src/main.c.obj
                0x080006ec                SystemClock_Config
 .text.MX_ADC1_Init
                0x08000848      0x18c CMakeFiles/AML_Micromouse_24_2.dir/Core/Src/main.c.obj
 .text.MX_I2C2_Init
                0x080009d4       0x80 CMakeFiles/AML_Micromouse_24_2.dir/Core/Src/main.c.obj
 .text.MX_RAMECC_Init
                0x08000a54      0x170 CMakeFiles/AML_Micromouse_24_2.dir/Core/Src/main.c.obj
 .text.MX_TIM1_Init
                0x08000bc4      0x170 CMakeFiles/AML_Micromouse_24_2.dir/Core/Src/main.c.obj
 .text.MX_TIM2_Init
                0x08000d34       0xa8 CMakeFiles/AML_Micromouse_24_2.dir/Core/Src/main.c.obj
 .text.MX_TIM4_Init
                0x08000ddc       0xf4 CMakeFiles/AML_Micromouse_24_2.dir/Core/Src/main.c.obj
 .text.MX_TIM5_Init
                0x08000ed0       0xac CMakeFiles/AML_Micromouse_24_2.dir/Core/Src/main.c.obj
 .text.MX_USART3_UART_Init
                0x08000f7c       0x98 CMakeFiles/AML_Micromouse_24_2.dir/Core/Src/main.c.obj
 .text.MX_DMA_Init
                0x08001014       0x40 CMakeFiles/AML_Micromouse_24_2.dir/Core/Src/main.c.obj
 .text.MX_GPIO_Init
                0x08001054      0x194 CMakeFiles/AML_Micromouse_24_2.dir/Core/Src/main.c.obj
 .text.MPU_Config
                0x080011e8       0x58 CMakeFiles/AML_Micromouse_24_2.dir/Core/Src/main.c.obj
 .text.Error_Handler
                0x08001240        0xa CMakeFiles/AML_Micromouse_24_2.dir/Core/Src/main.c.obj
                0x08001240                Error_Handler
 .text.NMI_Handler
                0x0800124a        0x6 CMakeFiles/AML_Micromouse_24_2.dir/Core/Src/stm32h7xx_it.c.obj
                0x0800124a                NMI_Handler
 .text.HardFault_Handler
                0x08001250        0x6 CMakeFiles/AML_Micromouse_24_2.dir/Core/Src/stm32h7xx_it.c.obj
                0x08001250                HardFault_Handler
 .text.MemManage_Handler
                0x08001256        0x6 CMakeFiles/AML_Micromouse_24_2.dir/Core/Src/stm32h7xx_it.c.obj
                0x08001256                MemManage_Handler
 .text.BusFault_Handler
                0x0800125c        0x6 CMakeFiles/AML_Micromouse_24_2.dir/Core/Src/stm32h7xx_it.c.obj
                0x0800125c                BusFault_Handler
 .text.UsageFault_Handler
                0x08001262        0x6 CMakeFiles/AML_Micromouse_24_2.dir/Core/Src/stm32h7xx_it.c.obj
                0x08001262                UsageFault_Handler
 .text.SVC_Handler
                0x08001268        0xe CMakeFiles/AML_Micromouse_24_2.dir/Core/Src/stm32h7xx_it.c.obj
                0x08001268                SVC_Handler
 .text.DebugMon_Handler
                0x08001276        0xe CMakeFiles/AML_Micromouse_24_2.dir/Core/Src/stm32h7xx_it.c.obj
                0x08001276                DebugMon_Handler
 .text.PendSV_Handler
                0x08001284        0xe CMakeFiles/AML_Micromouse_24_2.dir/Core/Src/stm32h7xx_it.c.obj
                0x08001284                PendSV_Handler
 .text.SysTick_Handler
                0x08001292        0xc CMakeFiles/AML_Micromouse_24_2.dir/Core/Src/stm32h7xx_it.c.obj
                0x08001292                SysTick_Handler
 *fill*         0x0800129e        0x2 
 .text.DMA1_Stream0_IRQHandler
                0x080012a0       0x14 CMakeFiles/AML_Micromouse_24_2.dir/Core/Src/stm32h7xx_it.c.obj
                0x080012a0                DMA1_Stream0_IRQHandler
 .text.ADC_IRQHandler
                0x080012b4       0x14 CMakeFiles/AML_Micromouse_24_2.dir/Core/Src/stm32h7xx_it.c.obj
                0x080012b4                ADC_IRQHandler
 .text.USART3_IRQHandler
                0x080012c8       0x14 CMakeFiles/AML_Micromouse_24_2.dir/Core/Src/stm32h7xx_it.c.obj
                0x080012c8                USART3_IRQHandler
 .text.HAL_MspInit
                0x080012dc       0x34 CMakeFiles/AML_Micromouse_24_2.dir/Core/Src/stm32h7xx_hal_msp.c.obj
                0x080012dc                HAL_MspInit
 .text.HAL_ADC_MspInit
                0x08001310      0x178 CMakeFiles/AML_Micromouse_24_2.dir/Core/Src/stm32h7xx_hal_msp.c.obj
                0x08001310                HAL_ADC_MspInit
 .text.HAL_I2C_MspInit
                0x08001488       0xd4 CMakeFiles/AML_Micromouse_24_2.dir/Core/Src/stm32h7xx_hal_msp.c.obj
                0x08001488                HAL_I2C_MspInit
 .text.HAL_TIM_Base_MspInit
                0x0800155c       0x74 CMakeFiles/AML_Micromouse_24_2.dir/Core/Src/stm32h7xx_hal_msp.c.obj
                0x0800155c                HAL_TIM_Base_MspInit
 .text.HAL_TIM_Encoder_MspInit
                0x080015d0      0x140 CMakeFiles/AML_Micromouse_24_2.dir/Core/Src/stm32h7xx_hal_msp.c.obj
                0x080015d0                HAL_TIM_Encoder_MspInit
 .text.HAL_TIM_MspPostInit
                0x08001710       0xcc CMakeFiles/AML_Micromouse_24_2.dir/Core/Src/stm32h7xx_hal_msp.c.obj
                0x08001710                HAL_TIM_MspPostInit
 .text.HAL_UART_MspInit
                0x080017dc      0x148 CMakeFiles/AML_Micromouse_24_2.dir/Core/Src/stm32h7xx_hal_msp.c.obj
                0x080017dc                HAL_UART_MspInit
 .text.LL_ADC_SetCommonClock
                0x08001924       0x26 CMakeFiles/AML_Micromouse_24_2.dir/Drivers/STM32H7xx_HAL_Driver/Src/stm32h7xx_hal_adc.c.obj
 .text.LL_ADC_SetCommonPathInternalCh
                0x0800194a       0x26 CMakeFiles/AML_Micromouse_24_2.dir/Drivers/STM32H7xx_HAL_Driver/Src/stm32h7xx_hal_adc.c.obj
 .text.LL_ADC_GetCommonPathInternalCh
                0x08001970       0x1c CMakeFiles/AML_Micromouse_24_2.dir/Drivers/STM32H7xx_HAL_Driver/Src/stm32h7xx_hal_adc.c.obj
 .text.LL_ADC_SetOffset
                0x0800198c       0x40 CMakeFiles/AML_Micromouse_24_2.dir/Drivers/STM32H7xx_HAL_Driver/Src/stm32h7xx_hal_adc.c.obj
 .text.LL_ADC_SetDataRightShift
                0x080019cc       0x32 CMakeFiles/AML_Micromouse_24_2.dir/Drivers/STM32H7xx_HAL_Driver/Src/stm32h7xx_hal_adc.c.obj
 .text.LL_ADC_SetOffsetSignedSaturation
                0x080019fe       0x36 CMakeFiles/AML_Micromouse_24_2.dir/Drivers/STM32H7xx_HAL_Driver/Src/stm32h7xx_hal_adc.c.obj
 .text.LL_ADC_REG_IsTriggerSourceSWStart
                0x08001a34       0x26 CMakeFiles/AML_Micromouse_24_2.dir/Drivers/STM32H7xx_HAL_Driver/Src/stm32h7xx_hal_adc.c.obj
 .text.LL_ADC_REG_SetSequencerRanks
                0x08001a5a       0x58 CMakeFiles/AML_Micromouse_24_2.dir/Drivers/STM32H7xx_HAL_Driver/Src/stm32h7xx_hal_adc.c.obj
 .text.LL_ADC_INJ_IsTriggerSourceSWStart
                0x08001ab2       0x26 CMakeFiles/AML_Micromouse_24_2.dir/Drivers/STM32H7xx_HAL_Driver/Src/stm32h7xx_hal_adc.c.obj
 .text.LL_ADC_SetChannelSamplingTime
                0x08001ad8       0x56 CMakeFiles/AML_Micromouse_24_2.dir/Drivers/STM32H7xx_HAL_Driver/Src/stm32h7xx_hal_adc.c.obj
 *fill*         0x08001b2e        0x2 
 .text.LL_ADC_SetChannelSingleDiff
                0x08001b30       0x48 CMakeFiles/AML_Micromouse_24_2.dir/Drivers/STM32H7xx_HAL_Driver/Src/stm32h7xx_hal_adc.c.obj
 .text.LL_ADC_GetMultimode
                0x08001b78       0x1c CMakeFiles/AML_Micromouse_24_2.dir/Drivers/STM32H7xx_HAL_Driver/Src/stm32h7xx_hal_adc.c.obj
 .text.LL_ADC_GetMultiDMATransfer
                0x08001b94       0x1c CMakeFiles/AML_Micromouse_24_2.dir/Drivers/STM32H7xx_HAL_Driver/Src/stm32h7xx_hal_adc.c.obj
 .text.LL_ADC_DisableDeepPowerDown
                0x08001bb0       0x24 CMakeFiles/AML_Micromouse_24_2.dir/Drivers/STM32H7xx_HAL_Driver/Src/stm32h7xx_hal_adc.c.obj
 .text.LL_ADC_IsDeepPowerDownEnabled
                0x08001bd4       0x28 CMakeFiles/AML_Micromouse_24_2.dir/Drivers/STM32H7xx_HAL_Driver/Src/stm32h7xx_hal_adc.c.obj
 .text.LL_ADC_EnableInternalRegulator
                0x08001bfc       0x28 CMakeFiles/AML_Micromouse_24_2.dir/Drivers/STM32H7xx_HAL_Driver/Src/stm32h7xx_hal_adc.c.obj
 .text.LL_ADC_IsInternalRegulatorEnabled
                0x08001c24       0x28 CMakeFiles/AML_Micromouse_24_2.dir/Drivers/STM32H7xx_HAL_Driver/Src/stm32h7xx_hal_adc.c.obj
 .text.LL_ADC_IsEnabled
                0x08001c4c       0x26 CMakeFiles/AML_Micromouse_24_2.dir/Drivers/STM32H7xx_HAL_Driver/Src/stm32h7xx_hal_adc.c.obj
 .text.LL_ADC_REG_IsConversionOngoing
                0x08001c72       0x26 CMakeFiles/AML_Micromouse_24_2.dir/Drivers/STM32H7xx_HAL_Driver/Src/stm32h7xx_hal_adc.c.obj
 .text.LL_ADC_INJ_IsConversionOngoing
                0x08001c98       0x26 CMakeFiles/AML_Micromouse_24_2.dir/Drivers/STM32H7xx_HAL_Driver/Src/stm32h7xx_hal_adc.c.obj
 *fill*         0x08001cbe        0x2 
 .text.HAL_ADC_Init
                0x08001cc0      0x344 CMakeFiles/AML_Micromouse_24_2.dir/Drivers/STM32H7xx_HAL_Driver/Src/stm32h7xx_hal_adc.c.obj
                0x08001cc0                HAL_ADC_Init
 .text.HAL_ADC_IRQHandler
                0x08002004      0x474 CMakeFiles/AML_Micromouse_24_2.dir/Drivers/STM32H7xx_HAL_Driver/Src/stm32h7xx_hal_adc.c.obj
                0x08002004                HAL_ADC_IRQHandler
 .text.HAL_ADC_ConvCpltCallback
                0x08002478       0x14 CMakeFiles/AML_Micromouse_24_2.dir/Drivers/STM32H7xx_HAL_Driver/Src/stm32h7xx_hal_adc.c.obj
                0x08002478                HAL_ADC_ConvCpltCallback
 .text.HAL_ADC_LevelOutOfWindowCallback
                0x0800248c       0x14 CMakeFiles/AML_Micromouse_24_2.dir/Drivers/STM32H7xx_HAL_Driver/Src/stm32h7xx_hal_adc.c.obj
                0x0800248c                HAL_ADC_LevelOutOfWindowCallback
 .text.HAL_ADC_ErrorCallback
                0x080024a0       0x14 CMakeFiles/AML_Micromouse_24_2.dir/Drivers/STM32H7xx_HAL_Driver/Src/stm32h7xx_hal_adc.c.obj
                0x080024a0                HAL_ADC_ErrorCallback
 .text.HAL_ADC_ConfigChannel
                0x080024b4      0x6b8 CMakeFiles/AML_Micromouse_24_2.dir/Drivers/STM32H7xx_HAL_Driver/Src/stm32h7xx_hal_adc.c.obj
                0x080024b4                HAL_ADC_ConfigChannel
 .text.ADC_ConfigureBoostMode
                0x08002b6c      0x218 CMakeFiles/AML_Micromouse_24_2.dir/Drivers/STM32H7xx_HAL_Driver/Src/stm32h7xx_hal_adc.c.obj
                0x08002b6c                ADC_ConfigureBoostMode
 .text.LL_ADC_IsEnabled
                0x08002d84       0x26 CMakeFiles/AML_Micromouse_24_2.dir/Drivers/STM32H7xx_HAL_Driver/Src/stm32h7xx_hal_adc_ex.c.obj
 .text.LL_ADC_REG_IsConversionOngoing
                0x08002daa       0x26 CMakeFiles/AML_Micromouse_24_2.dir/Drivers/STM32H7xx_HAL_Driver/Src/stm32h7xx_hal_adc_ex.c.obj
 .text.HAL_ADCEx_InjectedConvCpltCallback
                0x08002dd0       0x14 CMakeFiles/AML_Micromouse_24_2.dir/Drivers/STM32H7xx_HAL_Driver/Src/stm32h7xx_hal_adc_ex.c.obj
                0x08002dd0                HAL_ADCEx_InjectedConvCpltCallback
 .text.HAL_ADCEx_InjectedQueueOverflowCallback
                0x08002de4       0x14 CMakeFiles/AML_Micromouse_24_2.dir/Drivers/STM32H7xx_HAL_Driver/Src/stm32h7xx_hal_adc_ex.c.obj
                0x08002de4                HAL_ADCEx_InjectedQueueOverflowCallback
 .text.HAL_ADCEx_LevelOutOfWindow2Callback
                0x08002df8       0x14 CMakeFiles/AML_Micromouse_24_2.dir/Drivers/STM32H7xx_HAL_Driver/Src/stm32h7xx_hal_adc_ex.c.obj
                0x08002df8                HAL_ADCEx_LevelOutOfWindow2Callback
 .text.HAL_ADCEx_LevelOutOfWindow3Callback
                0x08002e0c       0x14 CMakeFiles/AML_Micromouse_24_2.dir/Drivers/STM32H7xx_HAL_Driver/Src/stm32h7xx_hal_adc_ex.c.obj
                0x08002e0c                HAL_ADCEx_LevelOutOfWindow3Callback
 .text.HAL_ADCEx_EndOfSamplingCallback
                0x08002e20       0x14 CMakeFiles/AML_Micromouse_24_2.dir/Drivers/STM32H7xx_HAL_Driver/Src/stm32h7xx_hal_adc_ex.c.obj
                0x08002e20                HAL_ADCEx_EndOfSamplingCallback
 .text.HAL_ADCEx_MultiModeConfigChannel
                0x08002e34      0x1bc CMakeFiles/AML_Micromouse_24_2.dir/Drivers/STM32H7xx_HAL_Driver/Src/stm32h7xx_hal_adc_ex.c.obj
                0x08002e34                HAL_ADCEx_MultiModeConfigChannel
 .text.HAL_RCC_OscConfig
                0x08002ff0      0x8b4 CMakeFiles/AML_Micromouse_24_2.dir/Drivers/STM32H7xx_HAL_Driver/Src/stm32h7xx_hal_rcc.c.obj
                0x08002ff0                HAL_RCC_OscConfig
 .text.HAL_RCC_ClockConfig
                0x080038a4      0x36c CMakeFiles/AML_Micromouse_24_2.dir/Drivers/STM32H7xx_HAL_Driver/Src/stm32h7xx_hal_rcc.c.obj
                0x080038a4                HAL_RCC_ClockConfig
 .text.HAL_RCC_GetSysClockFreq
                0x08003c10      0x2f4 CMakeFiles/AML_Micromouse_24_2.dir/Drivers/STM32H7xx_HAL_Driver/Src/stm32h7xx_hal_rcc.c.obj
                0x08003c10                HAL_RCC_GetSysClockFreq
 .text.HAL_RCC_GetHCLKFreq
                0x08003f04       0x60 CMakeFiles/AML_Micromouse_24_2.dir/Drivers/STM32H7xx_HAL_Driver/Src/stm32h7xx_hal_rcc.c.obj
                0x08003f04                HAL_RCC_GetHCLKFreq
 .text.HAL_RCC_GetPCLK1Freq
                0x08003f64       0x2c CMakeFiles/AML_Micromouse_24_2.dir/Drivers/STM32H7xx_HAL_Driver/Src/stm32h7xx_hal_rcc.c.obj
                0x08003f64                HAL_RCC_GetPCLK1Freq
 .text.HAL_RCC_GetPCLK2Freq
                0x08003f90       0x2c CMakeFiles/AML_Micromouse_24_2.dir/Drivers/STM32H7xx_HAL_Driver/Src/stm32h7xx_hal_rcc.c.obj
                0x08003f90                HAL_RCC_GetPCLK2Freq
 .text.HAL_RCCEx_PeriphCLKConfig
                0x08003fbc     0x1414 CMakeFiles/AML_Micromouse_24_2.dir/Drivers/STM32H7xx_HAL_Driver/Src/stm32h7xx_hal_rcc_ex.c.obj
                0x08003fbc                HAL_RCCEx_PeriphCLKConfig
 .text.HAL_RCCEx_GetPeriphCLKFreq
                0x080053d0      0xb00 CMakeFiles/AML_Micromouse_24_2.dir/Drivers/STM32H7xx_HAL_Driver/Src/stm32h7xx_hal_rcc_ex.c.obj
                0x080053d0                HAL_RCCEx_GetPeriphCLKFreq
 .text.HAL_RCCEx_GetD3PCLK1Freq
                0x08005ed0       0x2c CMakeFiles/AML_Micromouse_24_2.dir/Drivers/STM32H7xx_HAL_Driver/Src/stm32h7xx_hal_rcc_ex.c.obj
                0x08005ed0                HAL_RCCEx_GetD3PCLK1Freq
 .text.HAL_RCCEx_GetPLL2ClockFreq
                0x08005efc      0x2a8 CMakeFiles/AML_Micromouse_24_2.dir/Drivers/STM32H7xx_HAL_Driver/Src/stm32h7xx_hal_rcc_ex.c.obj
                0x08005efc                HAL_RCCEx_GetPLL2ClockFreq
 .text.HAL_RCCEx_GetPLL3ClockFreq
                0x080061a4      0x2a8 CMakeFiles/AML_Micromouse_24_2.dir/Drivers/STM32H7xx_HAL_Driver/Src/stm32h7xx_hal_rcc_ex.c.obj
                0x080061a4                HAL_RCCEx_GetPLL3ClockFreq
 .text.HAL_RCCEx_GetPLL1ClockFreq
                0x0800644c      0x2a4 CMakeFiles/AML_Micromouse_24_2.dir/Drivers/STM32H7xx_HAL_Driver/Src/stm32h7xx_hal_rcc_ex.c.obj
                0x0800644c                HAL_RCCEx_GetPLL1ClockFreq
 .text.RCCEx_PLL2_Config
                0x080066f0      0x164 CMakeFiles/AML_Micromouse_24_2.dir/Drivers/STM32H7xx_HAL_Driver/Src/stm32h7xx_hal_rcc_ex.c.obj
 .text.RCCEx_PLL3_Config
                0x08006854      0x164 CMakeFiles/AML_Micromouse_24_2.dir/Drivers/STM32H7xx_HAL_Driver/Src/stm32h7xx_hal_rcc_ex.c.obj
 .text.HAL_GPIO_Init
                0x080069b8      0x360 CMakeFiles/AML_Micromouse_24_2.dir/Drivers/STM32H7xx_HAL_Driver/Src/stm32h7xx_hal_gpio.c.obj
                0x080069b8                HAL_GPIO_Init
 .text.HAL_GPIO_WritePin
                0x08006d18       0x32 CMakeFiles/AML_Micromouse_24_2.dir/Drivers/STM32H7xx_HAL_Driver/Src/stm32h7xx_hal_gpio.c.obj
                0x08006d18                HAL_GPIO_WritePin
 *fill*         0x08006d4a        0x2 
 .text.HAL_DMA_Init
                0x08006d4c      0x6b8 CMakeFiles/AML_Micromouse_24_2.dir/Drivers/STM32H7xx_HAL_Driver/Src/stm32h7xx_hal_dma.c.obj
                0x08006d4c                HAL_DMA_Init
 .text.HAL_DMA_Abort
                0x08007404      0x63c CMakeFiles/AML_Micromouse_24_2.dir/Drivers/STM32H7xx_HAL_Driver/Src/stm32h7xx_hal_dma.c.obj
                0x08007404                HAL_DMA_Abort
 .text.HAL_DMA_Abort_IT
                0x08007a40      0x48c CMakeFiles/AML_Micromouse_24_2.dir/Drivers/STM32H7xx_HAL_Driver/Src/stm32h7xx_hal_dma.c.obj
                0x08007a40                HAL_DMA_Abort_IT
 .text.HAL_DMA_IRQHandler
                0x08007ecc      0xe54 CMakeFiles/AML_Micromouse_24_2.dir/Drivers/STM32H7xx_HAL_Driver/Src/stm32h7xx_hal_dma.c.obj
                0x08007ecc                HAL_DMA_IRQHandler
 .text.DMA_CalcBaseAndBitshift
                0x08008d20      0x164 CMakeFiles/AML_Micromouse_24_2.dir/Drivers/STM32H7xx_HAL_Driver/Src/stm32h7xx_hal_dma.c.obj
 .text.DMA_CheckFifoParam
                0x08008e84       0xf8 CMakeFiles/AML_Micromouse_24_2.dir/Drivers/STM32H7xx_HAL_Driver/Src/stm32h7xx_hal_dma.c.obj
 .text.DMA_CalcDMAMUXChannelBaseAndMask
                0x08008f7c      0x134 CMakeFiles/AML_Micromouse_24_2.dir/Drivers/STM32H7xx_HAL_Driver/Src/stm32h7xx_hal_dma.c.obj
 .text.DMA_CalcDMAMUXRequestGenBaseAndMask
                0x080090b0       0xe8 CMakeFiles/AML_Micromouse_24_2.dir/Drivers/STM32H7xx_HAL_Driver/Src/stm32h7xx_hal_dma.c.obj
 .text.HAL_PWREx_ConfigSupply
                0x08009198       0x74 CMakeFiles/AML_Micromouse_24_2.dir/Drivers/STM32H7xx_HAL_Driver/Src/stm32h7xx_hal_pwr_ex.c.obj
                0x08009198                HAL_PWREx_ConfigSupply
 .text.__NVIC_SetPriorityGrouping
                0x0800920c       0x48 CMakeFiles/AML_Micromouse_24_2.dir/Drivers/STM32H7xx_HAL_Driver/Src/stm32h7xx_hal_cortex.c.obj
 .text.__NVIC_GetPriorityGrouping
                0x08009254       0x1c CMakeFiles/AML_Micromouse_24_2.dir/Drivers/STM32H7xx_HAL_Driver/Src/stm32h7xx_hal_cortex.c.obj
 .text.__NVIC_EnableIRQ
                0x08009270       0x3c CMakeFiles/AML_Micromouse_24_2.dir/Drivers/STM32H7xx_HAL_Driver/Src/stm32h7xx_hal_cortex.c.obj
 .text.__NVIC_SetPriority
                0x080092ac       0x54 CMakeFiles/AML_Micromouse_24_2.dir/Drivers/STM32H7xx_HAL_Driver/Src/stm32h7xx_hal_cortex.c.obj
 .text.NVIC_EncodePriority
                0x08009300       0x66 CMakeFiles/AML_Micromouse_24_2.dir/Drivers/STM32H7xx_HAL_Driver/Src/stm32h7xx_hal_cortex.c.obj
 *fill*         0x08009366        0x2 
 .text.SysTick_Config
                0x08009368       0x44 CMakeFiles/AML_Micromouse_24_2.dir/Drivers/STM32H7xx_HAL_Driver/Src/stm32h7xx_hal_cortex.c.obj
 .text.HAL_NVIC_SetPriorityGrouping
                0x080093ac       0x16 CMakeFiles/AML_Micromouse_24_2.dir/Drivers/STM32H7xx_HAL_Driver/Src/stm32h7xx_hal_cortex.c.obj
                0x080093ac                HAL_NVIC_SetPriorityGrouping
 .text.HAL_NVIC_SetPriority
                0x080093c2       0x34 CMakeFiles/AML_Micromouse_24_2.dir/Drivers/STM32H7xx_HAL_Driver/Src/stm32h7xx_hal_cortex.c.obj
                0x080093c2                HAL_NVIC_SetPriority
 .text.HAL_NVIC_EnableIRQ
                0x080093f6       0x1c CMakeFiles/AML_Micromouse_24_2.dir/Drivers/STM32H7xx_HAL_Driver/Src/stm32h7xx_hal_cortex.c.obj
                0x080093f6                HAL_NVIC_EnableIRQ
 .text.HAL_SYSTICK_Config
                0x08009412       0x18 CMakeFiles/AML_Micromouse_24_2.dir/Drivers/STM32H7xx_HAL_Driver/Src/stm32h7xx_hal_cortex.c.obj
                0x08009412                HAL_SYSTICK_Config
 *fill*         0x0800942a        0x2 
 .text.HAL_MPU_Disable
                0x0800942c       0x30 CMakeFiles/AML_Micromouse_24_2.dir/Drivers/STM32H7xx_HAL_Driver/Src/stm32h7xx_hal_cortex.c.obj
                0x0800942c                HAL_MPU_Disable
 .text.HAL_MPU_Enable
                0x0800945c       0x40 CMakeFiles/AML_Micromouse_24_2.dir/Drivers/STM32H7xx_HAL_Driver/Src/stm32h7xx_hal_cortex.c.obj
                0x0800945c                HAL_MPU_Enable
 .text.HAL_MPU_ConfigRegion
                0x0800949c       0x80 CMakeFiles/AML_Micromouse_24_2.dir/Drivers/STM32H7xx_HAL_Driver/Src/stm32h7xx_hal_cortex.c.obj
                0x0800949c                HAL_MPU_ConfigRegion
 .text.HAL_Init
                0x0800951c       0x78 CMakeFiles/AML_Micromouse_24_2.dir/Drivers/STM32H7xx_HAL_Driver/Src/stm32h7xx_hal.c.obj
                0x0800951c                HAL_Init
 .text.HAL_InitTick
                0x08009594       0x6c CMakeFiles/AML_Micromouse_24_2.dir/Drivers/STM32H7xx_HAL_Driver/Src/stm32h7xx_hal.c.obj
                0x08009594                HAL_InitTick
 .text.HAL_IncTick
                0x08009600       0x28 CMakeFiles/AML_Micromouse_24_2.dir/Drivers/STM32H7xx_HAL_Driver/Src/stm32h7xx_hal.c.obj
                0x08009600                HAL_IncTick
 .text.HAL_GetTick
                0x08009628       0x18 CMakeFiles/AML_Micromouse_24_2.dir/Drivers/STM32H7xx_HAL_Driver/Src/stm32h7xx_hal.c.obj
                0x08009628                HAL_GetTick
 .text.HAL_Delay
                0x08009640       0x48 CMakeFiles/AML_Micromouse_24_2.dir/Drivers/STM32H7xx_HAL_Driver/Src/stm32h7xx_hal.c.obj
                0x08009640                HAL_Delay
 .text.HAL_GetREVID
                0x08009688       0x18 CMakeFiles/AML_Micromouse_24_2.dir/Drivers/STM32H7xx_HAL_Driver/Src/stm32h7xx_hal.c.obj
                0x08009688                HAL_GetREVID
 .text.HAL_I2C_Init
                0x080096a0      0x138 CMakeFiles/AML_Micromouse_24_2.dir/Drivers/STM32H7xx_HAL_Driver/Src/stm32h7xx_hal_i2c.c.obj
                0x080096a0                HAL_I2C_Init
 .text.HAL_I2CEx_ConfigAnalogFilter
                0x080097d8       0x96 CMakeFiles/AML_Micromouse_24_2.dir/Drivers/STM32H7xx_HAL_Driver/Src/stm32h7xx_hal_i2c_ex.c.obj
                0x080097d8                HAL_I2CEx_ConfigAnalogFilter
 .text.HAL_I2CEx_ConfigDigitalFilter
                0x0800986e       0x98 CMakeFiles/AML_Micromouse_24_2.dir/Drivers/STM32H7xx_HAL_Driver/Src/stm32h7xx_hal_i2c_ex.c.obj
                0x0800986e                HAL_I2CEx_ConfigDigitalFilter
 .text.HAL_RAMECC_Init
                0x08009906       0x80 CMakeFiles/AML_Micromouse_24_2.dir/Drivers/STM32H7xx_HAL_Driver/Src/stm32h7xx_hal_ramecc.c.obj
                0x08009906                HAL_RAMECC_Init
 .text.HAL_TIM_Base_Init
                0x08009986       0xae CMakeFiles/AML_Micromouse_24_2.dir/Drivers/STM32H7xx_HAL_Driver/Src/stm32h7xx_hal_tim.c.obj
                0x08009986                HAL_TIM_Base_Init
 .text.HAL_TIM_PWM_Init
                0x08009a34       0xae CMakeFiles/AML_Micromouse_24_2.dir/Drivers/STM32H7xx_HAL_Driver/Src/stm32h7xx_hal_tim.c.obj
                0x08009a34                HAL_TIM_PWM_Init
 .text.HAL_TIM_PWM_MspInit
                0x08009ae2       0x14 CMakeFiles/AML_Micromouse_24_2.dir/Drivers/STM32H7xx_HAL_Driver/Src/stm32h7xx_hal_tim.c.obj
                0x08009ae2                HAL_TIM_PWM_MspInit
 *fill*         0x08009af6        0x2 
 .text.HAL_TIM_Encoder_Init
                0x08009af8      0x14c CMakeFiles/AML_Micromouse_24_2.dir/Drivers/STM32H7xx_HAL_Driver/Src/stm32h7xx_hal_tim.c.obj
                0x08009af8                HAL_TIM_Encoder_Init
 .text.HAL_TIM_PWM_ConfigChannel
                0x08009c44      0x228 CMakeFiles/AML_Micromouse_24_2.dir/Drivers/STM32H7xx_HAL_Driver/Src/stm32h7xx_hal_tim.c.obj
                0x08009c44                HAL_TIM_PWM_ConfigChannel
 .text.HAL_TIM_ConfigClockSource
                0x08009e6c      0x1f0 CMakeFiles/AML_Micromouse_24_2.dir/Drivers/STM32H7xx_HAL_Driver/Src/stm32h7xx_hal_tim.c.obj
                0x08009e6c                HAL_TIM_ConfigClockSource
 .text.TIM_Base_SetConfig
                0x0800a05c      0x14c CMakeFiles/AML_Micromouse_24_2.dir/Drivers/STM32H7xx_HAL_Driver/Src/stm32h7xx_hal_tim.c.obj
                0x0800a05c                TIM_Base_SetConfig
 .text.TIM_OC1_SetConfig
                0x0800a1a8      0x120 CMakeFiles/AML_Micromouse_24_2.dir/Drivers/STM32H7xx_HAL_Driver/Src/stm32h7xx_hal_tim.c.obj
 .text.TIM_OC2_SetConfig
                0x0800a2c8      0x114 CMakeFiles/AML_Micromouse_24_2.dir/Drivers/STM32H7xx_HAL_Driver/Src/stm32h7xx_hal_tim.c.obj
                0x0800a2c8                TIM_OC2_SetConfig
 .text.TIM_OC3_SetConfig
                0x0800a3dc      0x110 CMakeFiles/AML_Micromouse_24_2.dir/Drivers/STM32H7xx_HAL_Driver/Src/stm32h7xx_hal_tim.c.obj
 .text.TIM_OC4_SetConfig
                0x0800a4ec       0xd4 CMakeFiles/AML_Micromouse_24_2.dir/Drivers/STM32H7xx_HAL_Driver/Src/stm32h7xx_hal_tim.c.obj
 .text.TIM_OC5_SetConfig
                0x0800a5c0       0xc8 CMakeFiles/AML_Micromouse_24_2.dir/Drivers/STM32H7xx_HAL_Driver/Src/stm32h7xx_hal_tim.c.obj
 .text.TIM_OC6_SetConfig
                0x0800a688       0xcc CMakeFiles/AML_Micromouse_24_2.dir/Drivers/STM32H7xx_HAL_Driver/Src/stm32h7xx_hal_tim.c.obj
 .text.TIM_TI1_ConfigInputStage
                0x0800a754       0x5e CMakeFiles/AML_Micromouse_24_2.dir/Drivers/STM32H7xx_HAL_Driver/Src/stm32h7xx_hal_tim.c.obj
 .text.TIM_TI2_ConfigInputStage
                0x0800a7b2       0x60 CMakeFiles/AML_Micromouse_24_2.dir/Drivers/STM32H7xx_HAL_Driver/Src/stm32h7xx_hal_tim.c.obj
 *fill*         0x0800a812        0x2 
 .text.TIM_ITRx_SetConfig
                0x0800a814       0x3c CMakeFiles/AML_Micromouse_24_2.dir/Drivers/STM32H7xx_HAL_Driver/Src/stm32h7xx_hal_tim.c.obj
 .text.TIM_ETR_SetConfig
                0x0800a850       0x40 CMakeFiles/AML_Micromouse_24_2.dir/Drivers/STM32H7xx_HAL_Driver/Src/stm32h7xx_hal_tim.c.obj
                0x0800a850                TIM_ETR_SetConfig
 .text.HAL_TIMEx_MasterConfigSynchronization
                0x0800a890      0x11c CMakeFiles/AML_Micromouse_24_2.dir/Drivers/STM32H7xx_HAL_Driver/Src/stm32h7xx_hal_tim_ex.c.obj
                0x0800a890                HAL_TIMEx_MasterConfigSynchronization
 .text.HAL_TIMEx_ConfigBreakDeadTime
                0x0800a9ac       0xfc CMakeFiles/AML_Micromouse_24_2.dir/Drivers/STM32H7xx_HAL_Driver/Src/stm32h7xx_hal_tim_ex.c.obj
                0x0800a9ac                HAL_TIMEx_ConfigBreakDeadTime
 .text.HAL_UART_Init
                0x0800aaa8       0xa0 CMakeFiles/AML_Micromouse_24_2.dir/Drivers/STM32H7xx_HAL_Driver/Src/stm32h7xx_hal_uart.c.obj
                0x0800aaa8                HAL_UART_Init
 .text.HAL_UART_IRQHandler
                0x0800ab48      0x774 CMakeFiles/AML_Micromouse_24_2.dir/Drivers/STM32H7xx_HAL_Driver/Src/stm32h7xx_hal_uart.c.obj
                0x0800ab48                HAL_UART_IRQHandler
 .text.HAL_UART_TxCpltCallback
                0x0800b2bc       0x14 CMakeFiles/AML_Micromouse_24_2.dir/Drivers/STM32H7xx_HAL_Driver/Src/stm32h7xx_hal_uart.c.obj
                0x0800b2bc                HAL_UART_TxCpltCallback
 .text.HAL_UART_ErrorCallback
                0x0800b2d0       0x14 CMakeFiles/AML_Micromouse_24_2.dir/Drivers/STM32H7xx_HAL_Driver/Src/stm32h7xx_hal_uart.c.obj
                0x0800b2d0                HAL_UART_ErrorCallback
 .text.HAL_UARTEx_RxEventCallback
                0x0800b2e4       0x18 CMakeFiles/AML_Micromouse_24_2.dir/Drivers/STM32H7xx_HAL_Driver/Src/stm32h7xx_hal_uart.c.obj
                0x0800b2e4                HAL_UARTEx_RxEventCallback
 .text.UART_SetConfig
                0x0800b2fc      0xad0 CMakeFiles/AML_Micromouse_24_2.dir/Drivers/STM32H7xx_HAL_Driver/Src/stm32h7xx_hal_uart.c.obj
                0x0800b2fc                UART_SetConfig
 .text.UART_AdvFeatureConfig
                0x0800bdcc      0x144 CMakeFiles/AML_Micromouse_24_2.dir/Drivers/STM32H7xx_HAL_Driver/Src/stm32h7xx_hal_uart.c.obj
                0x0800bdcc                UART_AdvFeatureConfig
 .text.UART_CheckIdleState
                0x0800bf10      0x154 CMakeFiles/AML_Micromouse_24_2.dir/Drivers/STM32H7xx_HAL_Driver/Src/stm32h7xx_hal_uart.c.obj
                0x0800bf10                UART_CheckIdleState
 .text.UART_WaitOnFlagUntilTimeout
                0x0800c064       0xda CMakeFiles/AML_Micromouse_24_2.dir/Drivers/STM32H7xx_HAL_Driver/Src/stm32h7xx_hal_uart.c.obj
                0x0800c064                UART_WaitOnFlagUntilTimeout
 *fill*         0x0800c13e        0x2 
 .text.UART_EndRxTransfer
                0x0800c140       0xcc CMakeFiles/AML_Micromouse_24_2.dir/Drivers/STM32H7xx_HAL_Driver/Src/stm32h7xx_hal_uart.c.obj
 .text.UART_DMAAbortOnError
                0x0800c20c       0x2c CMakeFiles/AML_Micromouse_24_2.dir/Drivers/STM32H7xx_HAL_Driver/Src/stm32h7xx_hal_uart.c.obj
 .text.UART_EndTransmit_IT
                0x0800c238       0x56 CMakeFiles/AML_Micromouse_24_2.dir/Drivers/STM32H7xx_HAL_Driver/Src/stm32h7xx_hal_uart.c.obj
 .text.HAL_UARTEx_WakeupCallback
                0x0800c28e       0x14 CMakeFiles/AML_Micromouse_24_2.dir/Drivers/STM32H7xx_HAL_Driver/Src/stm32h7xx_hal_uart_ex.c.obj
                0x0800c28e                HAL_UARTEx_WakeupCallback
 .text.HAL_UARTEx_RxFifoFullCallback
                0x0800c2a2       0x14 CMakeFiles/AML_Micromouse_24_2.dir/Drivers/STM32H7xx_HAL_Driver/Src/stm32h7xx_hal_uart_ex.c.obj
                0x0800c2a2                HAL_UARTEx_RxFifoFullCallback
 .text.HAL_UARTEx_TxFifoEmptyCallback
                0x0800c2b6       0x14 CMakeFiles/AML_Micromouse_24_2.dir/Drivers/STM32H7xx_HAL_Driver/Src/stm32h7xx_hal_uart_ex.c.obj
                0x0800c2b6                HAL_UARTEx_TxFifoEmptyCallback
 .text.HAL_UARTEx_DisableFifoMode
                0x0800c2ca       0x72 CMakeFiles/AML_Micromouse_24_2.dir/Drivers/STM32H7xx_HAL_Driver/Src/stm32h7xx_hal_uart_ex.c.obj
                0x0800c2ca                HAL_UARTEx_DisableFifoMode
 .text.HAL_UARTEx_SetTxFifoThreshold
                0x0800c33c       0x7c CMakeFiles/AML_Micromouse_24_2.dir/Drivers/STM32H7xx_HAL_Driver/Src/stm32h7xx_hal_uart_ex.c.obj
                0x0800c33c                HAL_UARTEx_SetTxFifoThreshold
 .text.HAL_UARTEx_SetRxFifoThreshold
                0x0800c3b8       0x7c CMakeFiles/AML_Micromouse_24_2.dir/Drivers/STM32H7xx_HAL_Driver/Src/stm32h7xx_hal_uart_ex.c.obj
                0x0800c3b8                HAL_UARTEx_SetRxFifoThreshold
 .text.UARTEx_SetNbDataToProcess
                0x0800c434       0x9c CMakeFiles/AML_Micromouse_24_2.dir/Drivers/STM32H7xx_HAL_Driver/Src/stm32h7xx_hal_uart_ex.c.obj
 .text.SystemInit
                0x0800c4d0      0x110 CMakeFiles/AML_Micromouse_24_2.dir/Core/Src/system_stm32h7xx.c.obj
                0x0800c4d0                SystemInit
 .text.Reset_Handler
                0x0800c5e0       0x50 CMakeFiles/AML_Micromouse_24_2.dir/startup_stm32h743xx.s.obj
                0x0800c5e0                Reset_Handler
 .text.Default_Handler
                0x0800c630        0x2 CMakeFiles/AML_Micromouse_24_2.dir/startup_stm32h743xx.s.obj
                0x0800c630                RTC_Alarm_IRQHandler
                0x0800c630                EXTI2_IRQHandler
                0x0800c630                TIM8_CC_IRQHandler
                0x0800c630                HRTIM1_Master_IRQHandler
                0x0800c630                UART8_IRQHandler
                0x0800c630                SPI4_IRQHandler
                0x0800c630                TIM1_CC_IRQHandler
                0x0800c630                BDMA_Channel6_IRQHandler
                0x0800c630                DMA2_Stream5_IRQHandler
                0x0800c630                HRTIM1_FLT_IRQHandler
                0x0800c630                JPEG_IRQHandler
                0x0800c630                DMA1_Stream5_IRQHandler
                0x0800c630                BDMA_Channel1_IRQHandler
                0x0800c630                HRTIM1_TIMD_IRQHandler
                0x0800c630                TAMP_STAMP_IRQHandler
                0x0800c630                EXTI3_IRQHandler
                0x0800c630                LPTIM4_IRQHandler
                0x0800c630                TIM8_TRG_COM_TIM14_IRQHandler
                0x0800c630                LPTIM2_IRQHandler
                0x0800c630                DFSDM1_FLT1_IRQHandler
                0x0800c630                DMAMUX2_OVR_IRQHandler
                0x0800c630                TIM8_UP_TIM13_IRQHandler
                0x0800c630                I2C3_ER_IRQHandler
                0x0800c630                DFSDM1_FLT2_IRQHandler
                0x0800c630                MDMA_IRQHandler
                0x0800c630                LPTIM3_IRQHandler
                0x0800c630                HSEM1_IRQHandler
                0x0800c630                EXTI0_IRQHandler
                0x0800c630                I2C2_EV_IRQHandler
                0x0800c630                DMA1_Stream2_IRQHandler
                0x0800c630                FPU_IRQHandler
                0x0800c630                OTG_HS_WKUP_IRQHandler
                0x0800c630                FDCAN1_IT1_IRQHandler
                0x0800c630                LTDC_ER_IRQHandler
                0x0800c630                DMA2_Stream2_IRQHandler
                0x0800c630                HRTIM1_TIME_IRQHandler
                0x0800c630                SPI1_IRQHandler
                0x0800c630                TIM6_DAC_IRQHandler
                0x0800c630                DCMI_IRQHandler
                0x0800c630                HRTIM1_TIMC_IRQHandler
                0x0800c630                DMA2_Stream3_IRQHandler
                0x0800c630                SAI2_IRQHandler
                0x0800c630                DFSDM1_FLT3_IRQHandler
                0x0800c630                USART6_IRQHandler
                0x0800c630                TIM17_IRQHandler
                0x0800c630                BDMA_Channel7_IRQHandler
                0x0800c630                LPTIM5_IRQHandler
                0x0800c630                UART5_IRQHandler
                0x0800c630                ADC3_IRQHandler
                0x0800c630                DMA2_Stream0_IRQHandler
                0x0800c630                TIM4_IRQHandler
                0x0800c630                BDMA_Channel2_IRQHandler
                0x0800c630                QUADSPI_IRQHandler
                0x0800c630                I2C1_EV_IRQHandler
                0x0800c630                DMA1_Stream6_IRQHandler
                0x0800c630                DMAMUX1_OVR_IRQHandler
                0x0800c630                DMA1_Stream1_IRQHandler
                0x0800c630                TIM16_IRQHandler
                0x0800c630                UART4_IRQHandler
                0x0800c630                BDMA_Channel5_IRQHandler
                0x0800c630                TIM3_IRQHandler
                0x0800c630                RCC_IRQHandler
                0x0800c630                TIM8_BRK_TIM12_IRQHandler
                0x0800c630                TIM1_TRG_COM_IRQHandler
                0x0800c630                Default_Handler
                0x0800c630                ECC_IRQHandler
                0x0800c630                CEC_IRQHandler
                0x0800c630                EXTI15_10_IRQHandler
                0x0800c630                BDMA_Channel0_IRQHandler
                0x0800c630                DMA1_Stream7_IRQHandler
                0x0800c630                HRTIM1_TIMA_IRQHandler
                0x0800c630                SPI5_IRQHandler
                0x0800c630                TIM7_IRQHandler
                0x0800c630                SDMMC1_IRQHandler
                0x0800c630                TIM5_IRQHandler
                0x0800c630                DMA2_Stream7_IRQHandler
                0x0800c630                TIM15_IRQHandler
                0x0800c630                PVD_AVD_IRQHandler
                0x0800c630                I2C3_EV_IRQHandler
                0x0800c630                EXTI9_5_IRQHandler
                0x0800c630                RTC_WKUP_IRQHandler
                0x0800c630                LTDC_IRQHandler
                0x0800c630                SAI3_IRQHandler
                0x0800c630                ETH_WKUP_IRQHandler
                0x0800c630                SPDIF_RX_IRQHandler
                0x0800c630                SPI2_IRQHandler
                0x0800c630                OTG_HS_EP1_IN_IRQHandler
                0x0800c630                CRS_IRQHandler
                0x0800c630                EXTI4_IRQHandler
                0x0800c630                RNG_IRQHandler
                0x0800c630                HRTIM1_TIMB_IRQHandler
                0x0800c630                FDCAN2_IT1_IRQHandler
                0x0800c630                ETH_IRQHandler
                0x0800c630                TIM1_UP_IRQHandler
                0x0800c630                BDMA_Channel4_IRQHandler
                0x0800c630                OTG_HS_EP1_OUT_IRQHandler
                0x0800c630                WWDG_IRQHandler
                0x0800c630                SPI6_IRQHandler
                0x0800c630                MDIOS_IRQHandler
                0x0800c630                I2C4_EV_IRQHandler
                0x0800c630                FDCAN2_IT0_IRQHandler
                0x0800c630                LPUART1_IRQHandler
                0x0800c630                FDCAN1_IT0_IRQHandler
                0x0800c630                TIM2_IRQHandler
                0x0800c630                OTG_FS_WKUP_IRQHandler
                0x0800c630                OTG_HS_IRQHandler
                0x0800c630                DMA2D_IRQHandler
                0x0800c630                TIM1_BRK_IRQHandler
                0x0800c630                EXTI1_IRQHandler
                0x0800c630                SDMMC2_IRQHandler
                0x0800c630                OTG_FS_EP1_OUT_IRQHandler
                0x0800c630                BDMA_Channel3_IRQHandler
                0x0800c630                UART7_IRQHandler
                0x0800c630                MDIOS_WKUP_IRQHandler
                0x0800c630                USART2_IRQHandler
                0x0800c630                DFSDM1_FLT0_IRQHandler
                0x0800c630                SAI4_IRQHandler
                0x0800c630                I2C2_ER_IRQHandler
                0x0800c630                DMA2_Stream1_IRQHandler
                0x0800c630                FLASH_IRQHandler
                0x0800c630                DMA2_Stream4_IRQHandler
                0x0800c630                USART1_IRQHandler
                0x0800c630                OTG_FS_IRQHandler
                0x0800c630                SPI3_IRQHandler
                0x0800c630                WAKEUP_PIN_IRQHandler
                0x0800c630                DMA1_Stream4_IRQHandler
                0x0800c630                OTG_FS_EP1_IN_IRQHandler
                0x0800c630                I2C1_ER_IRQHandler
                0x0800c630                FMC_IRQHandler
                0x0800c630                FDCAN_CAL_IRQHandler
                0x0800c630                SWPMI1_IRQHandler
                0x0800c630                COMP1_IRQHandler
                0x0800c630                LPTIM1_IRQHandler
                0x0800c630                I2C4_ER_IRQHandler
                0x0800c630                DMA2_Stream6_IRQHandler
                0x0800c630                SAI1_IRQHandler
                0x0800c630                DMA1_Stream3_IRQHandler
 *(.glue_7)
 .glue_7        0x0800c632        0x0 linker stubs
 *(.glue_7t)
 .glue_7t       0x0800c632        0x0 linker stubs
 *(.eh_frame)
 *fill*         0x0800c632        0x2 
 .eh_frame      0x0800c634        0x0 c:/progra~2/gnu arm embedded toolchain/10 2021.10/bin/../lib/gcc/arm-none-eabi/10.3.1/thumb/v7e-m+dp/hard/crtbegin.o
 *(.init)
 .init          0x0800c634        0x4 c:/progra~2/gnu arm embedded toolchain/10 2021.10/bin/../lib/gcc/arm-none-eabi/10.3.1/thumb/v7e-m+dp/hard/crti.o
                0x0800c634                _init
 .init          0x0800c638        0x8 c:/progra~2/gnu arm embedded toolchain/10 2021.10/bin/../lib/gcc/arm-none-eabi/10.3.1/thumb/v7e-m+dp/hard/crtn.o
 *(.fini)
 .fini          0x0800c640        0x4 c:/progra~2/gnu arm embedded toolchain/10 2021.10/bin/../lib/gcc/arm-none-eabi/10.3.1/thumb/v7e-m+dp/hard/crti.o
                0x0800c640                _fini
 .fini          0x0800c644        0x8 c:/progra~2/gnu arm embedded toolchain/10 2021.10/bin/../lib/gcc/arm-none-eabi/10.3.1/thumb/v7e-m+dp/hard/crtn.o
                0x0800c64c                . = ALIGN (0x4)
                0x0800c64c                _etext = .

.vfp11_veneer   0x0800c64c        0x0
 .vfp11_veneer  0x0800c64c        0x0 linker stubs

.v4_bx          0x0800c64c        0x0
 .v4_bx         0x0800c64c        0x0 linker stubs

.iplt           0x0800c64c        0x0
 .iplt          0x0800c64c        0x0 c:/progra~2/gnu arm embedded toolchain/10 2021.10/bin/../lib/gcc/arm-none-eabi/10.3.1/thumb/v7e-m+dp/hard/crtbegin.o

.rodata         0x0800c64c       0x40
                0x0800c64c                . = ALIGN (0x4)
 *(.rodata)
 *(.rodata*)
 .rodata.flagBitshiftOffset.0
                0x0800c64c        0x8 CMakeFiles/AML_Micromouse_24_2.dir/Drivers/STM32H7xx_HAL_Driver/Src/stm32h7xx_hal_dma.c.obj
 .rodata.UARTPrescTable
                0x0800c654       0x18 CMakeFiles/AML_Micromouse_24_2.dir/Drivers/STM32H7xx_HAL_Driver/Src/stm32h7xx_hal_uart.c.obj
                0x0800c654                UARTPrescTable
 .rodata.numerator.1
                0x0800c66c        0x8 CMakeFiles/AML_Micromouse_24_2.dir/Drivers/STM32H7xx_HAL_Driver/Src/stm32h7xx_hal_uart_ex.c.obj
 .rodata.denominator.0
                0x0800c674        0x8 CMakeFiles/AML_Micromouse_24_2.dir/Drivers/STM32H7xx_HAL_Driver/Src/stm32h7xx_hal_uart_ex.c.obj
 .rodata.D1CorePrescTable
                0x0800c67c       0x10 CMakeFiles/AML_Micromouse_24_2.dir/Core/Src/system_stm32h7xx.c.obj
                0x0800c67c                D1CorePrescTable
                0x0800c68c                . = ALIGN (0x4)

.ARM.extab
 *(.ARM.extab* .gnu.linkonce.armextab.*)

.ARM            0x0800c68c        0x8
                0x0800c68c                __exidx_start = .
 *(.ARM.exidx*)
 .ARM.exidx     0x0800c68c        0x8 c:/progra~2/gnu arm embedded toolchain/10 2021.10/bin/../lib/gcc/arm-none-eabi/10.3.1/thumb/v7e-m+dp/hard\libgcc.a(_udivmoddi4.o)
                0x0800c694                __exidx_end = .

.rel.dyn        0x0800c694        0x0
 .rel.iplt      0x0800c694        0x0 c:/progra~2/gnu arm embedded toolchain/10 2021.10/bin/../lib/gcc/arm-none-eabi/10.3.1/thumb/v7e-m+dp/hard/crtbegin.o

.preinit_array  0x0800c694        0x0
                0x0800c694                PROVIDE (__preinit_array_start = .)
 *(.preinit_array*)
                0x0800c694                PROVIDE (__preinit_array_end = .)

.init_array     0x0800c694        0x4
                0x0800c694                PROVIDE (__init_array_start = .)
 *(SORT_BY_NAME(.init_array.*))
 *(.init_array*)
 .init_array    0x0800c694        0x4 c:/progra~2/gnu arm embedded toolchain/10 2021.10/bin/../lib/gcc/arm-none-eabi/10.3.1/thumb/v7e-m+dp/hard/crtbegin.o
                0x0800c698                PROVIDE (__init_array_end = .)

.fini_array     0x0800c698        0x4
                [!provide]                PROVIDE (__fini_array_start = .)
 *(SORT_BY_NAME(.fini_array.*))
 *(.fini_array*)
 .fini_array    0x0800c698        0x4 c:/progra~2/gnu arm embedded toolchain/10 2021.10/bin/../lib/gcc/arm-none-eabi/10.3.1/thumb/v7e-m+dp/hard/crtbegin.o
                [!provide]                PROVIDE (__fini_array_end = .)
                0x0800c69c                _sidata = LOADADDR (.data)

.data           0x20000000       0x10 load address 0x0800c69c
                0x20000000                . = ALIGN (0x4)
                0x20000000                _sdata = .
 *(.data)
 *(.data*)
 .data.uwTickPrio
                0x20000000        0x4 CMakeFiles/AML_Micromouse_24_2.dir/Drivers/STM32H7xx_HAL_Driver/Src/stm32h7xx_hal.c.obj
                0x20000000                uwTickPrio
 .data.uwTickFreq
                0x20000004        0x1 CMakeFiles/AML_Micromouse_24_2.dir/Drivers/STM32H7xx_HAL_Driver/Src/stm32h7xx_hal.c.obj
                0x20000004                uwTickFreq
 *fill*         0x20000005        0x3 
 .data.SystemCoreClock
                0x20000008        0x4 CMakeFiles/AML_Micromouse_24_2.dir/Core/Src/system_stm32h7xx.c.obj
                0x20000008                SystemCoreClock
 .data.SystemD2Clock
                0x2000000c        0x4 CMakeFiles/AML_Micromouse_24_2.dir/Core/Src/system_stm32h7xx.c.obj
                0x2000000c                SystemD2Clock
                0x20000010                . = ALIGN (0x4)
                0x20000010                _edata = .

.igot.plt       0x20000010        0x0 load address 0x0800c6ac
 .igot.plt      0x20000010        0x0 c:/progra~2/gnu arm embedded toolchain/10 2021.10/bin/../lib/gcc/arm-none-eabi/10.3.1/thumb/v7e-m+dp/hard/crtbegin.o
                0x20000010                . = ALIGN (0x4)

.bss            0x20000010      0x3e4 load address 0x0800c6ac
                0x20000010                _sbss = .
                0x20000010                __bss_start__ = _sbss
 *(.bss)
 .bss           0x20000010       0x1c c:/progra~2/gnu arm embedded toolchain/10 2021.10/bin/../lib/gcc/arm-none-eabi/10.3.1/thumb/v7e-m+dp/hard/crtbegin.o
 *(.bss*)
 .bss.hadc1     0x2000002c       0x64 CMakeFiles/AML_Micromouse_24_2.dir/Core/Src/main.c.obj
                0x2000002c                hadc1
 .bss.hi2c2     0x20000090       0x54 CMakeFiles/AML_Micromouse_24_2.dir/Core/Src/main.c.obj
                0x20000090                hi2c2
 .bss.hramecc1_m1
                0x200000e4       0x10 CMakeFiles/AML_Micromouse_24_2.dir/Core/Src/main.c.obj
                0x200000e4                hramecc1_m1
 .bss.hramecc1_m2
                0x200000f4       0x10 CMakeFiles/AML_Micromouse_24_2.dir/Core/Src/main.c.obj
                0x200000f4                hramecc1_m2
 .bss.hramecc1_m3
                0x20000104       0x10 CMakeFiles/AML_Micromouse_24_2.dir/Core/Src/main.c.obj
                0x20000104                hramecc1_m3
 .bss.hramecc1_m4
                0x20000114       0x10 CMakeFiles/AML_Micromouse_24_2.dir/Core/Src/main.c.obj
                0x20000114                hramecc1_m4
 .bss.hramecc1_m5
                0x20000124       0x10 CMakeFiles/AML_Micromouse_24_2.dir/Core/Src/main.c.obj
                0x20000124                hramecc1_m5
 .bss.hramecc2_m1
                0x20000134       0x10 CMakeFiles/AML_Micromouse_24_2.dir/Core/Src/main.c.obj
                0x20000134                hramecc2_m1
 .bss.hramecc2_m2
                0x20000144       0x10 CMakeFiles/AML_Micromouse_24_2.dir/Core/Src/main.c.obj
                0x20000144                hramecc2_m2
 .bss.hramecc2_m3
                0x20000154       0x10 CMakeFiles/AML_Micromouse_24_2.dir/Core/Src/main.c.obj
                0x20000154                hramecc2_m3
 .bss.hramecc2_m4
                0x20000164       0x10 CMakeFiles/AML_Micromouse_24_2.dir/Core/Src/main.c.obj
                0x20000164                hramecc2_m4
 .bss.hramecc2_m5
                0x20000174       0x10 CMakeFiles/AML_Micromouse_24_2.dir/Core/Src/main.c.obj
                0x20000174                hramecc2_m5
 .bss.hramecc3_m1
                0x20000184       0x10 CMakeFiles/AML_Micromouse_24_2.dir/Core/Src/main.c.obj
                0x20000184                hramecc3_m1
 .bss.hramecc3_m2
                0x20000194       0x10 CMakeFiles/AML_Micromouse_24_2.dir/Core/Src/main.c.obj
                0x20000194                hramecc3_m2
 .bss.htim1     0x200001a4       0x4c CMakeFiles/AML_Micromouse_24_2.dir/Core/Src/main.c.obj
                0x200001a4                htim1
 .bss.htim2     0x200001f0       0x4c CMakeFiles/AML_Micromouse_24_2.dir/Core/Src/main.c.obj
                0x200001f0                htim2
 .bss.htim4     0x2000023c       0x4c CMakeFiles/AML_Micromouse_24_2.dir/Core/Src/main.c.obj
                0x2000023c                htim4
 .bss.htim5     0x20000288       0x4c CMakeFiles/AML_Micromouse_24_2.dir/Core/Src/main.c.obj
                0x20000288                htim5
 .bss.huart3    0x200002d4       0x94 CMakeFiles/AML_Micromouse_24_2.dir/Core/Src/main.c.obj
                0x200002d4                huart3
 .bss.hdma_usart3_rx
                0x20000368       0x78 CMakeFiles/AML_Micromouse_24_2.dir/Core/Src/main.c.obj
                0x20000368                hdma_usart3_rx
 .bss.CurrentAngle
                0x200003e0        0x8 CMakeFiles/AML_Micromouse_24_2.dir/Core/Src/main.c.obj
                0x200003e0                CurrentAngle
 .bss.EncoderGetRightValue
                0x200003e8        0x4 CMakeFiles/AML_Micromouse_24_2.dir/Core/Src/main.c.obj
                0x200003e8                EncoderGetRightValue
 .bss.EncoderGetLeftValue
                0x200003ec        0x4 CMakeFiles/AML_Micromouse_24_2.dir/Core/Src/main.c.obj
                0x200003ec                EncoderGetLeftValue
 .bss.uwTick    0x200003f0        0x4 CMakeFiles/AML_Micromouse_24_2.dir/Drivers/STM32H7xx_HAL_Driver/Src/stm32h7xx_hal.c.obj
                0x200003f0                uwTick
 *(COMMON)
                0x200003f4                . = ALIGN (0x4)
                0x200003f4                _ebss = .
                0x200003f4                __bss_end__ = _ebss

._user_heap_stack
                0x200003f4      0x604 load address 0x0800c6ac
                0x200003f8                . = ALIGN (0x8)
 *fill*         0x200003f4        0x4 
                [!provide]                PROVIDE (end = .)
                0x200003f8                PROVIDE (_end = .)
                0x200005f8                . = (. + _Min_Heap_Size)
 *fill*         0x200003f8      0x200 
                0x200009f8                . = (. + _Min_Stack_Size)
 *fill*         0x200005f8      0x400 
                0x200009f8                . = ALIGN (0x8)

/DISCARD/
 libc.a(*)
 libm.a(*)
 libgcc.a(*)

.ARM.attributes
                0x00000000       0x2e
 *(.ARM.attributes)
 .ARM.attributes
                0x00000000       0x1e c:/progra~2/gnu arm embedded toolchain/10 2021.10/bin/../lib/gcc/arm-none-eabi/10.3.1/thumb/v7e-m+dp/hard/crti.o
 .ARM.attributes
                0x0000001e       0x32 c:/progra~2/gnu arm embedded toolchain/10 2021.10/bin/../lib/gcc/arm-none-eabi/10.3.1/thumb/v7e-m+dp/hard/crtbegin.o
 .ARM.attributes
                0x00000050       0x32 c:/progra~2/gnu arm embedded toolchain/10 2021.10/bin/../lib/gcc/arm-none-eabi/10.3.1/../../../../arm-none-eabi/lib/thumb/v7e-m+dp/hard\libc_nano.a(lib_a-init.o)
 .ARM.attributes
                0x00000082       0x32 c:/progra~2/gnu arm embedded toolchain/10 2021.10/bin/../lib/gcc/arm-none-eabi/10.3.1/../../../../arm-none-eabi/lib/thumb/v7e-m+dp/hard\libc_nano.a(lib_a-memset.o)
 .ARM.attributes
                0x000000b4       0x32 CMakeFiles/AML_Micromouse_24_2.dir/Core/Src/main.c.obj
 .ARM.attributes
                0x000000e6       0x32 CMakeFiles/AML_Micromouse_24_2.dir/Core/Src/stm32h7xx_it.c.obj
 .ARM.attributes
                0x00000118       0x32 CMakeFiles/AML_Micromouse_24_2.dir/Core/Src/stm32h7xx_hal_msp.c.obj
 .ARM.attributes
                0x0000014a       0x32 CMakeFiles/AML_Micromouse_24_2.dir/Drivers/STM32H7xx_HAL_Driver/Src/stm32h7xx_hal_adc.c.obj
 .ARM.attributes
                0x0000017c       0x32 CMakeFiles/AML_Micromouse_24_2.dir/Drivers/STM32H7xx_HAL_Driver/Src/stm32h7xx_hal_adc_ex.c.obj
 .ARM.attributes
                0x000001ae       0x32 CMakeFiles/AML_Micromouse_24_2.dir/Drivers/STM32H7xx_HAL_Driver/Src/stm32h7xx_hal_rcc.c.obj
 .ARM.attributes
                0x000001e0       0x32 CMakeFiles/AML_Micromouse_24_2.dir/Drivers/STM32H7xx_HAL_Driver/Src/stm32h7xx_hal_rcc_ex.c.obj
 .ARM.attributes
                0x00000212       0x32 CMakeFiles/AML_Micromouse_24_2.dir/Drivers/STM32H7xx_HAL_Driver/Src/stm32h7xx_hal_gpio.c.obj
 .ARM.attributes
                0x00000244       0x32 CMakeFiles/AML_Micromouse_24_2.dir/Drivers/STM32H7xx_HAL_Driver/Src/stm32h7xx_hal_dma.c.obj
 .ARM.attributes
                0x00000276       0x32 CMakeFiles/AML_Micromouse_24_2.dir/Drivers/STM32H7xx_HAL_Driver/Src/stm32h7xx_hal_pwr_ex.c.obj
 .ARM.attributes
                0x000002a8       0x32 CMakeFiles/AML_Micromouse_24_2.dir/Drivers/STM32H7xx_HAL_Driver/Src/stm32h7xx_hal_cortex.c.obj
 .ARM.attributes
                0x000002da       0x32 CMakeFiles/AML_Micromouse_24_2.dir/Drivers/STM32H7xx_HAL_Driver/Src/stm32h7xx_hal.c.obj
 .ARM.attributes
                0x0000030c       0x32 CMakeFiles/AML_Micromouse_24_2.dir/Drivers/STM32H7xx_HAL_Driver/Src/stm32h7xx_hal_i2c.c.obj
 .ARM.attributes
                0x0000033e       0x32 CMakeFiles/AML_Micromouse_24_2.dir/Drivers/STM32H7xx_HAL_Driver/Src/stm32h7xx_hal_i2c_ex.c.obj
 .ARM.attributes
                0x00000370       0x32 CMakeFiles/AML_Micromouse_24_2.dir/Drivers/STM32H7xx_HAL_Driver/Src/stm32h7xx_hal_ramecc.c.obj
 .ARM.attributes
                0x000003a2       0x32 CMakeFiles/AML_Micromouse_24_2.dir/Drivers/STM32H7xx_HAL_Driver/Src/stm32h7xx_hal_tim.c.obj
 .ARM.attributes
                0x000003d4       0x32 CMakeFiles/AML_Micromouse_24_2.dir/Drivers/STM32H7xx_HAL_Driver/Src/stm32h7xx_hal_tim_ex.c.obj
 .ARM.attributes
                0x00000406       0x32 CMakeFiles/AML_Micromouse_24_2.dir/Drivers/STM32H7xx_HAL_Driver/Src/stm32h7xx_hal_uart.c.obj
 .ARM.attributes
                0x00000438       0x32 CMakeFiles/AML_Micromouse_24_2.dir/Drivers/STM32H7xx_HAL_Driver/Src/stm32h7xx_hal_uart_ex.c.obj
 .ARM.attributes
                0x0000046a       0x32 CMakeFiles/AML_Micromouse_24_2.dir/Core/Src/system_stm32h7xx.c.obj
 .ARM.attributes
                0x0000049c       0x21 CMakeFiles/AML_Micromouse_24_2.dir/startup_stm32h743xx.s.obj
 .ARM.attributes
                0x000004bd       0x1e c:/progra~2/gnu arm embedded toolchain/10 2021.10/bin/../lib/gcc/arm-none-eabi/10.3.1/thumb/v7e-m+dp/hard\libgcc.a(_aeabi_uldivmod.o)
 .ARM.attributes
                0x000004db       0x32 c:/progra~2/gnu arm embedded toolchain/10 2021.10/bin/../lib/gcc/arm-none-eabi/10.3.1/thumb/v7e-m+dp/hard\libgcc.a(_udivmoddi4.o)
 .ARM.attributes
                0x0000050d       0x1e c:/progra~2/gnu arm embedded toolchain/10 2021.10/bin/../lib/gcc/arm-none-eabi/10.3.1/thumb/v7e-m+dp/hard\libgcc.a(_dvmd_tls.o)
 .ARM.attributes
                0x0000052b       0x1e c:/progra~2/gnu arm embedded toolchain/10 2021.10/bin/../lib/gcc/arm-none-eabi/10.3.1/thumb/v7e-m+dp/hard/crtn.o
OUTPUT(AML_Micromouse_24_2.elf elf32-littlearm)
LOAD linker stubs
LOAD c:/progra~2/gnu arm embedded toolchain/10 2021.10/bin/../lib/gcc/arm-none-eabi/10.3.1/../../../../arm-none-eabi/lib/thumb/v7e-m+dp/hard\libc.a
LOAD c:/progra~2/gnu arm embedded toolchain/10 2021.10/bin/../lib/gcc/arm-none-eabi/10.3.1/../../../../arm-none-eabi/lib/thumb/v7e-m+dp/hard\libm.a
LOAD c:/progra~2/gnu arm embedded toolchain/10 2021.10/bin/../lib/gcc/arm-none-eabi/10.3.1/thumb/v7e-m+dp/hard\libgcc.a

.debug_frame    0x00000000     0x6a28
 .debug_frame   0x00000000       0x2c c:/progra~2/gnu arm embedded toolchain/10 2021.10/bin/../lib/gcc/arm-none-eabi/10.3.1/../../../../arm-none-eabi/lib/thumb/v7e-m+dp/hard\libc_nano.a(lib_a-init.o)
 .debug_frame   0x0000002c       0x20 c:/progra~2/gnu arm embedded toolchain/10 2021.10/bin/../lib/gcc/arm-none-eabi/10.3.1/../../../../arm-none-eabi/lib/thumb/v7e-m+dp/hard\libc_nano.a(lib_a-memset.o)
 .debug_frame   0x0000004c      0x1e0 CMakeFiles/AML_Micromouse_24_2.dir/Core/Src/main.c.obj
 .debug_frame   0x0000022c      0x158 CMakeFiles/AML_Micromouse_24_2.dir/Core/Src/stm32h7xx_it.c.obj
 .debug_frame   0x00000384      0x1d8 CMakeFiles/AML_Micromouse_24_2.dir/Core/Src/stm32h7xx_hal_msp.c.obj
 .debug_frame   0x0000055c      0xa28 CMakeFiles/AML_Micromouse_24_2.dir/Drivers/STM32H7xx_HAL_Driver/Src/stm32h7xx_hal_adc.c.obj
 .debug_frame   0x00000f84      0x88c CMakeFiles/AML_Micromouse_24_2.dir/Drivers/STM32H7xx_HAL_Driver/Src/stm32h7xx_hal_adc_ex.c.obj
 .debug_frame   0x00001810      0x1f8 CMakeFiles/AML_Micromouse_24_2.dir/Drivers/STM32H7xx_HAL_Driver/Src/stm32h7xx_hal_rcc.c.obj
 .debug_frame   0x00001a08      0x414 CMakeFiles/AML_Micromouse_24_2.dir/Drivers/STM32H7xx_HAL_Driver/Src/stm32h7xx_hal_rcc_ex.c.obj
 .debug_frame   0x00001e1c      0x14c CMakeFiles/AML_Micromouse_24_2.dir/Drivers/STM32H7xx_HAL_Driver/Src/stm32h7xx_hal_gpio.c.obj
 .debug_frame   0x00001f68      0x2b4 CMakeFiles/AML_Micromouse_24_2.dir/Drivers/STM32H7xx_HAL_Driver/Src/stm32h7xx_hal_dma.c.obj
 .debug_frame   0x0000221c      0x580 CMakeFiles/AML_Micromouse_24_2.dir/Drivers/STM32H7xx_HAL_Driver/Src/stm32h7xx_hal_pwr_ex.c.obj
 .debug_frame   0x0000279c      0x508 CMakeFiles/AML_Micromouse_24_2.dir/Drivers/STM32H7xx_HAL_Driver/Src/stm32h7xx_hal_cortex.c.obj
 .debug_frame   0x00002ca4      0x690 CMakeFiles/AML_Micromouse_24_2.dir/Drivers/STM32H7xx_HAL_Driver/Src/stm32h7xx_hal.c.obj
 .debug_frame   0x00003334      0xc40 CMakeFiles/AML_Micromouse_24_2.dir/Drivers/STM32H7xx_HAL_Driver/Src/stm32h7xx_hal_i2c.c.obj
 .debug_frame   0x00003f74      0x100 CMakeFiles/AML_Micromouse_24_2.dir/Drivers/STM32H7xx_HAL_Driver/Src/stm32h7xx_hal_i2c_ex.c.obj
 .debug_frame   0x00004074      0x2b4 CMakeFiles/AML_Micromouse_24_2.dir/Drivers/STM32H7xx_HAL_Driver/Src/stm32h7xx_hal_ramecc.c.obj
 .debug_frame   0x00004328     0x121c CMakeFiles/AML_Micromouse_24_2.dir/Drivers/STM32H7xx_HAL_Driver/Src/stm32h7xx_hal_tim.c.obj
 .debug_frame   0x00005544      0x6d8 CMakeFiles/AML_Micromouse_24_2.dir/Drivers/STM32H7xx_HAL_Driver/Src/stm32h7xx_hal_tim_ex.c.obj
 .debug_frame   0x00005c1c      0xa94 CMakeFiles/AML_Micromouse_24_2.dir/Drivers/STM32H7xx_HAL_Driver/Src/stm32h7xx_hal_uart.c.obj
 .debug_frame   0x000066b0      0x2c0 CMakeFiles/AML_Micromouse_24_2.dir/Drivers/STM32H7xx_HAL_Driver/Src/stm32h7xx_hal_uart_ex.c.obj
 .debug_frame   0x00006970       0x58 CMakeFiles/AML_Micromouse_24_2.dir/Core/Src/system_stm32h7xx.c.obj
 .debug_frame   0x000069c8       0x2c c:/progra~2/gnu arm embedded toolchain/10 2021.10/bin/../lib/gcc/arm-none-eabi/10.3.1/thumb/v7e-m+dp/hard\libgcc.a(_aeabi_uldivmod.o)
 .debug_frame   0x000069f4       0x34 c:/progra~2/gnu arm embedded toolchain/10 2021.10/bin/../lib/gcc/arm-none-eabi/10.3.1/thumb/v7e-m+dp/hard\libgcc.a(_udivmoddi4.o)

.debug_info     0x00000000    0x1f295
 .debug_info    0x00000000     0x29fd CMakeFiles/AML_Micromouse_24_2.dir/Core/Src/main.c.obj
 .debug_info    0x000029fd      0xcfb CMakeFiles/AML_Micromouse_24_2.dir/Core/Src/stm32h7xx_it.c.obj
 .debug_info    0x000036f8     0x22c8 CMakeFiles/AML_Micromouse_24_2.dir/Core/Src/stm32h7xx_hal_msp.c.obj
 .debug_info    0x000059c0     0x1ed9 CMakeFiles/AML_Micromouse_24_2.dir/Drivers/STM32H7xx_HAL_Driver/Src/stm32h7xx_hal_adc.c.obj
 .debug_info    0x00007899     0x2001 CMakeFiles/AML_Micromouse_24_2.dir/Drivers/STM32H7xx_HAL_Driver/Src/stm32h7xx_hal_adc_ex.c.obj
 .debug_info    0x0000989a      0xef6 CMakeFiles/AML_Micromouse_24_2.dir/Drivers/STM32H7xx_HAL_Driver/Src/stm32h7xx_hal_rcc.c.obj
 .debug_info    0x0000a790     0x1298 CMakeFiles/AML_Micromouse_24_2.dir/Drivers/STM32H7xx_HAL_Driver/Src/stm32h7xx_hal_rcc_ex.c.obj
 .debug_info    0x0000ba28      0xd28 CMakeFiles/AML_Micromouse_24_2.dir/Drivers/STM32H7xx_HAL_Driver/Src/stm32h7xx_hal_gpio.c.obj
 .debug_info    0x0000c750      0xcc8 CMakeFiles/AML_Micromouse_24_2.dir/Drivers/STM32H7xx_HAL_Driver/Src/stm32h7xx_hal_dma.c.obj
 .debug_info    0x0000d418     0x1087 CMakeFiles/AML_Micromouse_24_2.dir/Drivers/STM32H7xx_HAL_Driver/Src/stm32h7xx_hal_pwr_ex.c.obj
 .debug_info    0x0000e49f     0x11bd CMakeFiles/AML_Micromouse_24_2.dir/Drivers/STM32H7xx_HAL_Driver/Src/stm32h7xx_hal_cortex.c.obj
 .debug_info    0x0000f65c     0x1577 CMakeFiles/AML_Micromouse_24_2.dir/Drivers/STM32H7xx_HAL_Driver/Src/stm32h7xx_hal.c.obj
 .debug_info    0x00010bd3     0x245c CMakeFiles/AML_Micromouse_24_2.dir/Drivers/STM32H7xx_HAL_Driver/Src/stm32h7xx_hal_i2c.c.obj
 .debug_info    0x0001302f      0xe47 CMakeFiles/AML_Micromouse_24_2.dir/Drivers/STM32H7xx_HAL_Driver/Src/stm32h7xx_hal_i2c_ex.c.obj
 .debug_info    0x00013e76      0x526 CMakeFiles/AML_Micromouse_24_2.dir/Drivers/STM32H7xx_HAL_Driver/Src/stm32h7xx_hal_ramecc.c.obj
 .debug_info    0x0001439c     0x2d8e CMakeFiles/AML_Micromouse_24_2.dir/Drivers/STM32H7xx_HAL_Driver/Src/stm32h7xx_hal_tim.c.obj
 .debug_info    0x0001712a     0x17f4 CMakeFiles/AML_Micromouse_24_2.dir/Drivers/STM32H7xx_HAL_Driver/Src/stm32h7xx_hal_tim_ex.c.obj
 .debug_info    0x0001891e     0x4cc3 CMakeFiles/AML_Micromouse_24_2.dir/Drivers/STM32H7xx_HAL_Driver/Src/stm32h7xx_hal_uart.c.obj
 .debug_info    0x0001d5e1      0xf8b CMakeFiles/AML_Micromouse_24_2.dir/Drivers/STM32H7xx_HAL_Driver/Src/stm32h7xx_hal_uart_ex.c.obj
 .debug_info    0x0001e56c      0xd07 CMakeFiles/AML_Micromouse_24_2.dir/Core/Src/system_stm32h7xx.c.obj
 .debug_info    0x0001f273       0x22 CMakeFiles/AML_Micromouse_24_2.dir/startup_stm32h743xx.s.obj

.debug_abbrev   0x00000000     0x2c91
 .debug_abbrev  0x00000000      0x276 CMakeFiles/AML_Micromouse_24_2.dir/Core/Src/main.c.obj
 .debug_abbrev  0x00000276      0x161 CMakeFiles/AML_Micromouse_24_2.dir/Core/Src/stm32h7xx_it.c.obj
 .debug_abbrev  0x000003d7      0x23a CMakeFiles/AML_Micromouse_24_2.dir/Core/Src/stm32h7xx_hal_msp.c.obj
 .debug_abbrev  0x00000611      0x27e CMakeFiles/AML_Micromouse_24_2.dir/Drivers/STM32H7xx_HAL_Driver/Src/stm32h7xx_hal_adc.c.obj
 .debug_abbrev  0x0000088f      0x2c4 CMakeFiles/AML_Micromouse_24_2.dir/Drivers/STM32H7xx_HAL_Driver/Src/stm32h7xx_hal_adc_ex.c.obj
 .debug_abbrev  0x00000b53      0x270 CMakeFiles/AML_Micromouse_24_2.dir/Drivers/STM32H7xx_HAL_Driver/Src/stm32h7xx_hal_rcc.c.obj
 .debug_abbrev  0x00000dc3      0x247 CMakeFiles/AML_Micromouse_24_2.dir/Drivers/STM32H7xx_HAL_Driver/Src/stm32h7xx_hal_rcc_ex.c.obj
 .debug_abbrev  0x0000100a      0x1ec CMakeFiles/AML_Micromouse_24_2.dir/Drivers/STM32H7xx_HAL_Driver/Src/stm32h7xx_hal_gpio.c.obj
 .debug_abbrev  0x000011f6      0x224 CMakeFiles/AML_Micromouse_24_2.dir/Drivers/STM32H7xx_HAL_Driver/Src/stm32h7xx_hal_dma.c.obj
 .debug_abbrev  0x0000141a      0x267 CMakeFiles/AML_Micromouse_24_2.dir/Drivers/STM32H7xx_HAL_Driver/Src/stm32h7xx_hal_pwr_ex.c.obj
 .debug_abbrev  0x00001681      0x329 CMakeFiles/AML_Micromouse_24_2.dir/Drivers/STM32H7xx_HAL_Driver/Src/stm32h7xx_hal_cortex.c.obj
 .debug_abbrev  0x000019aa      0x241 CMakeFiles/AML_Micromouse_24_2.dir/Drivers/STM32H7xx_HAL_Driver/Src/stm32h7xx_hal.c.obj
 .debug_abbrev  0x00001beb      0x21e CMakeFiles/AML_Micromouse_24_2.dir/Drivers/STM32H7xx_HAL_Driver/Src/stm32h7xx_hal_i2c.c.obj
 .debug_abbrev  0x00001e09      0x1e1 CMakeFiles/AML_Micromouse_24_2.dir/Drivers/STM32H7xx_HAL_Driver/Src/stm32h7xx_hal_i2c_ex.c.obj
 .debug_abbrev  0x00001fea      0x18b CMakeFiles/AML_Micromouse_24_2.dir/Drivers/STM32H7xx_HAL_Driver/Src/stm32h7xx_hal_ramecc.c.obj
 .debug_abbrev  0x00002175      0x238 CMakeFiles/AML_Micromouse_24_2.dir/Drivers/STM32H7xx_HAL_Driver/Src/stm32h7xx_hal_tim.c.obj
 .debug_abbrev  0x000023ad      0x240 CMakeFiles/AML_Micromouse_24_2.dir/Drivers/STM32H7xx_HAL_Driver/Src/stm32h7xx_hal_tim_ex.c.obj
 .debug_abbrev  0x000025ed      0x2cf CMakeFiles/AML_Micromouse_24_2.dir/Drivers/STM32H7xx_HAL_Driver/Src/stm32h7xx_hal_uart.c.obj
 .debug_abbrev  0x000028bc      0x27c CMakeFiles/AML_Micromouse_24_2.dir/Drivers/STM32H7xx_HAL_Driver/Src/stm32h7xx_hal_uart_ex.c.obj
 .debug_abbrev  0x00002b38      0x147 CMakeFiles/AML_Micromouse_24_2.dir/Core/Src/system_stm32h7xx.c.obj
 .debug_abbrev  0x00002c7f       0x12 CMakeFiles/AML_Micromouse_24_2.dir/startup_stm32h743xx.s.obj

.debug_aranges  0x00000000     0x1840
 .debug_aranges
                0x00000000       0x88 CMakeFiles/AML_Micromouse_24_2.dir/Core/Src/main.c.obj
 .debug_aranges
                0x00000088       0x78 CMakeFiles/AML_Micromouse_24_2.dir/Core/Src/stm32h7xx_it.c.obj
 .debug_aranges
                0x00000100       0x78 CMakeFiles/AML_Micromouse_24_2.dir/Core/Src/stm32h7xx_hal_msp.c.obj
 .debug_aranges
                0x00000178      0x228 CMakeFiles/AML_Micromouse_24_2.dir/Drivers/STM32H7xx_HAL_Driver/Src/stm32h7xx_hal_adc.c.obj
 .debug_aranges
                0x000003a0      0x1d8 CMakeFiles/AML_Micromouse_24_2.dir/Drivers/STM32H7xx_HAL_Driver/Src/stm32h7xx_hal_adc_ex.c.obj
 .debug_aranges
                0x00000578       0x88 CMakeFiles/AML_Micromouse_24_2.dir/Drivers/STM32H7xx_HAL_Driver/Src/stm32h7xx_hal_rcc.c.obj
 .debug_aranges
                0x00000600       0xf8 CMakeFiles/AML_Micromouse_24_2.dir/Drivers/STM32H7xx_HAL_Driver/Src/stm32h7xx_hal_rcc_ex.c.obj
 .debug_aranges
                0x000006f8       0x58 CMakeFiles/AML_Micromouse_24_2.dir/Drivers/STM32H7xx_HAL_Driver/Src/stm32h7xx_hal_gpio.c.obj
 .debug_aranges
                0x00000750       0xa0 CMakeFiles/AML_Micromouse_24_2.dir/Drivers/STM32H7xx_HAL_Driver/Src/stm32h7xx_hal_dma.c.obj
 .debug_aranges
                0x000007f0      0x158 CMakeFiles/AML_Micromouse_24_2.dir/Drivers/STM32H7xx_HAL_Driver/Src/stm32h7xx_hal_pwr_ex.c.obj
 .debug_aranges
                0x00000948      0x130 CMakeFiles/AML_Micromouse_24_2.dir/Drivers/STM32H7xx_HAL_Driver/Src/stm32h7xx_hal_cortex.c.obj
 .debug_aranges
                0x00000a78      0x198 CMakeFiles/AML_Micromouse_24_2.dir/Drivers/STM32H7xx_HAL_Driver/Src/stm32h7xx_hal.c.obj
 .debug_aranges
                0x00000c10      0x2a0 CMakeFiles/AML_Micromouse_24_2.dir/Drivers/STM32H7xx_HAL_Driver/Src/stm32h7xx_hal_i2c.c.obj
 .debug_aranges
                0x00000eb0       0x48 CMakeFiles/AML_Micromouse_24_2.dir/Drivers/STM32H7xx_HAL_Driver/Src/stm32h7xx_hal_i2c_ex.c.obj
 .debug_aranges
                0x00000ef8       0xa0 CMakeFiles/AML_Micromouse_24_2.dir/Drivers/STM32H7xx_HAL_Driver/Src/stm32h7xx_hal_ramecc.c.obj
 .debug_aranges
                0x00000f98      0x3e0 CMakeFiles/AML_Micromouse_24_2.dir/Drivers/STM32H7xx_HAL_Driver/Src/stm32h7xx_hal_tim.c.obj
 .debug_aranges
                0x00001378      0x188 CMakeFiles/AML_Micromouse_24_2.dir/Drivers/STM32H7xx_HAL_Driver/Src/stm32h7xx_hal_tim_ex.c.obj
 .debug_aranges
                0x00001500      0x248 CMakeFiles/AML_Micromouse_24_2.dir/Drivers/STM32H7xx_HAL_Driver/Src/stm32h7xx_hal_uart.c.obj
 .debug_aranges
                0x00001748       0xa8 CMakeFiles/AML_Micromouse_24_2.dir/Drivers/STM32H7xx_HAL_Driver/Src/stm32h7xx_hal_uart_ex.c.obj
 .debug_aranges
                0x000017f0       0x28 CMakeFiles/AML_Micromouse_24_2.dir/Core/Src/system_stm32h7xx.c.obj
 .debug_aranges
                0x00001818       0x28 CMakeFiles/AML_Micromouse_24_2.dir/startup_stm32h743xx.s.obj

.debug_ranges   0x00000000     0x1728
 .debug_ranges  0x00000000       0x78 CMakeFiles/AML_Micromouse_24_2.dir/Core/Src/main.c.obj
 .debug_ranges  0x00000078       0x68 CMakeFiles/AML_Micromouse_24_2.dir/Core/Src/stm32h7xx_it.c.obj
 .debug_ranges  0x000000e0       0x68 CMakeFiles/AML_Micromouse_24_2.dir/Core/Src/stm32h7xx_hal_msp.c.obj
 .debug_ranges  0x00000148      0x218 CMakeFiles/AML_Micromouse_24_2.dir/Drivers/STM32H7xx_HAL_Driver/Src/stm32h7xx_hal_adc.c.obj
 .debug_ranges  0x00000360      0x1c8 CMakeFiles/AML_Micromouse_24_2.dir/Drivers/STM32H7xx_HAL_Driver/Src/stm32h7xx_hal_adc_ex.c.obj
 .debug_ranges  0x00000528       0x78 CMakeFiles/AML_Micromouse_24_2.dir/Drivers/STM32H7xx_HAL_Driver/Src/stm32h7xx_hal_rcc.c.obj
 .debug_ranges  0x000005a0       0xe8 CMakeFiles/AML_Micromouse_24_2.dir/Drivers/STM32H7xx_HAL_Driver/Src/stm32h7xx_hal_rcc_ex.c.obj
 .debug_ranges  0x00000688       0x48 CMakeFiles/AML_Micromouse_24_2.dir/Drivers/STM32H7xx_HAL_Driver/Src/stm32h7xx_hal_gpio.c.obj
 .debug_ranges  0x000006d0       0x90 CMakeFiles/AML_Micromouse_24_2.dir/Drivers/STM32H7xx_HAL_Driver/Src/stm32h7xx_hal_dma.c.obj
 .debug_ranges  0x00000760      0x148 CMakeFiles/AML_Micromouse_24_2.dir/Drivers/STM32H7xx_HAL_Driver/Src/stm32h7xx_hal_pwr_ex.c.obj
 .debug_ranges  0x000008a8      0x120 CMakeFiles/AML_Micromouse_24_2.dir/Drivers/STM32H7xx_HAL_Driver/Src/stm32h7xx_hal_cortex.c.obj
 .debug_ranges  0x000009c8      0x188 CMakeFiles/AML_Micromouse_24_2.dir/Drivers/STM32H7xx_HAL_Driver/Src/stm32h7xx_hal.c.obj
 .debug_ranges  0x00000b50      0x290 CMakeFiles/AML_Micromouse_24_2.dir/Drivers/STM32H7xx_HAL_Driver/Src/stm32h7xx_hal_i2c.c.obj
 .debug_ranges  0x00000de0       0x38 CMakeFiles/AML_Micromouse_24_2.dir/Drivers/STM32H7xx_HAL_Driver/Src/stm32h7xx_hal_i2c_ex.c.obj
 .debug_ranges  0x00000e18       0x90 CMakeFiles/AML_Micromouse_24_2.dir/Drivers/STM32H7xx_HAL_Driver/Src/stm32h7xx_hal_ramecc.c.obj
 .debug_ranges  0x00000ea8      0x3d0 CMakeFiles/AML_Micromouse_24_2.dir/Drivers/STM32H7xx_HAL_Driver/Src/stm32h7xx_hal_tim.c.obj
 .debug_ranges  0x00001278      0x178 CMakeFiles/AML_Micromouse_24_2.dir/Drivers/STM32H7xx_HAL_Driver/Src/stm32h7xx_hal_tim_ex.c.obj
 .debug_ranges  0x000013f0      0x268 CMakeFiles/AML_Micromouse_24_2.dir/Drivers/STM32H7xx_HAL_Driver/Src/stm32h7xx_hal_uart.c.obj
 .debug_ranges  0x00001658       0x98 CMakeFiles/AML_Micromouse_24_2.dir/Drivers/STM32H7xx_HAL_Driver/Src/stm32h7xx_hal_uart_ex.c.obj
 .debug_ranges  0x000016f0       0x18 CMakeFiles/AML_Micromouse_24_2.dir/Core/Src/system_stm32h7xx.c.obj
 .debug_ranges  0x00001708       0x20 CMakeFiles/AML_Micromouse_24_2.dir/startup_stm32h743xx.s.obj

.debug_macro    0x00000000    0x39853
 .debug_macro   0x00000000      0x34d CMakeFiles/AML_Micromouse_24_2.dir/Core/Src/main.c.obj
 .debug_macro   0x0000034d      0xa90 CMakeFiles/AML_Micromouse_24_2.dir/Core/Src/main.c.obj
 .debug_macro   0x00000ddd      0x244 CMakeFiles/AML_Micromouse_24_2.dir/Core/Src/main.c.obj
 .debug_macro   0x00001021       0x2e CMakeFiles/AML_Micromouse_24_2.dir/Core/Src/main.c.obj
 .debug_macro   0x0000104f       0x3b CMakeFiles/AML_Micromouse_24_2.dir/Core/Src/main.c.obj
 .debug_macro   0x0000108a       0x22 CMakeFiles/AML_Micromouse_24_2.dir/Core/Src/main.c.obj
 .debug_macro   0x000010ac       0x8e CMakeFiles/AML_Micromouse_24_2.dir/Core/Src/main.c.obj
 .debug_macro   0x0000113a       0x51 CMakeFiles/AML_Micromouse_24_2.dir/Core/Src/main.c.obj
 .debug_macro   0x0000118b      0x103 CMakeFiles/AML_Micromouse_24_2.dir/Core/Src/main.c.obj
 .debug_macro   0x0000128e       0x6a CMakeFiles/AML_Micromouse_24_2.dir/Core/Src/main.c.obj
 .debug_macro   0x000012f8      0x1df CMakeFiles/AML_Micromouse_24_2.dir/Core/Src/main.c.obj
 .debug_macro   0x000014d7       0x1c CMakeFiles/AML_Micromouse_24_2.dir/Core/Src/main.c.obj
 .debug_macro   0x000014f3       0x22 CMakeFiles/AML_Micromouse_24_2.dir/Core/Src/main.c.obj
 .debug_macro   0x00001515       0xfb CMakeFiles/AML_Micromouse_24_2.dir/Core/Src/main.c.obj
 .debug_macro   0x00001610     0x1305 CMakeFiles/AML_Micromouse_24_2.dir/Core/Src/main.c.obj
 .debug_macro   0x00002915      0x11f CMakeFiles/AML_Micromouse_24_2.dir/Core/Src/main.c.obj
 .debug_macro   0x00002a34       0x27 CMakeFiles/AML_Micromouse_24_2.dir/Core/Src/main.c.obj
 .debug_macro   0x00002a5b    0x258f9 CMakeFiles/AML_Micromouse_24_2.dir/Core/Src/main.c.obj
 .debug_macro   0x00028354       0x6d CMakeFiles/AML_Micromouse_24_2.dir/Core/Src/main.c.obj
 .debug_macro   0x000283c1     0x3d79 CMakeFiles/AML_Micromouse_24_2.dir/Core/Src/main.c.obj
 .debug_macro   0x0002c13a      0x174 CMakeFiles/AML_Micromouse_24_2.dir/Core/Src/main.c.obj
 .debug_macro   0x0002c2ae       0x64 CMakeFiles/AML_Micromouse_24_2.dir/Core/Src/main.c.obj
 .debug_macro   0x0002c312       0x1d CMakeFiles/AML_Micromouse_24_2.dir/Core/Src/main.c.obj
 .debug_macro   0x0002c32f       0x35 CMakeFiles/AML_Micromouse_24_2.dir/Core/Src/main.c.obj
 .debug_macro   0x0002c364       0x34 CMakeFiles/AML_Micromouse_24_2.dir/Core/Src/main.c.obj
 .debug_macro   0x0002c398       0x16 CMakeFiles/AML_Micromouse_24_2.dir/Core/Src/main.c.obj
 .debug_macro   0x0002c3ae       0x43 CMakeFiles/AML_Micromouse_24_2.dir/Core/Src/main.c.obj
 .debug_macro   0x0002c3f1       0x34 CMakeFiles/AML_Micromouse_24_2.dir/Core/Src/main.c.obj
 .debug_macro   0x0002c425       0x10 CMakeFiles/AML_Micromouse_24_2.dir/Core/Src/main.c.obj
 .debug_macro   0x0002c435       0x58 CMakeFiles/AML_Micromouse_24_2.dir/Core/Src/main.c.obj
 .debug_macro   0x0002c48d      0x182 CMakeFiles/AML_Micromouse_24_2.dir/Core/Src/main.c.obj
 .debug_macro   0x0002c60f      0x341 CMakeFiles/AML_Micromouse_24_2.dir/Core/Src/main.c.obj
 .debug_macro   0x0002c950      0x19b CMakeFiles/AML_Micromouse_24_2.dir/Core/Src/main.c.obj
 .debug_macro   0x0002caeb       0x5d CMakeFiles/AML_Micromouse_24_2.dir/Core/Src/main.c.obj
 .debug_macro   0x0002cb48     0x2382 CMakeFiles/AML_Micromouse_24_2.dir/Core/Src/main.c.obj
 .debug_macro   0x0002eeca     0x102c CMakeFiles/AML_Micromouse_24_2.dir/Core/Src/main.c.obj
 .debug_macro   0x0002fef6      0x154 CMakeFiles/AML_Micromouse_24_2.dir/Core/Src/main.c.obj
 .debug_macro   0x0003004a      0x114 CMakeFiles/AML_Micromouse_24_2.dir/Core/Src/main.c.obj
 .debug_macro   0x0003015e      0x3b6 CMakeFiles/AML_Micromouse_24_2.dir/Core/Src/main.c.obj
 .debug_macro   0x00030514       0xac CMakeFiles/AML_Micromouse_24_2.dir/Core/Src/main.c.obj
 .debug_macro   0x000305c0      0x72d CMakeFiles/AML_Micromouse_24_2.dir/Core/Src/main.c.obj
 .debug_macro   0x00030ced      0x228 CMakeFiles/AML_Micromouse_24_2.dir/Core/Src/main.c.obj
 .debug_macro   0x00030f15       0x66 CMakeFiles/AML_Micromouse_24_2.dir/Core/Src/main.c.obj
 .debug_macro   0x00030f7b      0x3bb CMakeFiles/AML_Micromouse_24_2.dir/Core/Src/main.c.obj
 .debug_macro   0x00031336      0x3e4 CMakeFiles/AML_Micromouse_24_2.dir/Core/Src/main.c.obj
 .debug_macro   0x0003171a      0x275 CMakeFiles/AML_Micromouse_24_2.dir/Core/Src/main.c.obj
 .debug_macro   0x0003198f     0x1044 CMakeFiles/AML_Micromouse_24_2.dir/Core/Src/main.c.obj
 .debug_macro   0x000329d3      0x6cc CMakeFiles/AML_Micromouse_24_2.dir/Core/Src/main.c.obj
 .debug_macro   0x0003309f      0x36e CMakeFiles/AML_Micromouse_24_2.dir/Core/Src/main.c.obj
 .debug_macro   0x0003340d      0x3ca CMakeFiles/AML_Micromouse_24_2.dir/Core/Src/main.c.obj
 .debug_macro   0x000337d7      0x408 CMakeFiles/AML_Micromouse_24_2.dir/Core/Src/main.c.obj
 .debug_macro   0x00033bdf       0x51 CMakeFiles/AML_Micromouse_24_2.dir/Core/Src/main.c.obj
 .debug_macro   0x00033c30       0x4a CMakeFiles/AML_Micromouse_24_2.dir/Core/Src/main.c.obj
 .debug_macro   0x00033c7a      0x22c CMakeFiles/AML_Micromouse_24_2.dir/Core/Src/main.c.obj
 .debug_macro   0x00033ea6       0x67 CMakeFiles/AML_Micromouse_24_2.dir/Core/Src/main.c.obj
 .debug_macro   0x00033f0d       0xa5 CMakeFiles/AML_Micromouse_24_2.dir/Core/Src/main.c.obj
 .debug_macro   0x00033fb2      0x1c4 CMakeFiles/AML_Micromouse_24_2.dir/Core/Src/main.c.obj
 .debug_macro   0x00034176      0x25e CMakeFiles/AML_Micromouse_24_2.dir/Core/Src/main.c.obj
 .debug_macro   0x000343d4       0x35 CMakeFiles/AML_Micromouse_24_2.dir/Core/Src/main.c.obj
 .debug_macro   0x00034409       0xf5 CMakeFiles/AML_Micromouse_24_2.dir/Core/Src/main.c.obj
 .debug_macro   0x000344fe      0xafa CMakeFiles/AML_Micromouse_24_2.dir/Core/Src/main.c.obj
 .debug_macro   0x00034ff8      0x29f CMakeFiles/AML_Micromouse_24_2.dir/Core/Src/main.c.obj
 .debug_macro   0x00035297      0x693 CMakeFiles/AML_Micromouse_24_2.dir/Core/Src/main.c.obj
 .debug_macro   0x0003592a       0xa6 CMakeFiles/AML_Micromouse_24_2.dir/Core/Src/main.c.obj
 .debug_macro   0x000359d0      0x5a0 CMakeFiles/AML_Micromouse_24_2.dir/Core/Src/main.c.obj
 .debug_macro   0x00035f70      0x154 CMakeFiles/AML_Micromouse_24_2.dir/Core/Src/main.c.obj
 .debug_macro   0x000360c4       0x94 CMakeFiles/AML_Micromouse_24_2.dir/Core/Src/main.c.obj
 .debug_macro   0x00036158      0x2de CMakeFiles/AML_Micromouse_24_2.dir/Core/Src/stm32h7xx_it.c.obj
 .debug_macro   0x00036436      0x2d4 CMakeFiles/AML_Micromouse_24_2.dir/Core/Src/stm32h7xx_hal_msp.c.obj
 .debug_macro   0x0003670a      0x2e9 CMakeFiles/AML_Micromouse_24_2.dir/Drivers/STM32H7xx_HAL_Driver/Src/stm32h7xx_hal_adc.c.obj
 .debug_macro   0x000369f3      0x2d1 CMakeFiles/AML_Micromouse_24_2.dir/Drivers/STM32H7xx_HAL_Driver/Src/stm32h7xx_hal_adc_ex.c.obj
 .debug_macro   0x00036cc4      0x2e9 CMakeFiles/AML_Micromouse_24_2.dir/Drivers/STM32H7xx_HAL_Driver/Src/stm32h7xx_hal_rcc.c.obj
 .debug_macro   0x00036fad      0x2e3 CMakeFiles/AML_Micromouse_24_2.dir/Drivers/STM32H7xx_HAL_Driver/Src/stm32h7xx_hal_rcc_ex.c.obj
 .debug_macro   0x00037290      0x2cc CMakeFiles/AML_Micromouse_24_2.dir/Drivers/STM32H7xx_HAL_Driver/Src/stm32h7xx_hal_gpio.c.obj
 .debug_macro   0x0003755c      0x319 CMakeFiles/AML_Micromouse_24_2.dir/Drivers/STM32H7xx_HAL_Driver/Src/stm32h7xx_hal_dma.c.obj
 .debug_macro   0x00037875      0x2fe CMakeFiles/AML_Micromouse_24_2.dir/Drivers/STM32H7xx_HAL_Driver/Src/stm32h7xx_hal_pwr_ex.c.obj
 .debug_macro   0x00037b73      0x2c5 CMakeFiles/AML_Micromouse_24_2.dir/Drivers/STM32H7xx_HAL_Driver/Src/stm32h7xx_hal_cortex.c.obj
 .debug_macro   0x00037e38      0x2ef CMakeFiles/AML_Micromouse_24_2.dir/Drivers/STM32H7xx_HAL_Driver/Src/stm32h7xx_hal.c.obj
 .debug_macro   0x00038127      0x391 CMakeFiles/AML_Micromouse_24_2.dir/Drivers/STM32H7xx_HAL_Driver/Src/stm32h7xx_hal_i2c.c.obj
 .debug_macro   0x000384b8      0x2c5 CMakeFiles/AML_Micromouse_24_2.dir/Drivers/STM32H7xx_HAL_Driver/Src/stm32h7xx_hal_i2c_ex.c.obj
 .debug_macro   0x0003877d      0x2c5 CMakeFiles/AML_Micromouse_24_2.dir/Drivers/STM32H7xx_HAL_Driver/Src/stm32h7xx_hal_ramecc.c.obj
 .debug_macro   0x00038a42      0x2c6 CMakeFiles/AML_Micromouse_24_2.dir/Drivers/STM32H7xx_HAL_Driver/Src/stm32h7xx_hal_tim.c.obj
 .debug_macro   0x00038d08      0x2c5 CMakeFiles/AML_Micromouse_24_2.dir/Drivers/STM32H7xx_HAL_Driver/Src/stm32h7xx_hal_tim_ex.c.obj
 .debug_macro   0x00038fcd      0x2f0 CMakeFiles/AML_Micromouse_24_2.dir/Drivers/STM32H7xx_HAL_Driver/Src/stm32h7xx_hal_uart.c.obj
 .debug_macro   0x000392bd      0x2d1 CMakeFiles/AML_Micromouse_24_2.dir/Drivers/STM32H7xx_HAL_Driver/Src/stm32h7xx_hal_uart_ex.c.obj
 .debug_macro   0x0003958e      0x2c5 CMakeFiles/AML_Micromouse_24_2.dir/Core/Src/system_stm32h7xx.c.obj

.debug_line     0x00000000    0x1f49e
 .debug_line    0x00000000      0xe59 CMakeFiles/AML_Micromouse_24_2.dir/Core/Src/main.c.obj
 .debug_line    0x00000e59      0x8e9 CMakeFiles/AML_Micromouse_24_2.dir/Core/Src/stm32h7xx_it.c.obj
 .debug_line    0x00001742      0xa89 CMakeFiles/AML_Micromouse_24_2.dir/Core/Src/stm32h7xx_hal_msp.c.obj
 .debug_line    0x000021cb     0x22dc CMakeFiles/AML_Micromouse_24_2.dir/Drivers/STM32H7xx_HAL_Driver/Src/stm32h7xx_hal_adc.c.obj
 .debug_line    0x000044a7     0x1edf CMakeFiles/AML_Micromouse_24_2.dir/Drivers/STM32H7xx_HAL_Driver/Src/stm32h7xx_hal_adc_ex.c.obj
 .debug_line    0x00006386     0x135c CMakeFiles/AML_Micromouse_24_2.dir/Drivers/STM32H7xx_HAL_Driver/Src/stm32h7xx_hal_rcc.c.obj
 .debug_line    0x000076e2     0x1c2a CMakeFiles/AML_Micromouse_24_2.dir/Drivers/STM32H7xx_HAL_Driver/Src/stm32h7xx_hal_rcc_ex.c.obj
 .debug_line    0x0000930c      0xc4f CMakeFiles/AML_Micromouse_24_2.dir/Drivers/STM32H7xx_HAL_Driver/Src/stm32h7xx_hal_gpio.c.obj
 .debug_line    0x00009f5b     0x26db CMakeFiles/AML_Micromouse_24_2.dir/Drivers/STM32H7xx_HAL_Driver/Src/stm32h7xx_hal_dma.c.obj
 .debug_line    0x0000c636      0xeb2 CMakeFiles/AML_Micromouse_24_2.dir/Drivers/STM32H7xx_HAL_Driver/Src/stm32h7xx_hal_pwr_ex.c.obj
 .debug_line    0x0000d4e8      0xdc0 CMakeFiles/AML_Micromouse_24_2.dir/Drivers/STM32H7xx_HAL_Driver/Src/stm32h7xx_hal_cortex.c.obj
 .debug_line    0x0000e2a8      0xd8c CMakeFiles/AML_Micromouse_24_2.dir/Drivers/STM32H7xx_HAL_Driver/Src/stm32h7xx_hal.c.obj
 .debug_line    0x0000f034     0x3d48 CMakeFiles/AML_Micromouse_24_2.dir/Drivers/STM32H7xx_HAL_Driver/Src/stm32h7xx_hal_i2c.c.obj
 .debug_line    0x00012d7c      0x9fc CMakeFiles/AML_Micromouse_24_2.dir/Drivers/STM32H7xx_HAL_Driver/Src/stm32h7xx_hal_i2c_ex.c.obj
 .debug_line    0x00013778      0xaf5 CMakeFiles/AML_Micromouse_24_2.dir/Drivers/STM32H7xx_HAL_Driver/Src/stm32h7xx_hal_ramecc.c.obj
 .debug_line    0x0001426d     0x3ea0 CMakeFiles/AML_Micromouse_24_2.dir/Drivers/STM32H7xx_HAL_Driver/Src/stm32h7xx_hal_tim.c.obj
 .debug_line    0x0001810d     0x1d26 CMakeFiles/AML_Micromouse_24_2.dir/Drivers/STM32H7xx_HAL_Driver/Src/stm32h7xx_hal_tim_ex.c.obj
 .debug_line    0x00019e33     0x3df9 CMakeFiles/AML_Micromouse_24_2.dir/Drivers/STM32H7xx_HAL_Driver/Src/stm32h7xx_hal_uart.c.obj
 .debug_line    0x0001dc2c      0xe2a CMakeFiles/AML_Micromouse_24_2.dir/Drivers/STM32H7xx_HAL_Driver/Src/stm32h7xx_hal_uart_ex.c.obj
 .debug_line    0x0001ea56      0x98e CMakeFiles/AML_Micromouse_24_2.dir/Core/Src/system_stm32h7xx.c.obj
 .debug_line    0x0001f3e4       0xba CMakeFiles/AML_Micromouse_24_2.dir/startup_stm32h743xx.s.obj

.debug_str      0x00000000   0x178f58
 .debug_str     0x00000000   0x171b9d CMakeFiles/AML_Micromouse_24_2.dir/Core/Src/main.c.obj
                             0x1724f7 (size before relaxing)
 .debug_str     0x00171b9d      0x128 CMakeFiles/AML_Micromouse_24_2.dir/Core/Src/stm32h7xx_it.c.obj
                             0x170b11 (size before relaxing)
 .debug_str     0x00171cc5      0x48c CMakeFiles/AML_Micromouse_24_2.dir/Core/Src/stm32h7xx_hal_msp.c.obj
                             0x171ef5 (size before relaxing)
 .debug_str     0x00172151      0xadd CMakeFiles/AML_Micromouse_24_2.dir/Drivers/STM32H7xx_HAL_Driver/Src/stm32h7xx_hal_adc.c.obj
                             0x170eb0 (size before relaxing)
 .debug_str     0x00172c2e      0x8d9 CMakeFiles/AML_Micromouse_24_2.dir/Drivers/STM32H7xx_HAL_Driver/Src/stm32h7xx_hal_adc_ex.c.obj
                             0x170f83 (size before relaxing)
 .debug_str     0x00173507      0x448 CMakeFiles/AML_Micromouse_24_2.dir/Drivers/STM32H7xx_HAL_Driver/Src/stm32h7xx_hal_rcc.c.obj
                             0x170592 (size before relaxing)
 .debug_str     0x0017394f      0x74f CMakeFiles/AML_Micromouse_24_2.dir/Drivers/STM32H7xx_HAL_Driver/Src/stm32h7xx_hal_rcc_ex.c.obj
                             0x170a4d (size before relaxing)
 .debug_str     0x0017409e      0x17d CMakeFiles/AML_Micromouse_24_2.dir/Drivers/STM32H7xx_HAL_Driver/Src/stm32h7xx_hal_gpio.c.obj
                             0x1701e2 (size before relaxing)
 .debug_str     0x0017421b      0x8bc CMakeFiles/AML_Micromouse_24_2.dir/Drivers/STM32H7xx_HAL_Driver/Src/stm32h7xx_hal_dma.c.obj
                             0x170959 (size before relaxing)
 .debug_str     0x00174ad7      0x777 CMakeFiles/AML_Micromouse_24_2.dir/Drivers/STM32H7xx_HAL_Driver/Src/stm32h7xx_hal_pwr_ex.c.obj
                             0x170683 (size before relaxing)
 .debug_str     0x0017524e      0x3a6 CMakeFiles/AML_Micromouse_24_2.dir/Drivers/STM32H7xx_HAL_Driver/Src/stm32h7xx_hal_cortex.c.obj
                             0x170b7c (size before relaxing)
 .debug_str     0x001755f4      0x736 CMakeFiles/AML_Micromouse_24_2.dir/Drivers/STM32H7xx_HAL_Driver/Src/stm32h7xx_hal.c.obj
                             0x1710da (size before relaxing)
 .debug_str     0x00175d2a      0xe03 CMakeFiles/AML_Micromouse_24_2.dir/Drivers/STM32H7xx_HAL_Driver/Src/stm32h7xx_hal_i2c.c.obj
                             0x17122a (size before relaxing)
 .debug_str     0x00176b2d       0xf9 CMakeFiles/AML_Micromouse_24_2.dir/Drivers/STM32H7xx_HAL_Driver/Src/stm32h7xx_hal_i2c_ex.c.obj
                             0x170627 (size before relaxing)
 .debug_str     0x00176c26      0x26d CMakeFiles/AML_Micromouse_24_2.dir/Drivers/STM32H7xx_HAL_Driver/Src/stm32h7xx_hal_ramecc.c.obj
                             0x16ffe0 (size before relaxing)
 .debug_str     0x00176e93      0xd30 CMakeFiles/AML_Micromouse_24_2.dir/Drivers/STM32H7xx_HAL_Driver/Src/stm32h7xx_hal_tim.c.obj
                             0x1712c3 (size before relaxing)
 .debug_str     0x00177bc3      0x580 CMakeFiles/AML_Micromouse_24_2.dir/Drivers/STM32H7xx_HAL_Driver/Src/stm32h7xx_hal_tim_ex.c.obj
                             0x170b99 (size before relaxing)
 .debug_str     0x00178143      0x9f1 CMakeFiles/AML_Micromouse_24_2.dir/Drivers/STM32H7xx_HAL_Driver/Src/stm32h7xx_hal_uart.c.obj
                             0x170fea (size before relaxing)
 .debug_str     0x00178b34      0x33b CMakeFiles/AML_Micromouse_24_2.dir/Drivers/STM32H7xx_HAL_Driver/Src/stm32h7xx_hal_uart_ex.c.obj
                             0x17061d (size before relaxing)
 .debug_str     0x00178e6f       0x81 CMakeFiles/AML_Micromouse_24_2.dir/Core/Src/system_stm32h7xx.c.obj
                             0x17022b (size before relaxing)
 .debug_str     0x00178ef0       0x68 CMakeFiles/AML_Micromouse_24_2.dir/startup_stm32h743xx.s.obj
                                 0xb8 (size before relaxing)

.comment        0x00000000       0x49
 .comment       0x00000000       0x49 CMakeFiles/AML_Micromouse_24_2.dir/Core/Src/main.c.obj
                                 0x4a (size before relaxing)
 .comment       0x00000049       0x4a CMakeFiles/AML_Micromouse_24_2.dir/Core/Src/stm32h7xx_it.c.obj
 .comment       0x00000049       0x4a CMakeFiles/AML_Micromouse_24_2.dir/Core/Src/stm32h7xx_hal_msp.c.obj
 .comment       0x00000049       0x4a CMakeFiles/AML_Micromouse_24_2.dir/Drivers/STM32H7xx_HAL_Driver/Src/stm32h7xx_hal_adc.c.obj
 .comment       0x00000049       0x4a CMakeFiles/AML_Micromouse_24_2.dir/Drivers/STM32H7xx_HAL_Driver/Src/stm32h7xx_hal_adc_ex.c.obj
 .comment       0x00000049       0x4a CMakeFiles/AML_Micromouse_24_2.dir/Drivers/STM32H7xx_HAL_Driver/Src/stm32h7xx_hal_rcc.c.obj
 .comment       0x00000049       0x4a CMakeFiles/AML_Micromouse_24_2.dir/Drivers/STM32H7xx_HAL_Driver/Src/stm32h7xx_hal_rcc_ex.c.obj
 .comment       0x00000049       0x4a CMakeFiles/AML_Micromouse_24_2.dir/Drivers/STM32H7xx_HAL_Driver/Src/stm32h7xx_hal_gpio.c.obj
 .comment       0x00000049       0x4a CMakeFiles/AML_Micromouse_24_2.dir/Drivers/STM32H7xx_HAL_Driver/Src/stm32h7xx_hal_dma.c.obj
 .comment       0x00000049       0x4a CMakeFiles/AML_Micromouse_24_2.dir/Drivers/STM32H7xx_HAL_Driver/Src/stm32h7xx_hal_pwr_ex.c.obj
 .comment       0x00000049       0x4a CMakeFiles/AML_Micromouse_24_2.dir/Drivers/STM32H7xx_HAL_Driver/Src/stm32h7xx_hal_cortex.c.obj
 .comment       0x00000049       0x4a CMakeFiles/AML_Micromouse_24_2.dir/Drivers/STM32H7xx_HAL_Driver/Src/stm32h7xx_hal.c.obj
 .comment       0x00000049       0x4a CMakeFiles/AML_Micromouse_24_2.dir/Drivers/STM32H7xx_HAL_Driver/Src/stm32h7xx_hal_i2c.c.obj
 .comment       0x00000049       0x4a CMakeFiles/AML_Micromouse_24_2.dir/Drivers/STM32H7xx_HAL_Driver/Src/stm32h7xx_hal_i2c_ex.c.obj
 .comment       0x00000049       0x4a CMakeFiles/AML_Micromouse_24_2.dir/Drivers/STM32H7xx_HAL_Driver/Src/stm32h7xx_hal_ramecc.c.obj
 .comment       0x00000049       0x4a CMakeFiles/AML_Micromouse_24_2.dir/Drivers/STM32H7xx_HAL_Driver/Src/stm32h7xx_hal_tim.c.obj
 .comment       0x00000049       0x4a CMakeFiles/AML_Micromouse_24_2.dir/Drivers/STM32H7xx_HAL_Driver/Src/stm32h7xx_hal_tim_ex.c.obj
 .comment       0x00000049       0x4a CMakeFiles/AML_Micromouse_24_2.dir/Drivers/STM32H7xx_HAL_Driver/Src/stm32h7xx_hal_uart.c.obj
 .comment       0x00000049       0x4a CMakeFiles/AML_Micromouse_24_2.dir/Drivers/STM32H7xx_HAL_Driver/Src/stm32h7xx_hal_uart_ex.c.obj
 .comment       0x00000049       0x4a CMakeFiles/AML_Micromouse_24_2.dir/Core/Src/system_stm32h7xx.c.obj