<html>
<body>
<pre>
<h1>µVision Build Log</h1>
<h2>Tool Versions:</h2>
IDE-Version: µVision V5.31.0.0
Copyright (C) 2020 ARM Ltd and ARM Germany GmbH. All rights reserved.
License Information: áda Lenovo, ads, LIC=32B1Q-NH6SJ-9UK4U-SM2MZ-C6LJA-Y8QDP
 
Tool Versions:
Toolchain:       MDK-ARM Plus  Version: 5.31.0.0
Toolchain Path:  C:\Keil_v5\ARM\ARMCC\Bin
C Compiler:      Armcc.exe V5.06 update 6 (build 750)
Assembler:       Armasm.exe V5.06 update 6 (build 750)
Linker/Locator:  ArmLink.exe V5.06 update 6 (build 750)
Library Manager: ArmAr.exe V5.06 update 6 (build 750)
Hex Converter:   FromElf.exe V5.06 update 6 (build 750)
CPU DLL:         SARMCM3.DLL V5.31.0.0
Dialog DLL:      DCM.DLL V1.17.3.0
Target DLL:      CMSIS_AGDI.dll V1.32.6.0
Dialog DLL:      TCM.DLL V1.46.0.0
 
<h2>Project:</h2>
E:\code\micromouse2024\AML_Micromouse_24_2_code\AML_Micromouse_24_2\MDK-ARM\AML_Micromouse_24_2.uvprojx
Project File Date:  02/06/2025

<h2>Output:</h2>
*** Using Compiler 'V5.06 update 6 (build 750)', folder: 'C:\Keil_v5\ARM\ARMCC\Bin'
Build target 'AML_Micromouse_24_2'
compiling AML_MotorControl.c...
..\Core\Src\AML_MotorControl.c(9): warning:  #260-D: explicit type is missing ("int" assumed)
  extern debug[100];
..\Core\Src\AML_MotorControl.c(267): warning:  #188-D: enumerated type mixed with another type
          HAL_GPIO_WritePin(MotorDirectionBPort, BIN1_Pin, LeftMotorDirection);
..\Core\Src\AML_MotorControl.c(268): warning:  #188-D: enumerated type mixed with another type
          HAL_GPIO_WritePin(MotorDirectionBPort, BIN2_Pin, !LeftMotorDirection);
..\Core\Src\AML_MotorControl.c(273): warning:  #188-D: enumerated type mixed with another type
          HAL_GPIO_WritePin(MotorDirectionBPort, BIN1_Pin, !LeftMotorDirection);
..\Core\Src\AML_MotorControl.c(274): warning:  #188-D: enumerated type mixed with another type
          HAL_GPIO_WritePin(MotorDirectionBPort, BIN2_Pin, LeftMotorDirection);
..\Core\Src\AML_MotorControl.c(300): warning:  #188-D: enumerated type mixed with another type
          HAL_GPIO_WritePin(MotorDirectionAPort, AIN1_Pin, RightMotorDirection);
..\Core\Src\AML_MotorControl.c(301): warning:  #188-D: enumerated type mixed with another type
          HAL_GPIO_WritePin(MotorDirectionAPort, AIN2_Pin, !RightMotorDirection);
..\Core\Src\AML_MotorControl.c(306): warning:  #188-D: enumerated type mixed with another type
          HAL_GPIO_WritePin(MotorDirectionAPort, AIN1_Pin, !RightMotorDirection);
..\Core\Src\AML_MotorControl.c(307): warning:  #188-D: enumerated type mixed with another type
          HAL_GPIO_WritePin(MotorDirectionAPort, AIN2_Pin, RightMotorDirection);
..\Core\Src\AML_MotorControl.c: 9 warnings, 0 errors
linking...
Program Size: Code=39146 RO-data=910 RW-data=2084 ZI-data=9412  
FromELF: creating hex file...
"AML_Micromouse_24_2\AML_Micromouse_24_2.axf" - 0 Error(s), 9 Warning(s).

<h2>Software Packages used:</h2>

Package Vendor: ARM
                http://www.keil.com/pack/ARM.CMSIS.5.7.0.pack
                ARM.CMSIS.5.7.0
                CMSIS (Cortex Microcontroller Software Interface Standard)
   * Component: CORE Version: 5.4.0

Package Vendor: Keil
                https://www.keil.com/pack/Keil.STM32H7xx_DFP.3.1.1.pack
                Keil.STM32H7xx_DFP.3.1.1
                STMicroelectronics STM32H7 Series Device Support and Examples

<h2>Collection of Component include folders:</h2>
  .\RTE\_AML_Micromouse_24_2
  C:\Users\Lenovo\AppData\Local\Arm\Packs\ARM\CMSIS\5.7.0\CMSIS\Core\Include
  C:\Users\Lenovo\AppData\Local\Arm\Packs\Keil\STM32H7xx_DFP\3.1.1\Drivers\CMSIS\Device\ST\STM32H7xx\Include

<h2>Collection of Component Files used:</h2>

   * Component: ARM::CMSIS:CORE:5.4.0
Build Time Elapsed:  00:00:01
</pre>
</body>
</html>
