Component: ARM Compiler 5.06 update 6 (build 750) Tool: armlink [4d35ed]

==============================================================================

Section Cross References

    startup_stm32h743xx.o(STACK) refers (Special) to heapauxi.o(.text) for __use_two_region_memory
    startup_stm32h743xx.o(HEAP) refers (Special) to heapauxi.o(.text) for __use_two_region_memory
    startup_stm32h743xx.o(RESET) refers (Special) to heapauxi.o(.text) for __use_two_region_memory
    startup_stm32h743xx.o(RESET) refers to startup_stm32h743xx.o(STACK) for __initial_sp
    startup_stm32h743xx.o(RESET) refers to startup_stm32h743xx.o(.text) for Reset_Handler
    startup_stm32h743xx.o(RESET) refers to stm32h7xx_it.o(i.NMI_Handler) for NMI_Handler
    startup_stm32h743xx.o(RESET) refers to stm32h7xx_it.o(i.HardFault_Handler) for HardFault_Handler
    startup_stm32h743xx.o(RESET) refers to stm32h7xx_it.o(i.MemManage_Handler) for MemManage_Handler
    startup_stm32h743xx.o(RESET) refers to stm32h7xx_it.o(i.BusFault_Handler) for BusFault_Handler
    startup_stm32h743xx.o(RESET) refers to stm32h7xx_it.o(i.UsageFault_Handler) for UsageFault_Handler
    startup_stm32h743xx.o(RESET) refers to stm32h7xx_it.o(i.SVC_Handler) for SVC_Handler
    startup_stm32h743xx.o(RESET) refers to stm32h7xx_it.o(i.DebugMon_Handler) for DebugMon_Handler
    startup_stm32h743xx.o(RESET) refers to stm32h7xx_it.o(i.PendSV_Handler) for PendSV_Handler
    startup_stm32h743xx.o(RESET) refers to stm32h7xx_it.o(i.SysTick_Handler) for SysTick_Handler
    startup_stm32h743xx.o(RESET) refers to stm32h7xx_it.o(i.DMA1_Stream0_IRQHandler) for DMA1_Stream0_IRQHandler
    startup_stm32h743xx.o(RESET) refers to stm32h7xx_it.o(i.ADC_IRQHandler) for ADC_IRQHandler
    startup_stm32h743xx.o(RESET) refers to stm32h7xx_it.o(i.USART3_IRQHandler) for USART3_IRQHandler
    startup_stm32h743xx.o(RESET) refers to stm32h7xx_it.o(i.TIM8_CC_IRQHandler) for TIM8_CC_IRQHandler
    startup_stm32h743xx.o(RESET) refers to stm32h7xx_it.o(i.TIM7_IRQHandler) for TIM7_IRQHandler
    startup_stm32h743xx.o(.text) refers (Special) to heapauxi.o(.text) for __use_two_region_memory
    startup_stm32h743xx.o(.text) refers to system_stm32h7xx.o(i.SystemInit) for SystemInit
    startup_stm32h743xx.o(.text) refers to __main.o(!!!main) for __main
    startup_stm32h743xx.o(.text) refers to startup_stm32h743xx.o(HEAP) for Heap_Mem
    startup_stm32h743xx.o(.text) refers to startup_stm32h743xx.o(STACK) for Stack_Mem
    aml_buzzer .o(i.AML_Buzzer_Beep) refers to aml_buzzer .o(i.AML_Buzzer_PlayNote) for AML_Buzzer_PlayNote
    aml_buzzer .o(i.AML_Buzzer_PlayNote) refers to stm32h7xx_hal_tim.o(i.HAL_TIM_PWM_Start) for HAL_TIM_PWM_Start
    aml_buzzer .o(i.AML_Buzzer_PlayNote) refers to stm32h7xx_hal.o(i.HAL_Delay) for HAL_Delay
    aml_buzzer .o(i.AML_Buzzer_PlayNote) refers to aml_buzzer .o(i.AML_Buzzer_TurnOff) for AML_Buzzer_TurnOff
    aml_buzzer .o(i.AML_Buzzer_PlayNote) refers to aml_buzzer .o(.data) for .data
    aml_buzzer .o(i.AML_Buzzer_PlayNote) refers to main.o(.bss) for htim4
    aml_buzzer .o(i.AML_Buzzer_PlayNoteInSong) refers to stm32h7xx_hal.o(i.HAL_Delay) for HAL_Delay
    aml_buzzer .o(i.AML_Buzzer_PlayNoteInSong) refers to aml_buzzer .o(.data) for .data
    aml_buzzer .o(i.AML_Buzzer_PlayNoteInSong) refers to main.o(.bss) for htim4
    aml_buzzer .o(i.AML_Buzzer_PlaySong) refers to aml_buzzer .o(i.AML_Buzzer_TurnOn) for AML_Buzzer_TurnOn
    aml_buzzer .o(i.AML_Buzzer_PlaySong) refers to aml_buzzer .o(i.AML_Buzzer_PlayNoteInSong) for AML_Buzzer_PlayNoteInSong
    aml_buzzer .o(i.AML_Buzzer_PlaySong) refers to aml_buzzer .o(i.AML_Buzzer_TurnOff) for AML_Buzzer_TurnOff
    aml_buzzer .o(i.AML_Buzzer_PlaySong) refers to aml_buzzer .o(.constdata) for .constdata
    aml_buzzer .o(i.AML_Buzzer_TurnOff) refers to stm32h7xx_hal_tim.o(i.HAL_TIM_PWM_Stop) for HAL_TIM_PWM_Stop
    aml_buzzer .o(i.AML_Buzzer_TurnOff) refers to main.o(.bss) for htim4
    aml_buzzer .o(i.AML_Buzzer_TurnOn) refers to stm32h7xx_hal_tim.o(i.HAL_TIM_PWM_Start) for HAL_TIM_PWM_Start
    aml_buzzer .o(i.AML_Buzzer_TurnOn) refers to main.o(.bss) for htim4
    aml_encoder.o(i.AML_Encoder_GetLeftValue) refers to main.o(.bss) for htim2
    aml_encoder.o(i.AML_Encoder_GetRightValue) refers to main.o(.bss) for htim5
    aml_encoder.o(i.AML_Encoder_ResetLeftValue) refers to main.o(.bss) for htim2
    aml_encoder.o(i.AML_Encoder_ResetRightValue) refers to main.o(.bss) for htim5
    aml_encoder.o(i.AML_Encoder_Setup) refers to stm32h7xx_hal_tim.o(i.HAL_TIM_Encoder_Start) for HAL_TIM_Encoder_Start
    aml_encoder.o(i.AML_Encoder_Setup) refers to main.o(.bss) for htim2
    aml_mpusensor.o(i.AML_MPUSensor_GetAngle) refers to aml_mpusensor.o(.data) for .data
    aml_mpusensor.o(i.AML_MPUSensor_ResetAngle) refers to stm32h7xx_hal_uart.o(i.HAL_UART_DMAStop) for HAL_UART_DMAStop
    aml_mpusensor.o(i.AML_MPUSensor_ResetAngle) refers to stm32h7xx_hal_uart.o(i.HAL_UART_Transmit) for HAL_UART_Transmit
[...]
    UART_EndTxTransfer                       0x08007d8d   Thumb Code    46  stm32h7xx_hal_uart.o(i.UART_EndTxTransfer)
    i.UART_SetConfig                         0x08007dbc   Section        0  stm32h7xx_hal_uart.o(i.UART_SetConfig)
    i.UART_Start_Receive_DMA                 0x08008168   Section        0  stm32h7xx_hal_uart.o(i.UART_Start_Receive_DMA)
    i.UART_WaitOnFlagUntilTimeout            0x08008210   Section        0  stm32h7xx_hal_uart.o(i.UART_WaitOnFlagUntilTimeout)
    i.USART3_IRQHandler                      0x080082a4   Section        0  stm32h7xx_it.o(i.USART3_IRQHandler)
    i.UsageFault_Handler                     0x080082b0   Section        0  stm32h7xx_it.o(i.UsageFault_Handler)
    i.__NVIC_SetPriority                     0x080082b2   Section        0  stm32h7xx_hal_cortex.o(i.__NVIC_SetPriority)
    __NVIC_SetPriority                       0x080082b3   Thumb Code    34  stm32h7xx_hal_cortex.o(i.__NVIC_SetPriority)
    i.delay                                  0x080082d4   Section        0  hc_sr04.o(i.delay)
    i.handle                                 0x080082ec   Section        0  aml_mpusensor.o(i.handle)
    i.main                                   0x08008328   Section        0  main.o(i.main)
    x$fpl$fpinit                             0x08008484   Section       10  fpinit.o(x$fpl$fpinit)
    $v0                                      0x08008484   Number         0  fpinit.o(x$fpl$fpinit)
    .constdata                               0x0800848e   Section        8  stm32h7xx_hal_dma.o(.constdata)
    flagBitshiftOffset                       0x0800848e   Data           8  stm32h7xx_hal_dma.o(.constdata)
    .constdata                               0x08008496   Section       24  stm32h7xx_hal_uart.o(.constdata)
    .constdata                               0x080084ae   Section       16  stm32h7xx_hal_uart_ex.o(.constdata)
    numerator                                0x080084ae   Data           8  stm32h7xx_hal_uart_ex.o(.constdata)
    denominator                              0x080084b6   Data           8  stm32h7xx_hal_uart_ex.o(.constdata)
    .constdata                               0x080084be   Section       16  system_stm32h7xx.o(.constdata)
    .data                                    0x24000000   Section        2  aml_buzzer .o(.data)
    .data                                    0x24000008   Section       32  aml_mpusensor.o(.data)
    .data                                    0x24000028   Section       32  aml_switch.o(.data)
    .data                                    0x24000048   Section       10  aml_leddebug.o(.data)
    .data                                    0x24000052   Section       10  sensor.o(.data)
    .data                                    0x24000060   Section      912  aml_motorcontrol.o(.data)
    .data                                    0x240003f0   Section       16  main.o(.data)
    .data                                    0x24000400   Section       16  hc_sr04.o(.data)
    .data                                    0x24000410   Section       12  stm32h7xx_hal.o(.data)
    .data                                    0x2400041c   Section        8  system_stm32h7xx.o(.data)
    .bss                                     0x24000424   Section       36  aml_mpusensor.o(.bss)
    .bss                                     0x24000448   Section     2052  sensor.o(.bss)
    .bss                                     0x24000c4c   Section     1380  main.o(.bss)
    .bss                                     0x240011b0   Section      120  main.o(.bss)
    .bss                                     0x24001228   Section       96  libspace.o(.bss)
    HEAP                                     0x24001288   Section      512  startup_stm32h743xx.o(HEAP)
    Heap_Mem                                 0x24001288   Data         512  startup_stm32h743xx.o(HEAP)
    STACK                                    0x24001488   Section     1024  startup_stm32h743xx.o(STACK)
    Stack_Mem                                0x24001488   Data        1024  startup_stm32h743xx.o(STACK)
    __initial_sp                             0x24001888   Data           0  startup_stm32h743xx.o(STACK)

    Global Symbols

    Symbol Name                              Value     Ov Type        Size  Object(Section)

    BuildAttributes$$THM_ISAv4$E$P$D$K$B$S$7EM$VFPv5_D16$PE$PLD8$A:L22UL41UL21$X:L11$S22US41US21$IEEE1$IW$USESV6$~STKCKD$USESV7$~SHL$OTIME$ROPI$EBA8$UX$STANDARDLIB$REQ8$PRES8$EABIv2 0x00000000   Number         0  anon$$obj.o ABSOLUTE
    __ARM_use_no_argv                        0x00000000   Number         0  main.o ABSOLUTE
    __ARM_exceptions_init                     - Undefined Weak Reference
    __alloca_initialize                       - Undefined Weak Reference
    __arm_preinit_                            - Undefined Weak Reference
    __cpp_initialize__aeabi_                  - Undefined Weak Reference
    __cxa_finalize                            - Undefined Weak Reference
    __rt_locale                               - Undefined Weak Reference
    __sigvec_lookup                           - Undefined Weak Reference
    __user_heap_extent                        - Undefined Weak Reference
    _atexit_init                              - Undefined Weak Reference
    _call_atexit_fns                          - Undefined Weak Reference
    _clock_init                               - Undefined Weak Reference
    _fp_trap_init                             - Undefined Weak Reference
    _fp_trap_shutdown                         - Undefined Weak Reference
    _get_lc_collate                           - Undefined Weak Reference
    _get_lc_ctype                             - Undefined Weak Reference
    _get_lc_monetary                          - Undefined Weak Reference
    _get_lc_numeric                           - Undefined Weak Reference
    _get_lc_time                              - Undefined Weak Reference
    _getenv_init                              - Undefined Weak Reference
    _handle_redirection                       - Undefined Weak Reference
    _mutex_acquire                            - Undefined Weak Reference
    _mutex_free                               - Undefined Weak Reference
    _mutex_release                            - Undefined Weak Reference
    _rand_init                                - Undefined Weak Reference
    _signal_finish                            - Undefined Weak Reference
    _signal_init                              - Undefined Weak Reference
    __Vectors_Size                           0x00000298   Number         0  startup_stm32h743xx.o ABSOLUTE
    __Vectors                                0x08000000   Data           4  startup_stm32h743xx.o(RESET)
    __Vectors_End                            0x08000298   Data           0  startup_stm32h743xx.o(RESET)
    __main                                   0x08000299   Thumb Code     8  __main.o(!!!main)
    __scatterload                            0x080002a1   Thumb Code     0  __scatter.o(!!!scatter)
    __scatterload_rt2                        0x080002a1   Thumb Code    44  __scatter.o(!!!scatter)
    __scatterload_rt2_thumb_only             0x080002a1   Thumb Code     0  __scatter.o(!!!scatter)
    __scatterload_null                       0x080002af   Thumb Code     0  __scatter.o(!!!scatter)
    __decompress                             0x080002d5   Thumb Code    90  __dczerorl2.o(!!dczerorl2)
    __decompress1                            0x080002d5   Thumb Code     0  __dczerorl2.o(!!dczerorl2)
    __scatterload_zeroinit                   0x08000331   Thumb Code    28  __scatter_zi.o(!!handler_zi)
    __rt_lib_init                            0x0800034d   Thumb Code     0  libinit.o(.ARM.Collect$$libinit$$00000000)
    __rt_lib_init_fp_1                       0x0800034f   Thumb Code     0  libinit2.o(.ARM.Collect$$libinit$$00000001)
    __rt_lib_init_alloca_1                   0x08000353   Thumb Code     0  libinit2.o(.ARM.Collect$$libinit$$0000002E)
    __rt_lib_init_argv_1                     0x08000353   Thumb Code     0  libinit2.o(.ARM.Collect$$libinit$$0000002C)
    __rt_lib_init_atexit_1                   0x08000353   Thumb Code     0  libinit2.o(.ARM.Collect$$libinit$$0000001B)
    __rt_lib_init_clock_1                    0x08000353   Thumb Code     0  libinit2.o(.ARM.Collect$$libinit$$00000021)
    __rt_lib_init_cpp_1                      0x08000353   Thumb Code     0  libinit2.o(.ARM.Collect$$libinit$$00000032)
    __rt_lib_init_exceptions_1               0x08000353   Thumb Code     0  libinit2.o(.ARM.Collect$$libinit$$00000030)
    __rt_lib_init_fp_trap_1                  0x08000353   Thumb Code     0  libinit2.o(.ARM.Collect$$libinit$$0000001F)
    __rt_lib_init_getenv_1                   0x08000353   Thumb Code     0  libinit2.o(.ARM.Collect$$libinit$$00000023)
    __rt_lib_init_heap_1                     0x08000353   Thumb Code     0  libinit2.o(.ARM.Collect$$libinit$$0000000A)
    __rt_lib_init_lc_collate_1               0x08000353   Thumb Code     0  libinit2.o(.ARM.Collect$$libinit$$00000011)
    __rt_lib_init_lc_ctype_1                 0x08000353   Thumb Code     0  libinit2.o(.ARM.Collect$$libinit$$00000013)
    __rt_lib_init_lc_monetary_1              0x08000353   Thumb Code     0  libinit2.o(.ARM.Collect$$libinit$$00000015)
    __rt_lib_init_lc_numeric_1               0x08000353   Thumb Code     0  libinit2.o(.ARM.Collect$$libinit$$00000017)
    __rt_lib_init_lc_time_1                  0x08000353   Thumb Code     0  libinit2.o(.ARM.Collect$$libinit$$00000019)
    __rt_lib_init_preinit_1                  0x08000353   Thumb Code     0  libinit2.o(.ARM.Collect$$libinit$$00000004)
    __rt_lib_init_rand_1                     0x08000353   Thumb Code     0  libinit2.o(.ARM.Collect$$libinit$$0000000E)
    __rt_lib_init_return                     0x08000353   Thumb Code     0  libinit2.o(.ARM.Collect$$libinit$$00000033)
    __rt_lib_init_signal_1                   0x08000353   Thumb Code     0  libinit2.o(.ARM.Collect$$libinit$$0000001D)
    __rt_lib_init_stdio_1                    0x08000353   Thumb Code     0  libinit2.o(.ARM.Collect$$libinit$$00000025)
    __rt_lib_init_user_alloc_1               0x08000353   Thumb Code     0  libinit2.o(.ARM.Collect$$libinit$$0000000C)
    __rt_lib_shutdown                        0x08000355   Thumb Code     0  libshutdown.o(.ARM.Collect$$libshutdown$$00000000)
    __rt_lib_shutdown_cpp_1                  0x08000357   Thumb Code     0  libshutdown2.o(.ARM.Collect$$libshutdown$$00000002)
    __rt_lib_shutdown_fp_trap_1              0x08000357   Thumb Code     0  libshutdown2.o(.ARM.Collect$$libshutdown$$00000007)
    __rt_lib_shutdown_heap_1                 0x08000357   Thumb Code     0  libshutdown2.o(.ARM.Collect$$libshutdown$$0000000F)
    __rt_lib_shutdown_return                 0x08000357   Thumb Code     0  libshutdown2.o(.ARM.Collect$$libshutdown$$00000010)
    __rt_lib_shutdown_signal_1               0x08000357   Thumb Code     0  libshutdown2.o(.ARM.Collect$$libshutdown$$0000000A)
    __rt_lib_shutdown_stdio_1                0x08000357   Thumb Code     0  libshutdown2.o(.ARM.Collect$$libshutdown$$00000004)
    __rt_lib_shutdown_user_alloc_1           0x08000357   Thumb Code     0  libshutdown2.o(.ARM.Collect$$libshutdown$$0000000C)
    __rt_entry                               0x08000359   Thumb Code     0  __rtentry.o(.ARM.Collect$$rtentry$$00000000)
    __rt_entry_presh_1                       0x08000359   Thumb Code     0  __rtentry2.o(.ARM.Collect$$rtentry$$00000002)
    __rt_entry_sh                            0x08000359   Thumb Code     0  __rtentry4.o(.ARM.Collect$$rtentry$$00000004)
    __rt_entry_li                            0x0800035f   Thumb Code     0  __rtentry2.o(.ARM.Collect$$rtentry$$0000000A)
    __rt_entry_postsh_1                      0x0800035f   Thumb Code     0  __rtentry2.o(.ARM.Collect$$rtentry$$00000009)
    __rt_entry_main                          0x08000363   Thumb Code     0  __rtentry2.o(.ARM.Collect$$rtentry$$0000000D)
    __rt_entry_postli_1                      0x08000363   Thumb Code     0  __rtentry2.o(.ARM.Collect$$rtentry$$0000000C)
    __rt_exit                                0x0800036b   Thumb Code     0  rtexit.o(.ARM.Collect$$rtexit$$00000000)
    __rt_exit_ls                             0x0800036d   Thumb Code     0  rtexit2.o(.ARM.Collect$$rtexit$$00000003)
    __rt_exit_prels_1                        0x0800036d   Thumb Code     0  rtexit2.o(.ARM.Collect$$rtexit$$00000002)
    __rt_exit_exit                           0x08000371   Thumb Code     0  rtexit2.o(.ARM.Collect$$rtexit$$00000004)
    Reset_Handler                            0x08000379   Thumb Code     8  startup_stm32h743xx.o(.text)
    ADC3_IRQHandler                          0x08000393   Thumb Code     0  startup_stm32h743xx.o(.text)
    BDMA_Channel0_IRQHandler                 0x08000393   Thumb Code     0  startup_stm32h743xx.o(.text)
    BDMA_Channel1_IRQHandler                 0x08000393   Thumb Code     0  startup_stm32h743xx.o(.text)
    BDMA_Channel2_IRQHandler                 0x08000393   Thumb Code     0  startup_stm32h743xx.o(.text)
    BDMA_Channel3_IRQHandler                 0x08000393   Thumb Code     0  startup_stm32h743xx.o(.text)
    BDMA_Channel4_IRQHandler                 0x08000393   Thumb Code     0  startup_stm32h743xx.o(.text)
    BDMA_Channel5_IRQHandler                 0x08000393   Thumb Code     0  startup_stm32h743xx.o(.text)
    BDMA_Channel6_IRQHandler                 0x08000393   Thumb Code     0  startup_stm32h743xx.o(.text)
    BDMA_Channel7_IRQHandler                 0x08000393   Thumb Code     0  startup_stm32h743xx.o(.text)
    CEC_IRQHandler                           0x08000393   Thumb Code     0  startup_stm32h743xx.o(.text)
    COMP1_IRQHandler                         0x08000393   Thumb Code     0  startup_stm32h743xx.o(.text)
    CRS_IRQHandler                           0x08000393   Thumb Code     0  startup_stm32h743xx.o(.text)
    DCMI_IRQHandler                          0x08000393   Thumb Code     0  startup_stm32h743xx.o(.text)
    DFSDM1_FLT0_IRQHandler                   0x08000393   Thumb Code     0  startup_stm32h743xx.o(.text)
    DFSDM1_FLT1_IRQHandler                   0x08000393   Thumb Code     0  startup_stm32h743xx.o(.text)
    DFSDM1_FLT2_IRQHandler                   0x08000393   Thumb Code     0  startup_stm32h743xx.o(.text)
    DFSDM1_FLT3_IRQHandler                   0x08000393   Thumb Code     0  startup_stm32h743xx.o(.text)
    DMA1_Stream1_IRQHandler                  0x08000393   Thumb Code     0  startup_stm32h743xx.o(.text)
    DMA1_Stream2_IRQHandler                  0x08000393   Thumb Code     0  startup_stm32h743xx.o(.text)
    DMA1_Stream3_IRQHandler                  0x08000393   Thumb Code     0  startup_stm32h743xx.o(.text)
    DMA1_Stream4_IRQHandler                  0x08000393   Thumb Code     0  startup_stm32h743xx.o(.text)
    DMA1_Stream5_IRQHandler                  0x08000393   Thumb Code     0  startup_stm32h743xx.o(.text)
    DMA1_Stream6_IRQHandler                  0x08000393   Thumb Code     0  startup_stm32h743xx.o(.text)
    DMA1_Stream7_IRQHandler                  0x08000393   Thumb Code     0  startup_stm32h743xx.o(.text)
    DMA2D_IRQHandler                         0x08000393   Thumb Code     0  startup_stm32h743xx.o(.text)
    DMA2_Stream0_IRQHandler                  0x08000393   Thumb Code     0  startup_stm32h743xx.o(.text)
    DMA2_Stream1_IRQHandler                  0x08000393   Thumb Code     0  startup_stm32h743xx.o(.text)
    DMA2_Stream2_IRQHandler                  0x08000393   Thumb Code     0  startup_stm32h743xx.o(.text)
    DMA2_Stream3_IRQHandler                  0x08000393   Thumb Code     0  startup_stm32h743xx.o(.text)
    DMA2_Stream4_IRQHandler                  0x08000393   Thumb Code     0  startup_stm32h743xx.o(.text)
    DMA2_Stream5_IRQHandler                  0x08000393   Thumb Code     0  startup_stm32h743xx.o(.text)
    DMA2_Stream6_IRQHandler                  0x08000393   Thumb Code     0  startup_stm32h743xx.o(.text)
    DMA2_Stream7_IRQHandler                  0x08000393   Thumb Code     0  startup_stm32h743xx.o(.text)
    DMAMUX1_OVR_IRQHandler                   0x08000393   Thumb Code     0  startup_stm32h743xx.o(.text)
    DMAMUX2_OVR_IRQHandler                   0x08000393   Thumb Code     0  startup_stm32h743xx.o(.text)
    ECC_IRQHandler                           0x08000393   Thumb Code     0  startup_stm32h743xx.o(.text)
    ETH_IRQHandler                           0x08000393   Thumb Code     0  startup_stm32h743xx.o(.text)
    ETH_WKUP_IRQHandler                      0x08000393   Thumb Code     0  startup_stm32h743xx.o(.text)
    EXTI0_IRQHandler                         0x08000393   Thumb Code     0  startup_stm32h743xx.o(.text)
    EXTI15_10_IRQHandler                     0x08000393   Thumb Code     0  startup_stm32h743xx.o(.text)
    EXTI1_IRQHandler                         0x08000393   Thumb Code     0  startup_stm32h743xx.o(.text)
    EXTI2_IRQHandler                         0x08000393   Thumb Code     0  startup_stm32h743xx.o(.text)
    EXTI3_IRQHandler                         0x08000393   Thumb Code     0  startup_stm32h743xx.o(.text)
    EXTI4_IRQHandler                         0x08000393   Thumb Code     0  startup_stm32h743xx.o(.text)
    EXTI9_5_IRQHandler                       0x08000393   Thumb Code     0  startup_stm32h743xx.o(.text)
    FDCAN1_IT0_IRQHandler                    0x08000393   Thumb Code     0  startup_stm32h743xx.o(.text)
    FDCAN1_IT1_IRQHandler                    0x08000393   Thumb Code     0  startup_stm32h743xx.o(.text)
    FDCAN2_IT0_IRQHandler                    0x08000393   Thumb Code     0  startup_stm32h743xx.o(.text)
    FDCAN2_IT1_IRQHandler                    0x08000393   Thumb Code     0  startup_stm32h743xx.o(.text)
    FDCAN_CAL_IRQHandler                     0x08000393   Thumb Code     0  startup_stm32h743xx.o(.text)
    FLASH_IRQHandler                         0x08000393   Thumb Code     0  startup_stm32h743xx.o(.text)
    FMC_IRQHandler                           0x08000393   Thumb Code     0  startup_stm32h743xx.o(.text)
    FPU_IRQHandler                           0x08000393   Thumb Code     0  startup_stm32h743xx.o(.text)
    HRTIM1_FLT_IRQHandler                    0x08000393   Thumb Code     0  startup_stm32h743xx.o(.text)
    HRTIM1_Master_IRQHandler                 0x08000393   Thumb Code     0  startup_stm32h743xx.o(.text)
    HRTIM1_TIMA_IRQHandler                   0x08000393   Thumb Code     0  startup_stm32h743xx.o(.text)
    HRTIM1_TIMB_IRQHandler                   0x08000393   Thumb Code     0  startup_stm32h743xx.o(.text)
    HRTIM1_TIMC_IRQHandler                   0x08000393   Thumb Code     0  startup_stm32h743xx.o(.text)
    HRTIM1_TIMD_IRQHandler                   0x08000393   Thumb Code     0  startup_stm32h743xx.o(.text)
    HRTIM1_TIME_IRQHandler                   0x08000393   Thumb Code     0  startup_stm32h743xx.o(.text)
    HSEM1_IRQHandler                         0x08000393   Thumb Code     0  startup_stm32h743xx.o(.text)
    I2C1_ER_IRQHandler                       0x08000393   Thumb Code     0  startup_stm32h743xx.o(.text)
    I2C1_EV_IRQHandler                       0x08000393   Thumb Code     0  startup_stm32h743xx.o(.text)
    I2C2_ER_IRQHandler                       0x08000393   Thumb Code     0  startup_stm32h743xx.o(.text)
    I2C2_EV_IRQHandler                       0x08000393   Thumb Code     0  startup_stm32h743xx.o(.text)
    I2C3_ER_IRQHandler                       0x08000393   Thumb Code     0  startup_stm32h743xx.o(.text)
    I2C3_EV_IRQHandler                       0x08000393   Thumb Code     0  startup_stm32h743xx.o(.text)
    I2C4_ER_IRQHandler                       0x08000393   Thumb Code     0  startup_stm32h743xx.o(.text)
    I2C4_EV_IRQHandler                       0x08000393   Thumb Code     0  startup_stm32h743xx.o(.text)
    JPEG_IRQHandler                          0x08000393   Thumb Code     0  startup_stm32h743xx.o(.text)
    LPTIM1_IRQHandler                        0x08000393   Thumb Code     0  startup_stm32h743xx.o(.text)
    LPTIM2_IRQHandler                        0x08000393   Thumb Code     0  startup_stm32h743xx.o(.text)
    LPTIM3_IRQHandler                        0x08000393   Thumb Code     0  startup_stm32h743xx.o(.text)
    LPTIM4_IRQHandler                        0x08000393   Thumb Code     0  startup_stm32h743xx.o(.text)
    LPTIM5_IRQHandler                        0x08000393   Thumb Code     0  startup_stm32h743xx.o(.text)
    LPUART1_IRQHandler                       0x08000393   Thumb Code     0  startup_stm32h743xx.o(.text)
    LTDC_ER_IRQHandler                       0x08000393   Thumb Code     0  startup_stm32h743xx.o(.text)
    LTDC_IRQHandler                          0x08000393   Thumb Code     0  startup_stm32h743xx.o(.text)
    MDIOS_IRQHandler                         0x08000393   Thumb Code     0  startup_stm32h743xx.o(.text)
    MDIOS_WKUP_IRQHandler                    0x08000393   Thumb Code     0  startup_stm32h743xx.o(.text)
    MDMA_IRQHandler                          0x08000393   Thumb Code     0  startup_stm32h743xx.o(.text)
    OTG_FS_EP1_IN_IRQHandler                 0x08000393   Thumb Code     0  startup_stm32h743xx.o(.text)
    OTG_FS_EP1_OUT_IRQHandler                0x08000393   Thumb Code     0  startup_stm32h743xx.o(.text)
    OTG_FS_IRQHandler                        0x08000393   Thumb Code     0  startup_stm32h743xx.o(.text)
    OTG_FS_WKUP_IRQHandler                   0x08000393   Thumb Code     0  startup_stm32h743xx.o(.text)
    OTG_HS_EP1_IN_IRQHandler                 0x08000393   Thumb Code     0  startup_stm32h743xx.o(.text)
    OTG_HS_EP1_OUT_IRQHandler                0x08000393   Thumb Code     0  startup_stm32h743xx.o(.text)
    OTG_HS_IRQHandler                        0x08000393   Thumb Code     0  startup_stm32h743xx.o(.text)
    OTG_HS_WKUP_IRQHandler                   0x08000393   Thumb Code     0  startup_stm32h743xx.o(.text)
    PVD_AVD_IRQHandler                       0x08000393   Thumb Code     0  startup_stm32h743xx.o(.text)
    QUADSPI_IRQHandler                       0x08000393   Thumb Code     0  startup_stm32h743xx.o(.text)
    RCC_IRQHandler                           0x08000393   Thumb Code     0  startup_stm32h743xx.o(.text)
    RNG_IRQHandler                           0x08000393   Thumb Code     0  startup_stm32h743xx.o(.text)
    RTC_Alarm_IRQHandler                     0x08000393   Thumb Code     0  startup_stm32h743xx.o(.text)
    RTC_WKUP_IRQHandler                      0x08000393   Thumb Code     0  startup_stm32h743xx.o(.text)
    SAI1_IRQHandler                          0x08000393   Thumb Code     0  startup_stm32h743xx.o(.text)
    SAI2_IRQHandler                          0x08000393   Thumb Code     0  startup_stm32h743xx.o(.text)
    SAI3_IRQHandler                          0x08000393   Thumb Code     0  startup_stm32h743xx.o(.text)
    SAI4_IRQHandler                          0x08000393   Thumb Code     0  startup_stm32h743xx.o(.text)
    SDMMC1_IRQHandler                        0x08000393   Thumb Code     0  startup_stm32h743xx.o(.text)
    SDMMC2_IRQHandler                        0x08000393   Thumb Code     0  startup_stm32h743xx.o(.text)
    SPDIF_RX_IRQHandler                      0x08000393   Thumb Code     0  startup_stm32h743xx.o(.text)
    SPI1_IRQHandler                          0x08000393   Thumb Code     0  startup_stm32h743xx.o(.text)
    SPI2_IRQHandler                          0x08000393   Thumb Code     0  startup_stm32h743xx.o(.text)
    SPI3_IRQHandler                          0x08000393   Thumb Code     0  startup_stm32h743xx.o(.text)
    SPI4_IRQHandler                          0x08000393   Thumb Code     0  startup_stm32h743xx.o(.text)
    SPI5_IRQHandler                          0x08000393   Thumb Code     0  startup_stm32h743xx.o(.text)
    SPI6_IRQHandler                          0x08000393   Thumb Code     0  startup_stm32h743xx.o(.text)
    SWPMI1_IRQHandler                        0x08000393   Thumb Code     0  startup_stm32h743xx.o(.text)
    TAMP_STAMP_IRQHandler                    0x08000393   Thumb Code     0  startup_stm32h743xx.o(.text)
    TIM15_IRQHandler                         0x08000393   Thumb Code     0  startup_stm32h743xx.o(.text)
    TIM16_IRQHandler                         0x08000393   Thumb Code     0  startup_stm32h743xx.o(.text)
    TIM17_IRQHandler                         0x08000393   Thumb Code     0  startup_stm32h743xx.o(.text)
    TIM1_BRK_IRQHandler                      0x08000393   Thumb Code     0  startup_stm32h743xx.o(.text)
    TIM1_CC_IRQHandler                       0x08000393   Thumb Code     0  startup_stm32h743xx.o(.text)
    TIM1_TRG_COM_IRQHandler                  0x08000393   Thumb Code     0  startup_stm32h743xx.o(.text)
    TIM1_UP_IRQHandler                       0x08000393   Thumb Code     0  startup_stm32h743xx.o(.text)
    TIM2_IRQHandler                          0x08000393   Thumb Code     0  startup_stm32h743xx.o(.text)
    TIM3_IRQHandler                          0x08000393   Thumb Code     0  startup_stm32h743xx.o(.text)
    TIM4_IRQHandler                          0x08000393   Thumb Code     0  startup_stm32h743xx.o(.text)
    TIM5_IRQHandler                          0x08000393   Thumb Code     0  startup_stm32h743xx.o(.text)
    TIM6_DAC_IRQHandler                      0x08000393   Thumb Code     0  startup_stm32h743xx.o(.text)
    TIM8_BRK_TIM12_IRQHandler                0x08000393   Thumb Code     0  startup_stm32h743xx.o(.text)
    TIM8_TRG_COM_TIM14_IRQHandler            0x08000393   Thumb Code     0  startup_stm32h743xx.o(.text)
    TIM8_UP_TIM13_IRQHandler                 0x08000393   Thumb Code     0  startup_stm32h743xx.o(.text)
    UART4_IRQHandler                         0x08000393   Thumb Code     0  startup_stm32h743xx.o(.text)
    UART5_IRQHandler                         0x08000393   Thumb Code     0  startup_stm32h743xx.o(.text)
    UART7_IRQHandler                         0x08000393   Thumb Code     0  startup_stm32h743xx.o(.text)
    UART8_IRQHandler                         0x08000393   Thumb Code     0  startup_stm32h743xx.o(.text)
    USART1_IRQHandler                        0x08000393   Thumb Code     0  startup_stm32h743xx.o(.text)
    USART2_IRQHandler                        0x08000393   Thumb Code     0  startup_stm32h743xx.o(.text)
    USART6_IRQHandler                        0x08000393   Thumb Code     0  startup_stm32h743xx.o(.text)
    WAKEUP_PIN_IRQHandler                    0x08000393   Thumb Code     0  startup_stm32h743xx.o(.text)
    WWDG_IRQHandler                          0x08000393   Thumb Code     0  startup_stm32h743xx.o(.text)
    __user_initial_stackheap                 0x08000395   Thumb Code     0  startup_stm32h743xx.o(.text)
    __aeabi_uldivmod                         0x080003b9   Thumb Code     0  lludivv7m.o(.text)
    _ll_udiv                                 0x080003b9   Thumb Code   238  lludivv7m.o(.text)
    __aeabi_memclr4                          0x080004a7   Thumb Code     0  rt_memclr_w.o(.text)
    __aeabi_memclr8                          0x080004a7   Thumb Code     0  rt_memclr_w.o(.text)
    __rt_memclr_w                            0x080004a7   Thumb Code    78  rt_memclr_w.o(.text)
    _memset_w                                0x080004ab   Thumb Code     0  rt_memclr_w.o(.text)
    __use_two_region_memory                  0x080004f5   Thumb Code     2  heapauxi.o(.text)
    __rt_heap_escrow                         0x080004f7   Thumb Code     2  heapauxi.o(.text)
    __rt_heap_expand                         0x080004f9   Thumb Code     2  heapauxi.o(.text)
    _sys_exit                                0x080004fd   Thumb Code     8  sys_exit.o(.text)
    __user_libspace                          0x08000509   Thumb Code     8  libspace.o(.text)
    __user_perproc_libspace                  0x08000509   Thumb Code     0  libspace.o(.text)
    __user_perthread_libspace                0x08000509   Thumb Code     0  libspace.o(.text)
    __I$use$semihosting                      0x08000511   Thumb Code     0  use_no_semi.o(.text)
    __use_no_semihosting_swi                 0x08000511   Thumb Code     2  use_no_semi.o(.text)
    __semihosting_library_function           0x08000513   Thumb Code     0  indicate_semi.o(.text)
    __user_setup_stackheap                   0x08000513   Thumb Code    74  sys_stackheap_outer.o(.text)
    exit                                     0x0800055d   Thumb Code    18  exit.o(.text)
    ADC_ConfigureBoostMode                   0x08000571   Thumb Code   236  stm32h7xx_hal_adc.o(i.ADC_ConfigureBoostMode)
    ADC_Enable                               0x08000679   Thumb Code   148  stm32h7xx_hal_adc.o(i.ADC_Enable)
    ADC_IRQHandler                           0x08000721   Thumb Code     6  stm32h7xx_it.o(i.ADC_IRQHandler)
    AML_Buzzer_Beep                          0x0800072d   Thumb Code    10  aml_buzzer .o(i.AML_Buzzer_Beep)
    AML_Buzzer_PlayNote                      0x0800073d   Thumb Code    96  aml_buzzer .o(i.AML_Buzzer_PlayNote)
    AML_Buzzer_TurnOff                       0x080007b1   Thumb Code     8  aml_buzzer .o(i.AML_Buzzer_TurnOff)
    AML_Buzzer_TurnOn                        0x080007bd   Thumb Code     8  aml_buzzer .o(i.AML_Buzzer_TurnOn)
    AML_Encoder_GetLeftValue                 0x080007c9   Thumb Code     8  aml_encoder.o(i.AML_Encoder_GetLeftValue)
    AML_Encoder_GetRightValue                0x080007d5   Thumb Code     8  aml_encoder.o(i.AML_Encoder_GetRightValue)
    AML_Encoder_Setup                        0x080007e1   Thumb Code    22  aml_encoder.o(i.AML_Encoder_Setup)
    AML_IRSensor_Setup                       0x08000801   Thumb Code    30  sensor.o(i.AML_IRSensor_Setup)
    AML_LedDebug_SetAllLED                   0x0800082d   Thumb Code    52  aml_leddebug.o(i.AML_LedDebug_SetAllLED)
    AML_LedDebug_ToggleAllLED                0x08000869   Thumb Code    54  aml_leddebug.o(i.AML_LedDebug_ToggleAllLED)
    AML_MPUSensor_GetAngle                   0x080008a9   Thumb Code    16  aml_mpusensor.o(i.AML_MPUSensor_GetAngle)
    AML_MPUSensor_ResetAngle                 0x080008bd   Thumb Code   102  aml_mpusensor.o(i.AML_MPUSensor_ResetAngle)
    AML_MPUSensor_Setup                      0x08000939   Thumb Code    20  aml_mpusensor.o(i.AML_MPUSensor_Setup)
    AML_MotorControl_GoStraghtWithMPU        0x08000955   Thumb Code    60  aml_motorcontrol.o(i.AML_MotorControl_GoStraghtWithMPU)
    AML_MotorControl_LeftPWM                 0x08000995   Thumb Code   134  aml_motorcontrol.o(i.AML_MotorControl_LeftPWM)
    AML_MotorControl_Move                    0x08000a25   Thumb Code    18  aml_motorcontrol.o(i.AML_MotorControl_Move)
    AML_MotorControl_RightPWM                0x08000a39   Thumb Code   134  aml_motorcontrol.o(i.AML_MotorControl_RightPWM)
    AML_MotorControl_Setup                   0x08000ac9   Thumb Code    28  aml_motorcontrol.o(i.AML_MotorControl_Setup)
    AML_MotorControl_Stop                    0x08000ae9   Thumb Code     8  aml_motorcontrol.o(i.AML_MotorControl_Stop)
    AML_PID_Compute                          0x08000af1   Thumb Code   274  aml_pid.o(i.AML_PID_Compute)
    AML_Read_Button                          0x08000c05   Thumb Code    28  aml_switch.o(i.AML_Read_Button)
    BusFault_Handler                         0x08000c25   Thumb Code     2  stm32h7xx_it.o(i.BusFault_Handler)
    DMA1_Stream0_IRQHandler                  0x08000c29   Thumb Code     6  stm32h7xx_it.o(i.DMA1_Stream0_IRQHandler)
    DebugMon_Handler                         0x0800106d   Thumb Code     2  stm32h7xx_it.o(i.DebugMon_Handler)
    Error_Handler                            0x0800106f   Thumb Code     4  main.o(i.Error_Handler)
    HAL_ADCEx_EndOfSamplingCallback          0x08001073   Thumb Code     2  stm32h7xx_hal_adc_ex.o(i.HAL_ADCEx_EndOfSamplingCallback)
    HAL_ADCEx_InjectedConvCpltCallback       0x08001075   Thumb Code     2  stm32h7xx_hal_adc_ex.o(i.HAL_ADCEx_InjectedConvCpltCallback)
    HAL_ADCEx_InjectedQueueOverflowCallback  0x08001077   Thumb Code     2  stm32h7xx_hal_adc_ex.o(i.HAL_ADCEx_InjectedQueueOverflowCallback)
    HAL_ADCEx_LevelOutOfWindow2Callback      0x08001079   Thumb Code     2  stm32h7xx_hal_adc_ex.o(i.HAL_ADCEx_LevelOutOfWindow2Callback)
    HAL_ADCEx_LevelOutOfWindow3Callback      0x0800107b   Thumb Code     2  stm32h7xx_hal_adc_ex.o(i.HAL_ADCEx_LevelOutOfWindow3Callback)
    HAL_ADCEx_MultiModeConfigChannel         0x0800107d   Thumb Code   274  stm32h7xx_hal_adc_ex.o(i.HAL_ADCEx_MultiModeConfigChannel)
    HAL_ADC_ConfigChannel                    0x080011a5   Thumb Code   926  stm32h7xx_hal_adc.o(i.HAL_ADC_ConfigChannel)
    HAL_ADC_ConvCpltCallback                 0x0800157d   Thumb Code    42  sensor.o(i.HAL_ADC_ConvCpltCallback)
    HAL_ADC_ErrorCallback                    0x080015b5   Thumb Code     2  stm32h7xx_hal_adc.o(i.HAL_ADC_ErrorCallback)
    HAL_ADC_GetValue                         0x080015b7   Thumb Code     6  stm32h7xx_hal_adc.o(i.HAL_ADC_GetValue)
    HAL_ADC_IRQHandler                       0x080015bd   Thumb Code   640  stm32h7xx_hal_adc.o(i.HAL_ADC_IRQHandler)
    HAL_ADC_Init                             0x0800184d   Thumb Code   498  stm32h7xx_hal_adc.o(i.HAL_ADC_Init)
    HAL_ADC_LevelOutOfWindowCallback         0x08001a75   Thumb Code     2  stm32h7xx_hal_adc.o(i.HAL_ADC_LevelOutOfWindowCallback)
    HAL_ADC_MspInit                          0x08001a79   Thumb Code   216  stm32h7xx_hal_msp.o(i.HAL_ADC_MspInit)
    HAL_ADC_Start_IT                         0x08001b65   Thumb Code   370  stm32h7xx_hal_adc.o(i.HAL_ADC_Start_IT)
    HAL_DMA_Abort                            0x08001ced   Thumb Code   836  stm32h7xx_hal_dma.o(i.HAL_DMA_Abort)
    HAL_DMA_Abort_IT                         0x0800204d   Thumb Code   602  stm32h7xx_hal_dma.o(i.HAL_DMA_Abort_IT)
    HAL_DMA_GetError                         0x080022d1   Thumb Code     4  stm32h7xx_hal_dma.o(i.HAL_DMA_GetError)
    HAL_DMA_IRQHandler                       0x080022d5   Thumb Code  1756  stm32h7xx_hal_dma.o(i.HAL_DMA_IRQHandler)
    HAL_DMA_Init                             0x080029bd   Thumb Code   926  stm32h7xx_hal_dma.o(i.HAL_DMA_Init)
    HAL_DMA_Start_IT                         0x08002d81   Thumb Code   628  stm32h7xx_hal_dma.o(i.HAL_DMA_Start_IT)
    HAL_Delay                                0x0800301d   Thumb Code    32  stm32h7xx_hal.o(i.HAL_Delay)
    HAL_GPIO_Init                            0x08003041   Thumb Code   506  stm32h7xx_hal_gpio.o(i.HAL_GPIO_Init)
    HAL_GPIO_ReadPin                         0x0800326d   Thumb Code    10  stm32h7xx_hal_gpio.o(i.HAL_GPIO_ReadPin)
    HAL_GPIO_TogglePin                       0x08003277   Thumb Code    16  stm32h7xx_hal_gpio.o(i.HAL_GPIO_TogglePin)
    HAL_GPIO_WritePin                        0x08003287   Thumb Code    10  stm32h7xx_hal_gpio.o(i.HAL_GPIO_WritePin)
    HAL_GetREVID                             0x08003291   Thumb Code     8  stm32h7xx_hal.o(i.HAL_GetREVID)
    HAL_GetTick                              0x0800329d   Thumb Code     6  stm32h7xx_hal.o(i.HAL_GetTick)
    HAL_I2CEx_ConfigAnalogFilter             0x080032a9   Thumb Code    88  stm32h7xx_hal_i2c_ex.o(i.HAL_I2CEx_ConfigAnalogFilter)
    HAL_I2CEx_ConfigDigitalFilter            0x08003301   Thumb Code    84  stm32h7xx_hal_i2c_ex.o(i.HAL_I2CEx_ConfigDigitalFilter)
    HAL_I2C_Init                             0x08003355   Thumb Code   186  stm32h7xx_hal_i2c.o(i.HAL_I2C_Init)
    HAL_I2C_MspInit                          0x08003415   Thumb Code   122  stm32h7xx_hal_msp.o(i.HAL_I2C_MspInit)
    HAL_IncTick                              0x0800349d   Thumb Code    12  stm32h7xx_hal.o(i.HAL_IncTick)
    HAL_Init                                 0x080034ad   Thumb Code    74  stm32h7xx_hal.o(i.HAL_Init)
    HAL_InitTick                             0x08003509   Thumb Code    56  stm32h7xx_hal.o(i.HAL_InitTick)
    HAL_MPU_ConfigRegion                     0x08003549   Thumb Code    86  stm32h7xx_hal_cortex.o(i.HAL_MPU_ConfigRegion)
    HAL_MPU_Disable                          0x080035a5   Thumb Code    24  stm32h7xx_hal_cortex.o(i.HAL_MPU_Disable)
    HAL_MPU_Enable                           0x080035c1   Thumb Code    30  stm32h7xx_hal_cortex.o(i.HAL_MPU_Enable)
    HAL_MspInit                              0x080035e5   Thumb Code    22  stm32h7xx_hal_msp.o(i.HAL_MspInit)
    HAL_NVIC_EnableIRQ                       0x08003601   Thumb Code    26  stm32h7xx_hal_cortex.o(i.HAL_NVIC_EnableIRQ)
    HAL_NVIC_SetPriority                     0x0800361d   Thumb Code    60  stm32h7xx_hal_cortex.o(i.HAL_NVIC_SetPriority)
    HAL_NVIC_SetPriorityGrouping             0x0800365d   Thumb Code    28  stm32h7xx_hal_cortex.o(i.HAL_NVIC_SetPriorityGrouping)
    HAL_PWREx_ConfigSupply                   0x08003681   Thumb Code    78  stm32h7xx_hal_pwr_ex.o(i.HAL_PWREx_ConfigSupply)
    HAL_RAMECC_Init                          0x080036d5   Thumb Code    70  stm32h7xx_hal_ramecc.o(i.HAL_RAMECC_Init)
    HAL_RCCEx_GetD3PCLK1Freq                 0x0800371d   Thumb Code    26  stm32h7xx_hal_rcc_ex.o(i.HAL_RCCEx_GetD3PCLK1Freq)
    HAL_RCCEx_GetPLL1ClockFreq               0x08003741   Thumb Code   298  stm32h7xx_hal_rcc_ex.o(i.HAL_RCCEx_GetPLL1ClockFreq)
    HAL_RCCEx_GetPLL2ClockFreq               0x08003889   Thumb Code   296  stm32h7xx_hal_rcc_ex.o(i.HAL_RCCEx_GetPLL2ClockFreq)
    HAL_RCCEx_GetPLL3ClockFreq               0x080039cd   Thumb Code   296  stm32h7xx_hal_rcc_ex.o(i.HAL_RCCEx_GetPLL3ClockFreq)
    HAL_RCCEx_GetPeriphCLKFreq               0x08003b11   Thumb Code   692  stm32h7xx_hal_rcc_ex.o(i.HAL_RCCEx_GetPeriphCLKFreq)
    HAL_RCCEx_PeriphCLKConfig                0x08003dd9   Thumb Code  2472  stm32h7xx_hal_rcc_ex.o(i.HAL_RCCEx_PeriphCLKConfig)
    HAL_RCC_ClockConfig                      0x08004785   Thumb Code   580  stm32h7xx_hal_rcc.o(i.HAL_RCC_ClockConfig)
    HAL_RCC_GetHCLKFreq                      0x080049e1   Thumb Code    52  stm32h7xx_hal_rcc.o(i.HAL_RCC_GetHCLKFreq)
    HAL_RCC_GetPCLK1Freq                     0x08004a25   Thumb Code    26  stm32h7xx_hal_rcc.o(i.HAL_RCC_GetPCLK1Freq)
    HAL_RCC_GetPCLK2Freq                     0x08004a49   Thumb Code    26  stm32h7xx_hal_rcc.o(i.HAL_RCC_GetPCLK2Freq)
    HAL_RCC_GetSysClockFreq                  0x08004a6d   Thumb Code   278  stm32h7xx_hal_rcc.o(i.HAL_RCC_GetSysClockFreq)
    HAL_RCC_OscConfig                        0x08004ba5   Thumb Code  1410  stm32h7xx_hal_rcc.o(i.HAL_RCC_OscConfig)
    HAL_SYSTICK_Config                       0x08005127   Thumb Code    38  stm32h7xx_hal_cortex.o(i.HAL_SYSTICK_Config)
    HAL_TIMEx_Break2Callback                 0x0800514d   Thumb Code     2  stm32h7xx_hal_tim_ex.o(i.HAL_TIMEx_Break2Callback)
    HAL_TIMEx_BreakCallback                  0x0800514f   Thumb Code     2  stm32h7xx_hal_tim_ex.o(i.HAL_TIMEx_BreakCallback)
    HAL_TIMEx_CommutCallback                 0x08005151   Thumb Code     2  stm32h7xx_hal_tim_ex.o(i.HAL_TIMEx_CommutCallback)
    HAL_TIMEx_ConfigBreakDeadTime            0x08005155   Thumb Code   150  stm32h7xx_hal_tim_ex.o(i.HAL_TIMEx_ConfigBreakDeadTime)
    HAL_TIMEx_MasterConfigSynchronization    0x080051f5   Thumb Code   134  stm32h7xx_hal_tim_ex.o(i.HAL_TIMEx_MasterConfigSynchronization)
    HAL_TIM_Base_Init                        0x08005299   Thumb Code    98  stm32h7xx_hal_tim.o(i.HAL_TIM_Base_Init)
    HAL_TIM_Base_MspInit                     0x080052fd   Thumb Code   192  stm32h7xx_hal_msp.o(i.HAL_TIM_Base_MspInit)
    HAL_TIM_Base_Start                       0x080053d5   Thumb Code    96  stm32h7xx_hal_tim.o(i.HAL_TIM_Base_Start)
    HAL_TIM_ConfigClockSource                0x08005455   Thumb Code   248  stm32h7xx_hal_tim.o(i.HAL_TIM_ConfigClockSource)
    HAL_TIM_Encoder_Init                     0x08005551   Thumb Code   182  stm32h7xx_hal_tim.o(i.HAL_TIM_Encoder_Init)
    HAL_TIM_Encoder_MspInit                  0x0800560d   Thumb Code   182  stm32h7xx_hal_msp.o(i.HAL_TIM_Encoder_MspInit)
    HAL_TIM_Encoder_Start                    0x080056d5   Thumb Code   142  stm32h7xx_hal_tim.o(i.HAL_TIM_Encoder_Start)
    HAL_TIM_IC_CaptureCallback               0x08005765   Thumb Code   162  hc_sr04.o(i.HAL_TIM_IC_CaptureCallback)
    HAL_TIM_IC_ConfigChannel                 0x08005819   Thumb Code   290  stm32h7xx_hal_tim.o(i.HAL_TIM_IC_ConfigChannel)
    HAL_TIM_IC_Init                          0x0800593b   Thumb Code    98  stm32h7xx_hal_tim.o(i.HAL_TIM_IC_Init)
    HAL_TIM_IC_MspInit                       0x0800599d   Thumb Code     2  stm32h7xx_hal_tim.o(i.HAL_TIM_IC_MspInit)
    HAL_TIM_IC_Start_IT                      0x080059a1   Thumb Code   292  stm32h7xx_hal_tim.o(i.HAL_TIM_IC_Start_IT)
    HAL_TIM_IRQHandler                       0x08005ae5   Thumb Code   328  stm32h7xx_hal_tim.o(i.HAL_TIM_IRQHandler)
    HAL_TIM_MspPostInit                      0x08005c2d   Thumb Code   114  stm32h7xx_hal_msp.o(i.HAL_TIM_MspPostInit)
    HAL_TIM_OC_DelayElapsedCallback          0x08005cb5   Thumb Code     2  stm32h7xx_hal_tim.o(i.HAL_TIM_OC_DelayElapsedCallback)
    HAL_TIM_PWM_ConfigChannel                0x08005cb7   Thumb Code   292  stm32h7xx_hal_tim.o(i.HAL_TIM_PWM_ConfigChannel)
    HAL_TIM_PWM_Init                         0x08005ddb   Thumb Code    98  stm32h7xx_hal_tim.o(i.HAL_TIM_PWM_Init)
    HAL_TIM_PWM_MspInit                      0x08005e3d   Thumb Code     2  stm32h7xx_hal_tim.o(i.HAL_TIM_PWM_MspInit)
    HAL_TIM_PWM_PulseFinishedCallback        0x08005e3f   Thumb Code     2  stm32h7xx_hal_tim.o(i.HAL_TIM_PWM_PulseFinishedCallback)
    HAL_TIM_PWM_Start                        0x08005e41   Thumb Code   232  stm32h7xx_hal_tim.o(i.HAL_TIM_PWM_Start)
    HAL_TIM_PWM_Stop                         0x08005f51   Thumb Code   154  stm32h7xx_hal_tim.o(i.HAL_TIM_PWM_Stop)
    HAL_TIM_PeriodElapsedCallback            0x08006001   Thumb Code    20  aml_motorcontrol.o(i.HAL_TIM_PeriodElapsedCallback)
    HAL_TIM_ReadCapturedValue                0x08006021   Thumb Code    44  stm32h7xx_hal_tim.o(i.HAL_TIM_ReadCapturedValue)
    HAL_TIM_TriggerCallback                  0x0800604d   Thumb Code     2  stm32h7xx_hal_tim.o(i.HAL_TIM_TriggerCallback)
    HAL_UARTEx_DisableFifoMode               0x0800604f   Thumb Code    64  stm32h7xx_hal_uart_ex.o(i.HAL_UARTEx_DisableFifoMode)
    HAL_UARTEx_RxEventCallback               0x0800608f   Thumb Code     2  stm32h7xx_hal_uart.o(i.HAL_UARTEx_RxEventCallback)
    HAL_UARTEx_RxFifoFullCallback            0x08006091   Thumb Code     2  stm32h7xx_hal_uart_ex.o(i.HAL_UARTEx_RxFifoFullCallback)
    HAL_UARTEx_SetRxFifoThreshold            0x08006093   Thumb Code    76  stm32h7xx_hal_uart_ex.o(i.HAL_UARTEx_SetRxFifoThreshold)
    HAL_UARTEx_SetTxFifoThreshold            0x080060df   Thumb Code    76  stm32h7xx_hal_uart_ex.o(i.HAL_UARTEx_SetTxFifoThreshold)
    HAL_UARTEx_TxFifoEmptyCallback           0x0800612b   Thumb Code     2  stm32h7xx_hal_uart_ex.o(i.HAL_UARTEx_TxFifoEmptyCallback)
    HAL_UARTEx_WakeupCallback                0x0800612d   Thumb Code     2  stm32h7xx_hal_uart_ex.o(i.HAL_UARTEx_WakeupCallback)
    HAL_UART_DMAStop                         0x0800612f   Thumb Code   146  stm32h7xx_hal_uart.o(i.HAL_UART_DMAStop)
    HAL_UART_ErrorCallback                   0x080061c1   Thumb Code     2  stm32h7xx_hal_uart.o(i.HAL_UART_ErrorCallback)
    HAL_UART_IRQHandler                      0x080061c5   Thumb Code   878  stm32h7xx_hal_uart.o(i.HAL_UART_IRQHandler)
    HAL_UART_Init                            0x0800654d   Thumb Code   106  stm32h7xx_hal_uart.o(i.HAL_UART_Init)
    HAL_UART_MspInit                         0x080065b9   Thumb Code   182  stm32h7xx_hal_msp.o(i.HAL_UART_MspInit)
    HAL_UART_Receive                         0x08006685   Thumb Code   232  stm32h7xx_hal_uart.o(i.HAL_UART_Receive)
    HAL_UART_Receive_DMA                     0x0800676d   Thumb Code    66  stm32h7xx_hal_uart.o(i.HAL_UART_Receive_DMA)
    HAL_UART_RxCpltCallback                  0x080067b5   Thumb Code   156  aml_mpusensor.o(i.HAL_UART_RxCpltCallback)
    HAL_UART_RxHalfCpltCallback              0x08006889   Thumb Code     2  stm32h7xx_hal_uart.o(i.HAL_UART_RxHalfCpltCallback)
    HAL_UART_Transmit                        0x0800688b   Thumb Code   176  stm32h7xx_hal_uart.o(i.HAL_UART_Transmit)
    HAL_UART_TxCpltCallback                  0x0800693b   Thumb Code     2  stm32h7xx_hal_uart.o(i.HAL_UART_TxCpltCallback)
    HCSR04_GetDis                            0x0800693d   Thumb Code    48  hc_sr04.o(i.HCSR04_GetDis)
    HCSR04_Init                              0x08006979   Thumb Code     8  hc_sr04.o(i.HCSR04_Init)
    HardFault_Handler                        0x08006985   Thumb Code     2  stm32h7xx_it.o(i.HardFault_Handler)
    MemManage_Handler                        0x080070b9   Thumb Code     2  stm32h7xx_it.o(i.MemManage_Handler)
    NMI_Handler                              0x080070bb   Thumb Code     2  stm32h7xx_it.o(i.NMI_Handler)
    PendSV_Handler                           0x080070bd   Thumb Code     2  stm32h7xx_it.o(i.PendSV_Handler)
    RingBuffer_Init                          0x08007301   Thumb Code    18  ringbuffer.o(i.RingBuffer_Init)
    RingBuffer_Put                           0x08007313   Thumb Code    78  ringbuffer.o(i.RingBuffer_Put)
    SVC_Handler                              0x08007361   Thumb Code     2  stm32h7xx_it.o(i.SVC_Handler)
    SysTick_Handler                          0x08007363   Thumb Code     4  stm32h7xx_it.o(i.SysTick_Handler)
    SystemClock_Config                       0x08007369   Thumb Code   208  main.o(i.SystemClock_Config)
    SystemInit                               0x08007445   Thumb Code   180  system_stm32h7xx.o(i.SystemInit)
    TIM7_IRQHandler                          0x08007521   Thumb Code     6  stm32h7xx_it.o(i.TIM7_IRQHandler)
    TIM8_CC_IRQHandler                       0x0800752d   Thumb Code     6  stm32h7xx_it.o(i.TIM8_CC_IRQHandler)
    TIM_Base_SetConfig                       0x08007539   Thumb Code   176  stm32h7xx_hal_tim.o(i.TIM_Base_SetConfig)
    TIM_CCxChannelCmd                        0x08007609   Thumb Code    26  stm32h7xx_hal_tim.o(i.TIM_CCxChannelCmd)
    TIM_ETR_SetConfig                        0x08007623   Thumb Code    18  stm32h7xx_hal_tim.o(i.TIM_ETR_SetConfig)
    TIM_OC2_SetConfig                        0x080076ed   Thumb Code   126  stm32h7xx_hal_tim.o(i.TIM_OC2_SetConfig)
    TIM_TI1_SetConfig                        0x080079a1   Thumb Code   100  stm32h7xx_hal_tim.o(i.TIM_TI1_SetConfig)
    UART_AdvFeatureConfig                    0x08007ac1   Thumb Code   200  stm32h7xx_hal_uart.o(i.UART_AdvFeatureConfig)
    UART_CheckIdleState                      0x08007b89   Thumb Code   170  stm32h7xx_hal_uart.o(i.UART_CheckIdleState)
    UART_SetConfig                           0x08007dbd   Thumb Code   876  stm32h7xx_hal_uart.o(i.UART_SetConfig)
    UART_Start_Receive_DMA                   0x08008169   Thumb Code   156  stm32h7xx_hal_uart.o(i.UART_Start_Receive_DMA)
    UART_WaitOnFlagUntilTimeout              0x08008211   Thumb Code   148  stm32h7xx_hal_uart.o(i.UART_WaitOnFlagUntilTimeout)
    USART3_IRQHandler                        0x080082a5   Thumb Code     6  stm32h7xx_it.o(i.USART3_IRQHandler)
    UsageFault_Handler                       0x080082b1   Thumb Code     2  stm32h7xx_it.o(i.UsageFault_Handler)
    delay                                    0x080082d5   Thumb Code    18  hc_sr04.o(i.delay)
    handle                                   0x080082ed   Thumb Code    46  aml_mpusensor.o(i.handle)
    main                                     0x08008329   Thumb Code   328  main.o(i.main)
    _fp_init                                 0x08008485   Thumb Code    10  fpinit.o(x$fpl$fpinit)
    __fplib_config_fpu_vfp                   0x0800848d   Thumb Code     0  fpinit.o(x$fpl$fpinit)
    __fplib_config_pureend_doubles           0x0800848d   Thumb Code     0  fpinit.o(x$fpl$fpinit)
    UARTPrescTable                           0x08008496   Data          24  stm32h7xx_hal_uart.o(.constdata)
    D1CorePrescTable                         0x080084be   Data          16  system_stm32h7xx.o(.constdata)
    Region$$Table$$Base                      0x080084d0   Number         0  anon$$obj.o(Region$$Table)
    Region$$Table$$Limit                     0x080084f0   Number         0  anon$$obj.o(Region$$Table)
    ClockAfterPrescal                        0x24000000   Data           2  aml_buzzer .o(.data)
    buffer                                   0x24000008   Data           1  aml_mpusensor.o(.data)
    ResetCommand                             0x24000009   Data           3  aml_mpusensor.o(.data)
    PreviousAngle                            0x24000010   Data           8  aml_mpusensor.o(.data)
    SaveAngle                                0x24000018   Data           8  aml_mpusensor.o(.data)
    Angle                                    0x24000020   Data           8  aml_mpusensor.o(.data)
    ButtonState                              0x24000028   Data           2  aml_switch.o(.data)
    BitSwitchPort                            0x2400002c   Data           4  aml_switch.o(.data)
    ButtonPort                               0x24000030   Data           4  aml_switch.o(.data)
    ButtonPinArray                           0x24000034   Data           4  aml_switch.o(.data)
    BitSwitchState                           0x24000038   Data           5  aml_switch.o(.data)
    BitSwitchPinArray                        0x2400003e   Data          10  aml_switch.o(.data)
    Led                                      0x24000048   Data          10  aml_leddebug.o(.data)
    ADCIndex                                 0x24000052   Data           1  sensor.o(.data)
    IRSensorADCValue                         0x24000054   Data           8  sensor.o(.data)
    MotorDirectionAPort                      0x24000060   Data           4  aml_motorcontrol.o(.data)
    MotorDirectionBPort                      0x24000064   Data           4  aml_motorcontrol.o(.data)
    TempSetPoint                             0x24000068   Data           8  aml_motorcontrol.o(.data)
    PID_LeftMotor                            0x24000070   Data         128  aml_motorcontrol.o(.data)
    PID_RightMotor                           0x240000f0   Data         128  aml_motorcontrol.o(.data)
    PID_TurnLeft                             0x24000170   Data         128  aml_motorcontrol.o(.data)
    PID_TurnRight                            0x240001f0   Data         128  aml_motorcontrol.o(.data)
    PID_MPUFollow                            0x24000270   Data         128  aml_motorcontrol.o(.data)
    PID_LeftWallFollow                       0x240002f0   Data         128  aml_motorcontrol.o(.data)
    PID_RightWallFollow                      0x24000370   Data         128  aml_motorcontrol.o(.data)
    EncoderGetRightValue                     0x240003f0   Data           4  main.o(.data)
    EncoderGetLeftValue                      0x240003f4   Data           4  main.o(.data)
    CurrentAngle                             0x240003f8   Data           8  main.o(.data)
    Is_First_Captured                        0x24000400   Data           1  hc_sr04.o(.data)
    Distance                                 0x24000401   Data           1  hc_sr04.o(.data)
    IC_Val1                                  0x24000404   Data           4  hc_sr04.o(.data)
    IC_Val2                                  0x24000408   Data           4  hc_sr04.o(.data)
    Difference                               0x2400040c   Data           4  hc_sr04.o(.data)
    uwTickFreq                               0x24000410   Data           1  stm32h7xx_hal.o(.data)
    uwTickPrio                               0x24000414   Data           4  stm32h7xx_hal.o(.data)
    uwTick                                   0x24000418   Data           4  stm32h7xx_hal.o(.data)
    SystemCoreClock                          0x2400041c   Data           4  system_stm32h7xx.o(.data)
    SystemD2Clock                            0x24000420   Data           4  system_stm32h7xx.o(.data)
    MPUData                                  0x24000424   Data          36  aml_mpusensor.o(.bss)
    IRSensorDistanceValue                    0x24000448   Data          40  sensor.o(.bss)
    adcBuffer                                0x24000470   Data        2012  sensor.o(.bss)
    hadc1                                    0x24000c4c   Data         100  main.o(.bss)
    hi2c2                                    0x24000cb0   Data          84  main.o(.bss)
    hramecc1_m1                              0x24000d04   Data          16  main.o(.bss)
    hramecc1_m2                              0x24000d14   Data          16  main.o(.bss)
    hramecc1_m3                              0x24000d24   Data          16  main.o(.bss)
    hramecc1_m4                              0x24000d34   Data          16  main.o(.bss)
    hramecc1_m5                              0x24000d44   Data          16  main.o(.bss)
    hramecc2_m1                              0x24000d54   Data          16  main.o(.bss)
    hramecc2_m2                              0x24000d64   Data          16  main.o(.bss)
    hramecc2_m3                              0x24000d74   Data          16  main.o(.bss)
    hramecc2_m4                              0x24000d84   Data          16  main.o(.bss)
    hramecc2_m5                              0x24000d94   Data          16  main.o(.bss)
    hramecc3_m1                              0x24000da4   Data          16  main.o(.bss)
    hramecc3_m2                              0x24000db4   Data          16  main.o(.bss)
    htim1                                    0x24000dc4   Data          76  main.o(.bss)
    htim2                                    0x24000e10   Data          76  main.o(.bss)
    htim4                                    0x24000e5c   Data          76  main.o(.bss)
    htim5                                    0x24000ea8   Data          76  main.o(.bss)
    htim7                                    0x24000ef4   Data          76  main.o(.bss)
    htim8                                    0x24000f40   Data          76  main.o(.bss)
    huart3                                   0x24000f8c   Data         148  main.o(.bss)
    debug                                    0x24001020   Data         400  main.o(.bss)
    hdma_usart3_rx                           0x240011b0   Data         120  main.o(.bss)
    __libspace_start                         0x24001228   Data          96  libspace.o(.bss)
    __temporary_stack_top$libspace           0x24001288   Data           0  libspace.o(.bss)



==============================================================================

Memory Map of the image

  Image Entry point : 0x08000299

  Load Region LR_IROM1 (Base: 0x08000000, Size: 0x00008914, Max: 0x00200000, ABSOLUTE, COMPRESSED[0x00008574])

    Execution Region ER_IROM1 (Exec base: 0x08000000, Load base: 0x08000000, Size: 0x000084f0, Max: 0x00200000, ABSOLUTE)

    Exec Addr    Load Addr    Size         Type   Attr      Idx    E Section Name        Object

    0x08000000   0x08000000   0x00000298   Data   RO            3    RESET               startup_stm32h743xx.o
    0x08000298   0x08000298   0x00000008   Code   RO         5985  * !!!main             c_w.l(__main.o)
    0x080002a0   0x080002a0   0x00000034   Code   RO         6281    !!!scatter          c_w.l(__scatter.o)
    0x080002d4   0x080002d4   0x0000005a   Code   RO         6279    !!dczerorl2         c_w.l(__dczerorl2.o)
    0x0800032e   0x0800032e   0x00000002   PAD
    0x08000330   0x08000330   0x0000001c   Code   RO         6283    !!handler_zi        c_w.l(__scatter_zi.o)
    0x0800034c   0x0800034c   0x00000002   Code   RO         6217    .ARM.Collect$$libinit$$00000000  c_w.l(libinit.o)
    0x0800034e   0x0800034e   0x00000004   Code   RO         6037    .ARM.Collect$$libinit$$00000001  c_w.l(libinit2.o)
    0x08000352   0x08000352   0x00000000   Code   RO         6040    .ARM.Collect$$libinit$$00000004  c_w.l(libinit2.o)
    0x08000352   0x08000352   0x00000000   Code   RO         6043    .ARM.Collect$$libinit$$0000000A  c_w.l(libinit2.o)
    0x08000352   0x08000352   0x00000000   Code   RO         6045    .ARM.Collect$$libinit$$0000000C  c_w.l(libinit2.o)
    0x08000352   0x08000352   0x00000000   Code   RO         6047    .ARM.Collect$$libinit$$0000000E  c_w.l(libinit2.o)
    0x08000352   0x08000352   0x00000000   Code   RO         6050    .ARM.Collect$$libinit$$00000011  c_w.l(libinit2.o)
    0x08000352   0x08000352   0x00000000   Code   RO         6052    .ARM.Collect$$libinit$$00000013  c_w.l(libinit2.o)
    0x08000352   0x08000352   0x00000000   Code   RO         6054    .ARM.Collect$$libinit$$00000015  c_w.l(libinit2.o)
    0x08000352   0x08000352   0x00000000   Code   RO         6056    .ARM.Collect$$libinit$$00000017  c_w.l(libinit2.o)
    0x08000352   0x08000352   0x00000000   Code   RO         6058    .ARM.Collect$$libinit$$00000019  c_w.l(libinit2.o)
    0x08000352   0x08000352   0x00000000   Code   RO         6060    .ARM.Collect$$libinit$$0000001B  c_w.l(libinit2.o)
    0x08000352   0x08000352   0x00000000   Code   RO         6062    .ARM.Collect$$libinit$$0000001D  c_w.l(libinit2.o)
    0x08000352   0x08000352   0x00000000   Code   RO         6064    .ARM.Collect$$libinit$$0000001F  c_w.l(libinit2.o)
    0x08000352   0x08000352   0x00000000   Code   RO         6066    .ARM.Collect$$libinit$$00000021  c_w.l(libinit2.o)
    0x08000352   0x08000352   0x00000000   Code   RO         6068    .ARM.Collect$$libinit$$00000023  c_w.l(libinit2.o)
    0x08000352   0x08000352   0x00000000   Code   RO         6070    .ARM.Collect$$libinit$$00000025  c_w.l(libinit2.o)
    0x08000352   0x08000352   0x00000000   Code   RO         6074    .ARM.Collect$$libinit$$0000002C  c_w.l(libinit2.o)
    0x08000352   0x08000352   0x00000000   Code   RO         6076    .ARM.Collect$$libinit$$0000002E  c_w.l(libinit2.o)
    0x08000352   0x08000352   0x00000000   Code   RO         6078    .ARM.Collect$$libinit$$00000030  c_w.l(libinit2.o)
    0x08000352   0x08000352   0x00000000   Code   RO         6080    .ARM.Collect$$libinit$$00000032  c_w.l(libinit2.o)
    0x08000352   0x08000352   0x00000002   Code   RO         6081    .ARM.Collect$$libinit$$00000033  c_w.l(libinit2.o)
    0x08000354   0x08000354   0x00000002   Code   RO         6276    .ARM.Collect$$libshutdown$$00000000  c_w.l(libshutdown.o)
    0x08000356   0x08000356   0x00000000   Code   RO         6163    .ARM.Collect$$libshutdown$$00000002  c_w.l(libshutdown2.o)
    0x08000356   0x08000356   0x00000000   Code   RO         6165    .ARM.Collect$$libshutdown$$00000004  c_w.l(libshutdown2.o)
    0x08000356   0x08000356   0x00000000   Code   RO         6168    .ARM.Collect$$libshutdown$$00000007  c_w.l(libshutdown2.o)
    0x08000356   0x08000356   0x00000000   Code   RO         6171    .ARM.Collect$$libshutdown$$0000000A  c_w.l(libshutdown2.o)
    0x08000356   0x08000356   0x00000000   Code   RO         6173    .ARM.Collect$$libshutdown$$0000000C  c_w.l(libshutdown2.o)
    0x08000356   0x08000356   0x00000000   Code   RO         6176    .ARM.Collect$$libshutdown$$0000000F  c_w.l(libshutdown2.o)
    0x08000356   0x08000356   0x00000002   Code   RO         6177    .ARM.Collect$$libshutdown$$00000010  c_w.l(libshutdown2.o)
    0x08000358   0x08000358   0x00000000   Code   RO         5991    .ARM.Collect$$rtentry$$00000000  c_w.l(__rtentry.o)
    0x08000358   0x08000358   0x00000000   Code   RO         6096    .ARM.Collect$$rtentry$$00000002  c_w.l(__rtentry2.o)
    0x08000358   0x08000358   0x00000006   Code   RO         6108    .ARM.Collect$$rtentry$$00000004  c_w.l(__rtentry4.o)
    0x0800035e   0x0800035e   0x00000000   Code   RO         6098    .ARM.Collect$$rtentry$$00000009  c_w.l(__rtentry2.o)
    0x0800035e   0x0800035e   0x00000004   Code   RO         6099    .ARM.Collect$$rtentry$$0000000A  c_w.l(__rtentry2.o)
    0x08000362   0x08000362   0x00000000   Code   RO         6101    .ARM.Collect$$rtentry$$0000000C  c_w.l(__rtentry2.o)
    0x08000362   0x08000362   0x00000008   Code   RO         6102    .ARM.Collect$$rtentry$$0000000D  c_w.l(__rtentry2.o)
    0x0800036a   0x0800036a   0x00000002   Code   RO         6222    .ARM.Collect$$rtexit$$00000000  c_w.l(rtexit.o)
    0x0800036c   0x0800036c   0x00000000   Code   RO         6243    .ARM.Collect$$rtexit$$00000002  c_w.l(rtexit2.o)
    0x0800036c   0x0800036c   0x00000004   Code   RO         6244    .ARM.Collect$$rtexit$$00000003  c_w.l(rtexit2.o)
    0x08000370   0x08000370   0x00000006   Code   RO         6245    .ARM.Collect$$rtexit$$00000004  c_w.l(rtexit2.o)
    0x08000376   0x08000376   0x00000002   PAD
    0x08000378   0x08000378   0x00000040   Code   RO            4    .text               startup_stm32h743xx.o
    0x080003b8   0x080003b8   0x000000ee   Code   RO         5967    .text               c_w.l(lludivv7m.o)
    0x080004a6   0x080004a6   0x0000004e   Code   RO         5981    .text               c_w.l(rt_memclr_w.o)
    0x080004f4   0x080004f4   0x00000006   Code   RO         5983    .text               c_w.l(heapauxi.o)
    0x080004fa   0x080004fa   0x00000002   PAD
    0x080004fc   0x080004fc   0x0000000c   Code   RO         5987    .text               c_w.l(sys_exit.o)
    0x08000508   0x08000508   0x00000008   Code   RO         6089    .text               c_w.l(libspace.o)
    0x08000510   0x08000510   0x00000002   Code   RO         6092    .text               c_w.l(use_no_semi.o)
    0x08000512   0x08000512   0x00000000   Code   RO         6094    .text               c_w.l(indicate_semi.o)
    0x08000512   0x08000512   0x0000004a   Code   RO         6180    .text               c_w.l(sys_stackheap_outer.o)
    0x0800055c   0x0800055c   0x00000012   Code   RO         6192    .text               c_w.l(exit.o)
    0x0800056e   0x0800056e   0x00000002   PAD
    0x08000570   0x08000570   0x00000108   Code   RO         1339    i.ADC_ConfigureBoostMode  stm32h7xx_hal_adc.o
    0x08000678   0x08000678   0x000000a8   Code   RO         1345    i.ADC_Enable        stm32h7xx_hal_adc.o
    0x08000720   0x08000720   0x0000000c   Code   RO          783    i.ADC_IRQHandler    stm32h7xx_it.o
    0x0800072c   0x0800072c   0x00000010   Code   RO           13    i.AML_Buzzer_Beep   aml_buzzer .o
    0x0800073c   0x0800073c   0x00000074   Code   RO           14    i.AML_Buzzer_PlayNote  aml_buzzer .o
    0x080007b0   0x080007b0   0x0000000c   Code   RO           17    i.AML_Buzzer_TurnOff  aml_buzzer .o
    0x080007bc   0x080007bc   0x0000000c   Code   RO           18    i.AML_Buzzer_TurnOn  aml_buzzer .o
    0x080007c8   0x080007c8   0x0000000c   Code   RO          200    i.AML_Encoder_GetLeftValue  aml_encoder.o
    0x080007d4   0x080007d4   0x0000000c   Code   RO          201    i.AML_Encoder_GetRightValue  aml_encoder.o
    0x080007e0   0x080007e0   0x00000020   Code   RO          204    i.AML_Encoder_Setup  aml_encoder.o
    0x08000800   0x08000800   0x0000002c   Code   RO          461    i.AML_IRSensor_Setup  sensor.o
    0x0800082c   0x0800082c   0x0000003c   Code   RO          390    i.AML_LedDebug_SetAllLED  aml_leddebug.o
    0x08000868   0x08000868   0x00000040   Code   RO          392    i.AML_LedDebug_ToggleAllLED  aml_leddebug.o
    0x080008a8   0x080008a8   0x00000014   Code   RO          255    i.AML_MPUSensor_GetAngle  aml_mpusensor.o
    0x080008bc   0x080008bc   0x0000007c   Code   RO          256    i.AML_MPUSensor_ResetAngle  aml_mpusensor.o
    0x08000938   0x08000938   0x0000001c   Code   RO          257    i.AML_MPUSensor_Setup  aml_mpusensor.o
    0x08000954   0x08000954   0x00000040   Code   RO          532    i.AML_MotorControl_GoStraghtWithMPU  aml_motorcontrol.o
    0x08000994   0x08000994   0x00000090   Code   RO          534    i.AML_MotorControl_LeftPWM  aml_motorcontrol.o
    0x08000a24   0x08000a24   0x00000012   Code   RO          536    i.AML_MotorControl_Move  aml_motorcontrol.o
    0x08000a36   0x08000a36   0x00000002   PAD
    0x08000a38   0x08000a38   0x00000090   Code   RO          539    i.AML_MotorControl_RightPWM  aml_motorcontrol.o
    0x08000ac8   0x08000ac8   0x00000020   Code   RO          541    i.AML_MotorControl_Setup  aml_motorcontrol.o
    0x08000ae8   0x08000ae8   0x00000008   Code   RO          542    i.AML_MotorControl_Stop  aml_motorcontrol.o
    0x08000af0   0x08000af0   0x00000112   Code   RO         1192    i.AML_PID_Compute   aml_pid.o
    0x08000c02   0x08000c02   0x00000002   PAD
    0x08000c04   0x08000c04   0x00000020   Code   RO          321    i.AML_Read_Button   aml_switch.o
    0x08000c24   0x08000c24   0x00000002   Code   RO          784    i.BusFault_Handler  stm32h7xx_it.o
    0x08000c26   0x08000c26   0x00000002   PAD
    0x08000c28   0x08000c28   0x0000000c   Code   RO          785    i.DMA1_Stream0_IRQHandler  stm32h7xx_it.o
    0x08000c34   0x08000c34   0x000000b4   Code   RO         2432    i.DMA_CalcBaseAndBitshift  stm32h7xx_hal_dma.o
    0x08000ce8   0x08000ce8   0x0000009c   Code   RO         2433    i.DMA_CalcDMAMUXChannelBaseAndMask  stm32h7xx_hal_dma.o
    0x08000d84   0x08000d84   0x00000074   Code   RO         2434    i.DMA_CalcDMAMUXRequestGenBaseAndMask  stm32h7xx_hal_dma.o
    0x08000df8   0x08000df8   0x00000054   Code   RO         2435    i.DMA_CheckFifoParam  stm32h7xx_hal_dma.o
    0x08000e4c   0x08000e4c   0x00000220   Code   RO         2436    i.DMA_SetConfig     stm32h7xx_hal_dma.o
    0x0800106c   0x0800106c   0x00000002   Code   RO          786    i.DebugMon_Handler  stm32h7xx_it.o
    0x0800106e   0x0800106e   0x00000004   Code   RO          664    i.Error_Handler     main.o
    0x08001072   0x08001072   0x00000002   Code   RO         1565    i.HAL_ADCEx_EndOfSamplingCallback  stm32h7xx_hal_adc_ex.o
    0x08001074   0x08001074   0x00000002   Code   RO         1568    i.HAL_ADCEx_InjectedConvCpltCallback  stm32h7xx_hal_adc_ex.o
    0x08001076   0x08001076   0x00000002   Code   RO         1571    i.HAL_ADCEx_InjectedQueueOverflowCallback  stm32h7xx_hal_adc_ex.o
    0x08001078   0x08001078   0x00000002   Code   RO         1576    i.HAL_ADCEx_LevelOutOfWindow2Callback  stm32h7xx_hal_adc_ex.o
    0x0800107a   0x0800107a   0x00000002   Code   RO         1577    i.HAL_ADCEx_LevelOutOfWindow3Callback  stm32h7xx_hal_adc_ex.o
    0x0800107c   0x0800107c   0x00000128   Code   RO         1581    i.HAL_ADCEx_MultiModeConfigChannel  stm32h7xx_hal_adc_ex.o
    0x080011a4   0x080011a4   0x000003d8   Code   RO         1347    i.HAL_ADC_ConfigChannel  stm32h7xx_hal_adc.o
    0x0800157c   0x0800157c   0x00000038   Code   RO          462    i.HAL_ADC_ConvCpltCallback  sensor.o
    0x080015b4   0x080015b4   0x00000002   Code   RO         1351    i.HAL_ADC_ErrorCallback  stm32h7xx_hal_adc.o
    0x080015b6   0x080015b6   0x00000006   Code   RO         1354    i.HAL_ADC_GetValue  stm32h7xx_hal_adc.o
    0x080015bc   0x080015bc   0x00000290   Code   RO         1355    i.HAL_ADC_IRQHandler  stm32h7xx_hal_adc.o
    0x0800184c   0x0800184c   0x00000228   Code   RO         1356    i.HAL_ADC_Init      stm32h7xx_hal_adc.o
    0x08001a74   0x08001a74   0x00000002   Code   RO         1357    i.HAL_ADC_LevelOutOfWindowCallback  stm32h7xx_hal_adc.o
    0x08001a76   0x08001a76   0x00000002   PAD
    0x08001a78   0x08001a78   0x000000ec   Code   RO          890    i.HAL_ADC_MspInit   stm32h7xx_hal_msp.o
    0x08001b64   0x08001b64   0x00000188   Code   RO         1364    i.HAL_ADC_Start_IT  stm32h7xx_hal_adc.o
    0x08001cec   0x08001cec   0x00000360   Code   RO         2437    i.HAL_DMA_Abort     stm32h7xx_hal_dma.o
    0x0800204c   0x0800204c   0x00000284   Code   RO         2438    i.HAL_DMA_Abort_IT  stm32h7xx_hal_dma.o
    0x080022d0   0x080022d0   0x00000004   Code   RO         2440    i.HAL_DMA_GetError  stm32h7xx_hal_dma.o
    0x080022d4   0x080022d4   0x000006e8   Code   RO         2442    i.HAL_DMA_IRQHandler  stm32h7xx_hal_dma.o
    0x080029bc   0x080029bc   0x000003c4   Code   RO         2443    i.HAL_DMA_Init      stm32h7xx_hal_dma.o
    0x08002d80   0x08002d80   0x0000029c   Code   RO         2447    i.HAL_DMA_Start_IT  stm32h7xx_hal_dma.o
    0x0800301c   0x0800301c   0x00000024   Code   RO         3299    i.HAL_Delay         stm32h7xx_hal.o
    0x08003040   0x08003040   0x0000022c   Code   RO         2285    i.HAL_GPIO_Init     stm32h7xx_hal_gpio.o
    0x0800326c   0x0800326c   0x0000000a   Code   RO         2287    i.HAL_GPIO_ReadPin  stm32h7xx_hal_gpio.o
    0x08003276   0x08003276   0x00000010   Code   RO         2288    i.HAL_GPIO_TogglePin  stm32h7xx_hal_gpio.o
    0x08003286   0x08003286   0x0000000a   Code   RO         2289    i.HAL_GPIO_WritePin  stm32h7xx_hal_gpio.o
    0x08003290   0x08003290   0x0000000c   Code   RO         3310    i.HAL_GetREVID      stm32h7xx_hal.o
    0x0800329c   0x0800329c   0x0000000c   Code   RO         3311    i.HAL_GetTick       stm32h7xx_hal.o
    0x080032a8   0x080032a8   0x00000058   Code   RO         4076    i.HAL_I2CEx_ConfigAnalogFilter  stm32h7xx_hal_i2c_ex.o
    0x08003300   0x08003300   0x00000054   Code   RO         4077    i.HAL_I2CEx_ConfigDigitalFilter  stm32h7xx_hal_i2c_ex.o
    0x08003354   0x08003354   0x000000c0   Code   RO         3615    i.HAL_I2C_Init      stm32h7xx_hal_i2c.o
    0x08003414   0x08003414   0x00000088   Code   RO          892    i.HAL_I2C_MspInit   stm32h7xx_hal_msp.o
    0x0800349c   0x0800349c   0x00000010   Code   RO         3317    i.HAL_IncTick       stm32h7xx_hal.o
    0x080034ac   0x080034ac   0x0000005c   Code   RO         3318    i.HAL_Init          stm32h7xx_hal.o
    0x08003508   0x08003508   0x00000040   Code   RO         3319    i.HAL_InitTick      stm32h7xx_hal.o
    0x08003548   0x08003548   0x0000005c   Code   RO         3140    i.HAL_MPU_ConfigRegion  stm32h7xx_hal_cortex.o
    0x080035a4   0x080035a4   0x0000001c   Code   RO         3141    i.HAL_MPU_Disable   stm32h7xx_hal_cortex.o
    0x080035c0   0x080035c0   0x00000024   Code   RO         3143    i.HAL_MPU_Enable    stm32h7xx_hal_cortex.o
    0x080035e4   0x080035e4   0x0000001c   Code   RO          893    i.HAL_MspInit       stm32h7xx_hal_msp.o
    0x08003600   0x08003600   0x0000001a   Code   RO         3147    i.HAL_NVIC_EnableIRQ  stm32h7xx_hal_cortex.o
    0x0800361a   0x0800361a   0x00000002   PAD
    0x0800361c   0x0800361c   0x00000040   Code   RO         3153    i.HAL_NVIC_SetPriority  stm32h7xx_hal_cortex.o
    0x0800365c   0x0800365c   0x00000024   Code   RO         3154    i.HAL_NVIC_SetPriorityGrouping  stm32h7xx_hal_cortex.o
    0x08003680   0x08003680   0x00000054   Code   RO         2886    i.HAL_PWREx_ConfigSupply  stm32h7xx_hal_pwr_ex.o
    0x080036d4   0x080036d4   0x00000046   Code   RO         4214    i.HAL_RAMECC_Init   stm32h7xx_hal_ramecc.o
    0x0800371a   0x0800371a   0x00000002   PAD
    0x0800371c   0x0800371c   0x00000024   Code   RO         1906    i.HAL_RCCEx_GetD3PCLK1Freq  stm32h7xx_hal_rcc_ex.o
    0x08003740   0x08003740   0x00000148   Code   RO         1907    i.HAL_RCCEx_GetPLL1ClockFreq  stm32h7xx_hal_rcc_ex.o
    0x08003888   0x08003888   0x00000144   Code   RO         1908    i.HAL_RCCEx_GetPLL2ClockFreq  stm32h7xx_hal_rcc_ex.o
    0x080039cc   0x080039cc   0x00000144   Code   RO         1909    i.HAL_RCCEx_GetPLL3ClockFreq  stm32h7xx_hal_rcc_ex.o
    0x08003b10   0x08003b10   0x000002c8   Code   RO         1911    i.HAL_RCCEx_GetPeriphCLKFreq  stm32h7xx_hal_rcc_ex.o
    0x08003dd8   0x08003dd8   0x000009ac   Code   RO         1915    i.HAL_RCCEx_PeriphCLKConfig  stm32h7xx_hal_rcc_ex.o
    0x08004784   0x08004784   0x0000025c   Code   RO         1791    i.HAL_RCC_ClockConfig  stm32h7xx_hal_rcc.o
    0x080049e0   0x080049e0   0x00000044   Code   RO         1796    i.HAL_RCC_GetHCLKFreq  stm32h7xx_hal_rcc.o
    0x08004a24   0x08004a24   0x00000024   Code   RO         1798    i.HAL_RCC_GetPCLK1Freq  stm32h7xx_hal_rcc.o
    0x08004a48   0x08004a48   0x00000024   Code   RO         1799    i.HAL_RCC_GetPCLK2Freq  stm32h7xx_hal_rcc.o
    0x08004a6c   0x08004a6c   0x00000138   Code   RO         1800    i.HAL_RCC_GetSysClockFreq  stm32h7xx_hal_rcc.o
    0x08004ba4   0x08004ba4   0x00000582   Code   RO         1803    i.HAL_RCC_OscConfig  stm32h7xx_hal_rcc.o
    0x08005126   0x08005126   0x00000026   Code   RO         3158    i.HAL_SYSTICK_Config  stm32h7xx_hal_cortex.o
    0x0800514c   0x0800514c   0x00000002   Code   RO         5038    i.HAL_TIMEx_Break2Callback  stm32h7xx_hal_tim_ex.o
    0x0800514e   0x0800514e   0x00000002   Code   RO         5039    i.HAL_TIMEx_BreakCallback  stm32h7xx_hal_tim_ex.o
    0x08005150   0x08005150   0x00000002   Code   RO         5040    i.HAL_TIMEx_CommutCallback  stm32h7xx_hal_tim_ex.o
    0x08005152   0x08005152   0x00000002   PAD
    0x08005154   0x08005154   0x000000a0   Code   RO         5042    i.HAL_TIMEx_ConfigBreakDeadTime  stm32h7xx_hal_tim_ex.o
    0x080051f4   0x080051f4   0x000000a4   Code   RO         5060    i.HAL_TIMEx_MasterConfigSynchronization  stm32h7xx_hal_tim_ex.o
    0x08005298   0x08005298   0x00000062   Code   RO         4324    i.HAL_TIM_Base_Init  stm32h7xx_hal_tim.o
    0x080052fa   0x080052fa   0x00000002   PAD
    0x080052fc   0x080052fc   0x000000d8   Code   RO          895    i.HAL_TIM_Base_MspInit  stm32h7xx_hal_msp.o
    0x080053d4   0x080053d4   0x00000080   Code   RO         4327    i.HAL_TIM_Base_Start  stm32h7xx_hal_tim.o
    0x08005454   0x08005454   0x000000fc   Code   RO         4333    i.HAL_TIM_ConfigClockSource  stm32h7xx_hal_tim.o
    0x08005550   0x08005550   0x000000bc   Code   RO         4345    i.HAL_TIM_Encoder_Init  stm32h7xx_hal_tim.o
    0x0800560c   0x0800560c   0x000000c8   Code   RO          897    i.HAL_TIM_Encoder_MspInit  stm32h7xx_hal_msp.o
    0x080056d4   0x080056d4   0x0000008e   Code   RO         4348    i.HAL_TIM_Encoder_Start  stm32h7xx_hal_tim.o
    0x08005762   0x08005762   0x00000002   PAD
    0x08005764   0x08005764   0x000000b4   Code   RO         1234    i.HAL_TIM_IC_CaptureCallback  hc_sr04.o
    0x08005818   0x08005818   0x00000122   Code   RO         4360    i.HAL_TIM_IC_ConfigChannel  stm32h7xx_hal_tim.o
    0x0800593a   0x0800593a   0x00000062   Code   RO         4363    i.HAL_TIM_IC_Init   stm32h7xx_hal_tim.o
    0x0800599c   0x0800599c   0x00000002   Code   RO         4365    i.HAL_TIM_IC_MspInit  stm32h7xx_hal_tim.o
    0x0800599e   0x0800599e   0x00000002   PAD
    0x080059a0   0x080059a0   0x00000144   Code   RO         4368    i.HAL_TIM_IC_Start_IT  stm32h7xx_hal_tim.o
    0x08005ae4   0x08005ae4   0x00000148   Code   RO         4372    i.HAL_TIM_IRQHandler  stm32h7xx_hal_tim.o
    0x08005c2c   0x08005c2c   0x00000088   Code   RO          898    i.HAL_TIM_MspPostInit  stm32h7xx_hal_msp.o
    0x08005cb4   0x08005cb4   0x00000002   Code   RO         4375    i.HAL_TIM_OC_DelayElapsedCallback  stm32h7xx_hal_tim.o
    0x08005cb6   0x08005cb6   0x00000124   Code   RO         4396    i.HAL_TIM_PWM_ConfigChannel  stm32h7xx_hal_tim.o
    0x08005dda   0x08005dda   0x00000062   Code   RO         4399    i.HAL_TIM_PWM_Init  stm32h7xx_hal_tim.o
    0x08005e3c   0x08005e3c   0x00000002   Code   RO         4401    i.HAL_TIM_PWM_MspInit  stm32h7xx_hal_tim.o
    0x08005e3e   0x08005e3e   0x00000002   Code   RO         4402    i.HAL_TIM_PWM_PulseFinishedCallback  stm32h7xx_hal_tim.o
    0x08005e40   0x08005e40   0x00000110   Code   RO         4404    i.HAL_TIM_PWM_Start  stm32h7xx_hal_tim.o
    0x08005f50   0x08005f50   0x000000b0   Code   RO         4407    i.HAL_TIM_PWM_Stop  stm32h7xx_hal_tim.o
    0x08006000   0x08006000   0x00000020   Code   RO          549    i.HAL_TIM_PeriodElapsedCallback  aml_motorcontrol.o
    0x08006020   0x08006020   0x0000002c   Code   RO         4412    i.HAL_TIM_ReadCapturedValue  stm32h7xx_hal_tim.o
    0x0800604c   0x0800604c   0x00000002   Code   RO         4415    i.HAL_TIM_TriggerCallback  stm32h7xx_hal_tim.o
    0x0800604e   0x0800604e   0x00000040   Code   RO         5749    i.HAL_UARTEx_DisableFifoMode  stm32h7xx_hal_uart_ex.o
    0x0800608e   0x0800608e   0x00000002   Code   RO         5338    i.HAL_UARTEx_RxEventCallback  stm32h7xx_hal_uart.o
    0x08006090   0x08006090   0x00000002   Code   RO         5757    i.HAL_UARTEx_RxFifoFullCallback  stm32h7xx_hal_uart_ex.o
    0x08006092   0x08006092   0x0000004c   Code   RO         5758    i.HAL_UARTEx_SetRxFifoThreshold  stm32h7xx_hal_uart_ex.o
    0x080060de   0x080060de   0x0000004c   Code   RO         5759    i.HAL_UARTEx_SetTxFifoThreshold  stm32h7xx_hal_uart_ex.o
    0x0800612a   0x0800612a   0x00000002   Code   RO         5761    i.HAL_UARTEx_TxFifoEmptyCallback  stm32h7xx_hal_uart_ex.o
    0x0800612c   0x0800612c   0x00000002   Code   RO         5762    i.HAL_UARTEx_WakeupCallback  stm32h7xx_hal_uart_ex.o
    0x0800612e   0x0800612e   0x00000092   Code   RO         5350    i.HAL_UART_DMAStop  stm32h7xx_hal_uart.o
    0x080061c0   0x080061c0   0x00000002   Code   RO         5354    i.HAL_UART_ErrorCallback  stm32h7xx_hal_uart.o
    0x080061c2   0x080061c2   0x00000002   PAD
    0x080061c4   0x080061c4   0x00000388   Code   RO         5357    i.HAL_UART_IRQHandler  stm32h7xx_hal_uart.o
    0x0800654c   0x0800654c   0x0000006a   Code   RO         5358    i.HAL_UART_Init     stm32h7xx_hal_uart.o
    0x080065b6   0x080065b6   0x00000002   PAD
    0x080065b8   0x080065b8   0x000000cc   Code   RO          900    i.HAL_UART_MspInit  stm32h7xx_hal_msp.o
    0x08006684   0x08006684   0x000000e8   Code   RO         5361    i.HAL_UART_Receive  stm32h7xx_hal_uart.o
    0x0800676c   0x0800676c   0x00000048   Code   RO         5362    i.HAL_UART_Receive_DMA  stm32h7xx_hal_uart.o
    0x080067b4   0x080067b4   0x000000d4   Code   RO          258    i.HAL_UART_RxCpltCallback  aml_mpusensor.o
    0x08006888   0x08006888   0x00000002   Code   RO         5366    i.HAL_UART_RxHalfCpltCallback  stm32h7xx_hal_uart.o
    0x0800688a   0x0800688a   0x000000b0   Code   RO         5367    i.HAL_UART_Transmit  stm32h7xx_hal_uart.o
    0x0800693a   0x0800693a   0x00000002   Code   RO         5370    i.HAL_UART_TxCpltCallback  stm32h7xx_hal_uart.o
    0x0800693c   0x0800693c   0x0000003c   Code   RO         1235    i.HCSR04_GetDis     hc_sr04.o
    0x08006978   0x08006978   0x0000000c   Code   RO         1236    i.HCSR04_Init       hc_sr04.o
    0x08006984   0x08006984   0x00000002   Code   RO          787    i.HardFault_Handler  stm32h7xx_it.o
    0x08006986   0x08006986   0x00000008   Code   RO         1368    i.LL_ADC_INJ_IsConversionOngoing  stm32h7xx_hal_adc.o
    0x0800698e   0x0800698e   0x00000008   Code   RO         1369    i.LL_ADC_REG_IsConversionOngoing  stm32h7xx_hal_adc.o
    0x08006996   0x08006996   0x00000008   Code   RO         1591    i.LL_ADC_REG_IsConversionOngoing  stm32h7xx_hal_adc_ex.o
    0x0800699e   0x0800699e   0x00000010   Code   RO         1370    i.LL_ADC_REG_IsTriggerSourceSWStart  stm32h7xx_hal_adc.o
    0x080069ae   0x080069ae   0x0000001e   Code   RO         1372    i.LL_ADC_SetChannelSamplingTime  stm32h7xx_hal_adc.o
    0x080069cc   0x080069cc   0x000000f4   Code   RO          665    i.MX_ADC1_Init      main.o
    0x08006ac0   0x08006ac0   0x00000138   Code   RO          666    i.MX_GPIO_Init      main.o
    0x08006bf8   0x08006bf8   0x00000054   Code   RO          667    i.MX_I2C2_Init      main.o
    0x08006c4c   0x08006c4c   0x00000118   Code   RO          668    i.MX_RAMECC_Init    main.o
    0x08006d64   0x08006d64   0x000000e8   Code   RO          669    i.MX_TIM1_Init      main.o
    0x08006e4c   0x08006e4c   0x00000064   Code   RO          670    i.MX_TIM2_Init      main.o
    0x08006eb0   0x08006eb0   0x000000a0   Code   RO          671    i.MX_TIM4_Init      main.o
    0x08006f50   0x08006f50   0x00000068   Code   RO          672    i.MX_TIM5_Init      main.o
    0x08006fb8   0x08006fb8   0x0000009c   Code   RO          673    i.MX_TIM8_Init      main.o
    0x08007054   0x08007054   0x00000064   Code   RO          674    i.MX_USART3_UART_Init  main.o
    0x080070b8   0x080070b8   0x00000002   Code   RO          788    i.MemManage_Handler  stm32h7xx_it.o
    0x080070ba   0x080070ba   0x00000002   Code   RO          789    i.NMI_Handler       stm32h7xx_it.o
    0x080070bc   0x080070bc   0x00000002   Code   RO          790    i.PendSV_Handler    stm32h7xx_it.o
    0x080070be   0x080070be   0x00000002   PAD
    0x080070c0   0x080070c0   0x00000120   Code   RO         1918    i.RCCEx_PLL2_Config  stm32h7xx_hal_rcc_ex.o
    0x080071e0   0x080071e0   0x00000120   Code   RO         1919    i.RCCEx_PLL3_Config  stm32h7xx_hal_rcc_ex.o
    0x08007300   0x08007300   0x00000012   Code   RO         1277    i.RingBuffer_Init   ringbuffer.o
    0x08007312   0x08007312   0x0000004e   Code   RO         1280    i.RingBuffer_Put    ringbuffer.o
    0x08007360   0x08007360   0x00000002   Code   RO          791    i.SVC_Handler       stm32h7xx_it.o
    0x08007362   0x08007362   0x00000004   Code   RO          792    i.SysTick_Handler   stm32h7xx_it.o
    0x08007366   0x08007366   0x00000002   PAD
    0x08007368   0x08007368   0x000000dc   Code   RO          676    i.SystemClock_Config  main.o
    0x08007444   0x08007444   0x000000dc   Code   RO         5868    i.SystemInit        system_stm32h7xx.o
    0x08007520   0x08007520   0x0000000c   Code   RO          793    i.TIM7_IRQHandler   stm32h7xx_it.o
    0x0800752c   0x0800752c   0x0000000c   Code   RO          794    i.TIM8_CC_IRQHandler  stm32h7xx_it.o
    0x08007538   0x08007538   0x000000d0   Code   RO         4417    i.TIM_Base_SetConfig  stm32h7xx_hal_tim.o
    0x08007608   0x08007608   0x0000001a   Code   RO         4418    i.TIM_CCxChannelCmd  stm32h7xx_hal_tim.o
    0x08007622   0x08007622   0x00000012   Code   RO         4428    i.TIM_ETR_SetConfig  stm32h7xx_hal_tim.o
    0x08007634   0x08007634   0x00000014   Code   RO         4429    i.TIM_ITRx_SetConfig  stm32h7xx_hal_tim.o
    0x08007648   0x08007648   0x000000a4   Code   RO         4430    i.TIM_OC1_SetConfig  stm32h7xx_hal_tim.o
    0x080076ec   0x080076ec   0x00000098   Code   RO         4431    i.TIM_OC2_SetConfig  stm32h7xx_hal_tim.o
    0x08007784   0x08007784   0x00000098   Code   RO         4432    i.TIM_OC3_SetConfig  stm32h7xx_hal_tim.o
    0x0800781c   0x0800781c   0x00000078   Code   RO         4433    i.TIM_OC4_SetConfig  stm32h7xx_hal_tim.o
    0x08007894   0x08007894   0x00000074   Code   RO         4434    i.TIM_OC5_SetConfig  stm32h7xx_hal_tim.o
    0x08007908   0x08007908   0x00000074   Code   RO         4435    i.TIM_OC6_SetConfig  stm32h7xx_hal_tim.o
    0x0800797c   0x0800797c   0x00000022   Code   RO         4437    i.TIM_TI1_ConfigInputStage  stm32h7xx_hal_tim.o
    0x0800799e   0x0800799e   0x00000002   PAD
    0x080079a0   0x080079a0   0x00000080   Code   RO         4438    i.TIM_TI1_SetConfig  stm32h7xx_hal_tim.o
    0x08007a20   0x08007a20   0x00000024   Code   RO         4439    i.TIM_TI2_ConfigInputStage  stm32h7xx_hal_tim.o
    0x08007a44   0x08007a44   0x00000036   Code   RO         4440    i.TIM_TI2_SetConfig  stm32h7xx_hal_tim.o
    0x08007a7a   0x08007a7a   0x00000002   PAD
    0x08007a7c   0x08007a7c   0x00000044   Code   RO         5763    i.UARTEx_SetNbDataToProcess  stm32h7xx_hal_uart_ex.o
    0x08007ac0   0x08007ac0   0x000000c8   Code   RO         5372    i.UART_AdvFeatureConfig  stm32h7xx_hal_uart.o
    0x08007b88   0x08007b88   0x000000aa   Code   RO         5373    i.UART_CheckIdleState  stm32h7xx_hal_uart.o
    0x08007c32   0x08007c32   0x00000014   Code   RO         5374    i.UART_DMAAbortOnError  stm32h7xx_hal_uart.o
    0x08007c46   0x08007c46   0x0000004e   Code   RO         5375    i.UART_DMAError     stm32h7xx_hal_uart.o
    0x08007c94   0x08007c94   0x00000082   Code   RO         5376    i.UART_DMAReceiveCplt  stm32h7xx_hal_uart.o
    0x08007d16   0x08007d16   0x00000020   Code   RO         5378    i.UART_DMARxHalfCplt  stm32h7xx_hal_uart.o
    0x08007d36   0x08007d36   0x00000002   PAD
    0x08007d38   0x08007d38   0x00000054   Code   RO         5384    i.UART_EndRxTransfer  stm32h7xx_hal_uart.o
    0x08007d8c   0x08007d8c   0x0000002e   Code   RO         5385    i.UART_EndTxTransfer  stm32h7xx_hal_uart.o
    0x08007dba   0x08007dba   0x00000002   PAD
    0x08007dbc   0x08007dbc   0x000003ac   Code   RO         5390    i.UART_SetConfig    stm32h7xx_hal_uart.o
    0x08008168   0x08008168   0x000000a8   Code   RO         5391    i.UART_Start_Receive_DMA  stm32h7xx_hal_uart.o
    0x08008210   0x08008210   0x00000094   Code   RO         5397    i.UART_WaitOnFlagUntilTimeout  stm32h7xx_hal_uart.o
    0x080082a4   0x080082a4   0x0000000c   Code   RO          795    i.USART3_IRQHandler  stm32h7xx_it.o
    0x080082b0   0x080082b0   0x00000002   Code   RO          796    i.UsageFault_Handler  stm32h7xx_it.o
    0x080082b2   0x080082b2   0x00000022   Code   RO         3160    i.__NVIC_SetPriority  stm32h7xx_hal_cortex.o
    0x080082d4   0x080082d4   0x00000018   Code   RO         1237    i.delay             hc_sr04.o
    0x080082ec   0x080082ec   0x0000003c   Code   RO          260    i.handle            aml_mpusensor.o
    0x08008328   0x08008328   0x0000015c   Code   RO          677    i.main              main.o
    0x08008484   0x08008484   0x0000000a   Code   RO         6178    x$fpl$fpinit        fz_wv.l(fpinit.o)
    0x0800848e   0x0800848e   0x00000008   Data   RO         2449    .constdata          stm32h7xx_hal_dma.o
    0x08008496   0x08008496   0x00000018   Data   RO         5398    .constdata          stm32h7xx_hal_uart.o
    0x080084ae   0x080084ae   0x00000010   Data   RO         5764    .constdata          stm32h7xx_hal_uart_ex.o
    0x080084be   0x080084be   0x00000010   Data   RO         5869    .constdata          system_stm32h7xx.o
    0x080084ce   0x080084ce   0x00000002   PAD
    0x080084d0   0x080084d0   0x00000020   Data   RO         6277    Region$$Table       anon$$obj.o


    Execution Region RW_IRAM1 (Exec base: 0x20000000, Load base: 0x080084f0, Size: 0x00000000, Max: 0x00020000, ABSOLUTE)

    **** No section assigned to this execution region ****


    Execution Region RW_IRAM2 (Exec base: 0x24000000, Load base: 0x080084f0, Size: 0x00001888, Max: 0x00080000, ABSOLUTE, COMPRESSED[0x00000084])

    Exec Addr    Load Addr    Size         Type   Attr      Idx    E Section Name        Object

    0x24000000   COMPRESSED   0x00000002   Data   RW           20    .data               aml_buzzer .o
    0x24000002   COMPRESSED   0x00000006   PAD
    0x24000008   COMPRESSED   0x00000020   Data   RW          262    .data               aml_mpusensor.o
    0x24000028   COMPRESSED   0x00000020   Data   RW          323    .data               aml_switch.o
    0x24000048   COMPRESSED   0x0000000a   Data   RW          397    .data               aml_leddebug.o
    0x24000052   COMPRESSED   0x0000000a   Data   RW          464    .data               sensor.o
    0x2400005c   COMPRESSED   0x00000004   PAD
    0x24000060   COMPRESSED   0x00000390   Data   RW          550    .data               aml_motorcontrol.o
    0x240003f0   COMPRESSED   0x00000010   Data   RW          681    .data               main.o
    0x24000400   COMPRESSED   0x00000010   Data   RW         1238    .data               hc_sr04.o
    0x24000410   COMPRESSED   0x0000000c   Data   RW         3340    .data               stm32h7xx_hal.o
    0x2400041c   COMPRESSED   0x00000008   Data   RW         5870    .data               system_stm32h7xx.o
    0x24000424        -       0x00000024   Zero   RW          261    .bss                aml_mpusensor.o
    0x24000448        -       0x00000804   Zero   RW          463    .bss                sensor.o
    0x24000c4c        -       0x00000564   Zero   RW          678    .bss                main.o
    0x240011b0        -       0x00000078   Zero   RW          679    .bss                main.o
    0x24001228        -       0x00000060   Zero   RW         6090    .bss                c_w.l(libspace.o)
    0x24001288        -       0x00000200   Zero   RW            2    HEAP                startup_stm32h743xx.o
    0x24001488        -       0x00000400   Zero   RW            1    STACK               startup_stm32h743xx.o


==============================================================================

Image component sizes


      Code (inc. data)   RO Data    RW Data    ZI Data      Debug   Object Name

       156         34          0          2          0    1339335   aml_buzzer .o
        56         18          0          0          0       1623   aml_encoder.o
       124         18          0         10          0       2026   aml_leddebug.o
       442         40          0        912          0       6641   aml_motorcontrol.o
       444        104          0         32         36       3920   aml_mpusensor.o
       274          0          0          0          0       1482   aml_pid.o
        32          4          0         32          0       2713   aml_switch.o
       276         40          0         16          0       3133   hc_sr04.o
      2344        162          0         16       1500      12368   main.o
        96          0          0          0          0       1667   ringbuffer.o
       100         28          0         10       2052       2498   sensor.o
        64         26        664          0       1536        876   startup_stm32h743xx.o
       232         44          0         12          0      23716   stm32h7xx_hal.o
      3088        210          0          0          0      75671   stm32h7xx_hal_adc.o
       314         22          0          0          0      66356   stm32h7xx_hal_adc_ex.o
       354         28          0          0          0      42185   stm32h7xx_hal_cortex.o
      5992        246          8          0          0      12897   stm32h7xx_hal_dma.o
       592         50          0          0          0       3780   stm32h7xx_hal_gpio.o
       192          6          0          0          0       3431   stm32h7xx_hal_i2c.o
       172          0          0          0          0       2187   stm32h7xx_hal_i2c_ex.o
      1156        126          0          0          0       6357   stm32h7xx_hal_msp.o
        84          6          0          0          0        821   stm32h7xx_hal_pwr_ex.o
        70          0          0          0          0       1254   stm32h7xx_hal_ramecc.o
      2466        102          0          0          0       7392   stm32h7xx_hal_rcc.o
      4776        174          0          0          0      10863   stm32h7xx_hal_rcc_ex.o
      4084        360          0          0          0      28168   stm32h7xx_hal_tim.o
       330         40          0          0          0       4348   stm32h7xx_hal_tim_ex.o
      3660        156         24          0          0      39144   stm32h7xx_hal_uart.o
       290          6         16          0          0       5782   stm32h7xx_hal_uart_ex.o
        80         30          0          0          0       6940   stm32h7xx_it.o
       220         40         16          8          0       1590   system_stm32h7xx.o

    ----------------------------------------------------------------------
     32596       2120        762       1060       5124    1721164   Object Totals
         0          0         32          0          0          0   (incl. Generated)
        36          0          2         10          0          0   (incl. Padding)

    ----------------------------------------------------------------------

      Code (inc. data)   RO Data    RW Data    ZI Data      Debug   Library Member Name

        90          0          0          0          0          0   __dczerorl2.o
         8          0          0          0          0         68   __main.o
         0          0          0          0          0          0   __rtentry.o
        12          0          0          0          0          0   __rtentry2.o
         6          0          0          0          0          0   __rtentry4.o
        52          8          0          0          0          0   __scatter.o
        28          0          0          0          0          0   __scatter_zi.o
        18          0          0          0          0         80   exit.o
         6          0          0          0          0        152   heapauxi.o
         0          0          0          0          0          0   indicate_semi.o
         2          0          0          0          0          0   libinit.o
         6          0          0          0          0          0   libinit2.o
         2          0          0          0          0          0   libshutdown.o
         2          0          0          0          0          0   libshutdown2.o
         8          4          0          0         96         68   libspace.o
       238          0          0          0          0        100   lludivv7m.o
        78          0          0          0          0         80   rt_memclr_w.o
         2          0          0          0          0          0   rtexit.o
        10          0          0          0          0          0   rtexit2.o
        12          4          0          0          0         68   sys_exit.o
        74          0          0          0          0         80   sys_stackheap_outer.o
         2          0          0          0          0         68   use_no_semi.o
        10          0          0          0          0        116   fpinit.o

    ----------------------------------------------------------------------
       674         16          0          0         96        880   Library Totals
         8          0          0          0          0          0   (incl. Padding)

    ----------------------------------------------------------------------

      Code (inc. data)   RO Data    RW Data    ZI Data      Debug   Library Name

       656         16          0          0         96        764   c_w.l
        10          0          0          0          0        116   fz_wv.l

    ----------------------------------------------------------------------
       674         16          0          0         96        880   Library Totals

    ----------------------------------------------------------------------

==============================================================================


      Code (inc. data)   RO Data    RW Data    ZI Data      Debug   

     33270       2136        762       1060       5220    1702884   Grand Totals
     33270       2136        762        132       5220    1702884   ELF Image Totals (compressed)
     33270       2136        762        132          0          0   ROM Totals

==============================================================================

    Total RO  Size (Code + RO Data)                34032 (  33.23kB)
    Total RW  Size (RW Data + ZI Data)              6280 (   6.13kB)
    Total ROM Size (Code + RO Data + RW Data)      34164 (  33.36kB)

==============================================================================

